<!doctype html public "-//w3c//dtd html 4.0 transitional//en">
<html><head>
<title>Static Call Graph - [.\STM3210E-EVAL\STM3210E-EVAL.axf]</title></head>
<body><HR>
<H1>Static Call Graph for image .\STM3210E-EVAL\STM3210E-EVAL.axf</H1><HR>
<BR><P>#&#060CALLGRAPH&#062# ARM Linker, 5040049: Last Updated: Thu Dec 18 11:18:38 2014
<BR><P>
<H3>Maximum Stack Usage =        268 bytes + Unknown(Cycles, Untraceable Function Pointers)</H3><H3>
Call chain for Maximum Stack Depth:</H3>
SetGraphChartVisible &rArr; GL_DrawObliqueLine &rArr; GL_DrawFilledRectangle &rArr; GL_DrawLine &rArr; LCD_DrawLine &rArr; LCD_SetCursor
<P>
<H3>
Mutually Recursive functions
</H3> <LI><a href="#[1c]">ADC1_2_IRQHandler</a>&nbsp;&nbsp;&nbsp;&rArr;&nbsp;&nbsp;&nbsp;<a href="#[1c]">ADC1_2_IRQHandler</a><BR>
 <LI><a href="#[4]">BusFault_Handler</a>&nbsp;&nbsp;&nbsp;&rArr;&nbsp;&nbsp;&nbsp;<a href="#[4]">BusFault_Handler</a><BR>
 <LI><a href="#[2]">HardFault_Handler</a>&nbsp;&nbsp;&nbsp;&rArr;&nbsp;&nbsp;&nbsp;<a href="#[2]">HardFault_Handler</a><BR>
 <LI><a href="#[3]">MemManage_Handler</a>&nbsp;&nbsp;&nbsp;&rArr;&nbsp;&nbsp;&nbsp;<a href="#[3]">MemManage_Handler</a><BR>
 <LI><a href="#[5]">UsageFault_Handler</a>&nbsp;&nbsp;&nbsp;&rArr;&nbsp;&nbsp;&nbsp;<a href="#[5]">UsageFault_Handler</a><BR>
 <LI><a href="#[a5]">AddPageControlObj</a>&nbsp;&nbsp;&nbsp;&rArr;&nbsp;&nbsp;&nbsp;<a href="#[a5]">AddPageControlObj</a><BR>
</UL>
<P>
<H3>
Function Pointers
</H3><UL>
 <LI><a href="#[1c]">ADC1_2_IRQHandler</a> from startup_stm32f10x_hd.o(.text) referenced from startup_stm32f10x_hd.o(RESET)
 <LI><a href="#[39]">ADC3_IRQHandler</a> from startup_stm32f10x_hd.o(.text) referenced from startup_stm32f10x_hd.o(RESET)
 <LI><a href="#[89]">AddComboOption</a> from graphicobject.o(i.AddComboOption) referenced from graphicobject.o(i.NewComboBoxGrp)
 <LI><a href="#[8a]">AddRadioOption</a> from graphicobject.o(i.AddRadioOption) referenced from graphicobject.o(i.NewRadioButtonGrp)
 <LI><a href="#[6e]">BackFunc</a> from menu.o(i.BackFunc) referenced from menu.o(i.LibPresentation_InitPage1)
 <LI><a href="#[71]">BackFunc1</a> from menu.o(i.BackFunc1) referenced from menu.o(i.LibPresentation_InitPage2)
 <LI><a href="#[74]">BackFunc2</a> from menu.o(i.BackFunc2) referenced from menu.o(i.LibPresentation_InitPage3)
 <LI><a href="#[79]">BackFunc3</a> from menu.o(i.BackFunc3) referenced from menu.o(i.LibPresentation_InitPage4)
 <LI><a href="#[7c]">BackFunc4</a> from menu.o(i.BackFunc4) referenced from menu.o(i.LibPresentation_InitPage5)
 <LI><a href="#[81]">BackFunc5</a> from menu.o(i.BackFunc5) referenced from menu.o(i.LibPresentation_InitPage6)
 <LI><a href="#[83]">BackFunc6</a> from menu.o(i.BackFunc6) referenced from menu.o(i.LibPresentation_InitPage7)
 <LI><a href="#[85]">BackFunc7</a> from menu.o(i.BackFunc7) referenced from menu.o(i.LibPresentation_InitPage8)
 <LI><a href="#[88]">BackFunc8</a> from menu.o(i.BackFunc8) referenced from menu.o(i.LibPresentation_InitPage9)
 <LI><a href="#[5e]">BackFuncD1</a> from menu.o(i.BackFuncD1) referenced from menu.o(i.Demo_InitPage2)
 <LI><a href="#[61]">BackFuncD2</a> from menu.o(i.BackFuncD2) referenced from menu.o(i.Demo_InitPage3)
 <LI><a href="#[64]">BackFuncD3</a> from menu.o(i.BackFuncD3) referenced from menu.o(i.Demo_InitPage4)
 <LI><a href="#[67]">BackFuncD4</a> from menu.o(i.BackFuncD4) referenced from menu.o(i.Demo_InitPage5)
 <LI><a href="#[6a]">BackFuncD5</a> from menu.o(i.BackFuncD5) referenced from menu.o(i.Demo_InitPage6)
 <LI><a href="#[4]">BusFault_Handler</a> from stm32f10x_it.o(i.BusFault_Handler) referenced from startup_stm32f10x_hd.o(RESET)
 <LI><a href="#[1f]">CAN1_RX1_IRQHandler</a> from startup_stm32f10x_hd.o(.text) referenced from startup_stm32f10x_hd.o(RESET)
 <LI><a href="#[20]">CAN1_SCE_IRQHandler</a> from startup_stm32f10x_hd.o(.text) referenced from startup_stm32f10x_hd.o(RESET)
 <LI><a href="#[60]">CheckboxDemoFunc</a> from menu.o(i.CheckboxDemoFunc) referenced from menu.o(i.Demo_InitPage3)
 <LI><a href="#[73]">CheckboxFunc</a> from menu.o(i.CheckboxFunc) referenced from menu.o(i.LibPresentation_InitPage3)
 <LI><a href="#[63]">ComboboxDemoFunc</a> from menu.o(i.ComboboxDemoFunc) referenced from menu.o(i.Demo_InitPage4)
 <LI><a href="#[7b]">ComboboxFunc</a> from menu.o(i.ComboboxFunc) referenced from menu.o(i.LibPresentation_InitPage5)
 <LI><a href="#[15]">DMA1_Channel1_IRQHandler</a> from startup_stm32f10x_hd.o(.text) referenced from startup_stm32f10x_hd.o(RESET)
 <LI><a href="#[16]">DMA1_Channel2_IRQHandler</a> from startup_stm32f10x_hd.o(.text) referenced from startup_stm32f10x_hd.o(RESET)
 <LI><a href="#[17]">DMA1_Channel3_IRQHandler</a> from startup_stm32f10x_hd.o(.text) referenced from startup_stm32f10x_hd.o(RESET)
 <LI><a href="#[18]">DMA1_Channel4_IRQHandler</a> from startup_stm32f10x_hd.o(.text) referenced from startup_stm32f10x_hd.o(RESET)
 <LI><a href="#[19]">DMA1_Channel5_IRQHandler</a> from startup_stm32f10x_hd.o(.text) referenced from startup_stm32f10x_hd.o(RESET)
 <LI><a href="#[1a]">DMA1_Channel6_IRQHandler</a> from startup_stm32f10x_hd.o(.text) referenced from startup_stm32f10x_hd.o(RESET)
 <LI><a href="#[1b]">DMA1_Channel7_IRQHandler</a> from startup_stm32f10x_hd.o(.text) referenced from startup_stm32f10x_hd.o(RESET)
 <LI><a href="#[42]">DMA2_Channel1_IRQHandler</a> from startup_stm32f10x_hd.o(.text) referenced from startup_stm32f10x_hd.o(RESET)
 <LI><a href="#[43]">DMA2_Channel2_IRQHandler</a> from startup_stm32f10x_hd.o(.text) referenced from startup_stm32f10x_hd.o(RESET)
 <LI><a href="#[44]">DMA2_Channel3_IRQHandler</a> from startup_stm32f10x_hd.o(.text) referenced from startup_stm32f10x_hd.o(RESET)
 <LI><a href="#[45]">DMA2_Channel4_5_IRQHandler</a> from startup_stm32f10x_hd.o(.text) referenced from startup_stm32f10x_hd.o(RESET)
 <LI><a href="#[7]">DebugMon_Handler</a> from stm32f10x_it.o(i.DebugMon_Handler) referenced from startup_stm32f10x_hd.o(RESET)
 <LI><a href="#[10]">EXTI0_IRQHandler</a> from startup_stm32f10x_hd.o(.text) referenced from startup_stm32f10x_hd.o(RESET)
 <LI><a href="#[32]">EXTI15_10_IRQHandler</a> from startup_stm32f10x_hd.o(.text) referenced from startup_stm32f10x_hd.o(RESET)
 <LI><a href="#[11]">EXTI1_IRQHandler</a> from startup_stm32f10x_hd.o(.text) referenced from startup_stm32f10x_hd.o(RESET)
 <LI><a href="#[12]">EXTI2_IRQHandler</a> from startup_stm32f10x_hd.o(.text) referenced from startup_stm32f10x_hd.o(RESET)
 <LI><a href="#[13]">EXTI3_IRQHandler</a> from startup_stm32f10x_hd.o(.text) referenced from startup_stm32f10x_hd.o(RESET)
 <LI><a href="#[14]">EXTI4_IRQHandler</a> from startup_stm32f10x_hd.o(.text) referenced from startup_stm32f10x_hd.o(RESET)
 <LI><a href="#[21]">EXTI9_5_IRQHandler</a> from startup_stm32f10x_hd.o(.text) referenced from startup_stm32f10x_hd.o(RESET)
 <LI><a href="#[70]">EnDisBtnFunc</a> from menu.o(i.EnDisBtnFunc) referenced from menu.o(i.LibPresentation_InitPage2)
 <LI><a href="#[e]">FLASH_IRQHandler</a> from startup_stm32f10x_hd.o(.text) referenced from startup_stm32f10x_hd.o(RESET)
 <LI><a href="#[3a]">FSMC_IRQHandler</a> from startup_stm32f10x_hd.o(.text) referenced from startup_stm32f10x_hd.o(RESET)
 <LI><a href="#[69]">FinishBtnFunc</a> from menu.o(i.FinishBtnFunc) referenced from menu.o(i.Demo_InitPage6)
 <LI><a href="#[6d]">GeneralBtnFunc</a> from menu.o(i.GeneralBtnFunc) referenced from menu.o(i.LibPresentation_InitPage1)
 <LI><a href="#[56]">GetObjCoordinates</a> from graphicobject.o(i.GetObjCoordinates) referenced from graphicobject.o(i.Create_PageObj)
 <LI><a href="#[55]">GetObjStatus</a> from graphicobject.o(i.GetObjStatus) referenced from graphicobject.o(i.Create_PageObj)
 <LI><a href="#[2]">HardFault_Handler</a> from stm32f10x_it.o(i.HardFault_Handler) referenced from startup_stm32f10x_hd.o(RESET)
 <LI><a href="#[59]">HomeFuncDemo</a> from menu.o(i.HomeFuncDemo) referenced from menu.o(i.Demo_InitPage0)
 <LI><a href="#[59]">HomeFuncDemo</a> from menu.o(i.HomeFuncDemo) referenced from menu.o(i.Demo_InitPage1)
 <LI><a href="#[59]">HomeFuncDemo</a> from menu.o(i.HomeFuncDemo) referenced from menu.o(i.Demo_InitPage2)
 <LI><a href="#[59]">HomeFuncDemo</a> from menu.o(i.HomeFuncDemo) referenced from menu.o(i.Demo_InitPage3)
 <LI><a href="#[59]">HomeFuncDemo</a> from menu.o(i.HomeFuncDemo) referenced from menu.o(i.Demo_InitPage4)
 <LI><a href="#[59]">HomeFuncDemo</a> from menu.o(i.HomeFuncDemo) referenced from menu.o(i.Demo_InitPage5)
 <LI><a href="#[59]">HomeFuncDemo</a> from menu.o(i.HomeFuncDemo) referenced from menu.o(i.Demo_InitPage7)
 <LI><a href="#[6b]">HomeFuncLibrary</a> from menu.o(i.HomeFuncLibrary) referenced from menu.o(i.LibPresentation_InitPage0)
 <LI><a href="#[6b]">HomeFuncLibrary</a> from menu.o(i.HomeFuncLibrary) referenced from menu.o(i.LibPresentation_InitPage1)
 <LI><a href="#[6b]">HomeFuncLibrary</a> from menu.o(i.HomeFuncLibrary) referenced from menu.o(i.LibPresentation_InitPage2)
 <LI><a href="#[6b]">HomeFuncLibrary</a> from menu.o(i.HomeFuncLibrary) referenced from menu.o(i.LibPresentation_InitPage3)
 <LI><a href="#[6b]">HomeFuncLibrary</a> from menu.o(i.HomeFuncLibrary) referenced from menu.o(i.LibPresentation_InitPage4)
 <LI><a href="#[6b]">HomeFuncLibrary</a> from menu.o(i.HomeFuncLibrary) referenced from menu.o(i.LibPresentation_InitPage5)
 <LI><a href="#[6b]">HomeFuncLibrary</a> from menu.o(i.HomeFuncLibrary) referenced from menu.o(i.LibPresentation_InitPage6)
 <LI><a href="#[6b]">HomeFuncLibrary</a> from menu.o(i.HomeFuncLibrary) referenced from menu.o(i.LibPresentation_InitPage7)
 <LI><a href="#[6b]">HomeFuncLibrary</a> from menu.o(i.HomeFuncLibrary) referenced from menu.o(i.LibPresentation_InitPage8)
 <LI><a href="#[6b]">HomeFuncLibrary</a> from menu.o(i.HomeFuncLibrary) referenced from menu.o(i.LibPresentation_InitPage9)
 <LI><a href="#[2a]">I2C1_ER_IRQHandler</a> from startup_stm32f10x_hd.o(.text) referenced from startup_stm32f10x_hd.o(RESET)
 <LI><a href="#[29]">I2C1_EV_IRQHandler</a> from startup_stm32f10x_hd.o(.text) referenced from startup_stm32f10x_hd.o(RESET)
 <LI><a href="#[2c]">I2C2_ER_IRQHandler</a> from startup_stm32f10x_hd.o(.text) referenced from startup_stm32f10x_hd.o(RESET)
 <LI><a href="#[2b]">I2C2_EV_IRQHandler</a> from startup_stm32f10x_hd.o(.text) referenced from startup_stm32f10x_hd.o(RESET)
 <LI><a href="#[87]">IconFunc</a> from menu.o(i.IconFunc) referenced from menu.o(i.LibPresentation_InitPage9)
 <LI><a href="#[8c]">MENU_Demo_Dummy</a> from menu.o(i.MENU_Demo_Dummy) referenced from menu.o(i.Show_HomeScreen)
 <LI><a href="#[8b]">MENU_LibPresentation_Dummy</a> from menu.o(i.MENU_LibPresentation_Dummy) referenced from menu.o(i.Show_HomeScreen)
 <LI><a href="#[3]">MemManage_Handler</a> from stm32f10x_it.o(i.MemManage_Handler) referenced from startup_stm32f10x_hd.o(RESET)
 <LI><a href="#[1]">NMI_Handler</a> from stm32f10x_it.o(i.NMI_Handler) referenced from startup_stm32f10x_hd.o(RESET)
 <LI><a href="#[6c]">NextFunc</a> from menu.o(i.NextFunc) referenced from menu.o(i.LibPresentation_InitPage0)
 <LI><a href="#[6f]">NextFunc1</a> from menu.o(i.NextFunc1) referenced from menu.o(i.LibPresentation_InitPage1)
 <LI><a href="#[72]">NextFunc2</a> from menu.o(i.NextFunc2) referenced from menu.o(i.LibPresentation_InitPage2)
 <LI><a href="#[75]">NextFunc3</a> from menu.o(i.NextFunc3) referenced from menu.o(i.LibPresentation_InitPage3)
 <LI><a href="#[7a]">NextFunc4</a> from menu.o(i.NextFunc4) referenced from menu.o(i.LibPresentation_InitPage4)
 <LI><a href="#[7d]">NextFunc5</a> from menu.o(i.NextFunc5) referenced from menu.o(i.LibPresentation_InitPage5)
 <LI><a href="#[82]">NextFunc6</a> from menu.o(i.NextFunc6) referenced from menu.o(i.LibPresentation_InitPage6)
 <LI><a href="#[84]">NextFunc7</a> from menu.o(i.NextFunc7) referenced from menu.o(i.LibPresentation_InitPage7)
 <LI><a href="#[86]">NextFunc8</a> from menu.o(i.NextFunc8) referenced from menu.o(i.LibPresentation_InitPage8)
 <LI><a href="#[5b]">NextFuncD1</a> from menu.o(i.NextFuncD1) referenced from menu.o(i.Demo_InitPage1)
 <LI><a href="#[5f]">NextFuncD2</a> from menu.o(i.NextFuncD2) referenced from menu.o(i.Demo_InitPage2)
 <LI><a href="#[62]">NextFuncD3</a> from menu.o(i.NextFuncD3) referenced from menu.o(i.Demo_InitPage3)
 <LI><a href="#[65]">NextFuncD4</a> from menu.o(i.NextFuncD4) referenced from menu.o(i.Demo_InitPage4)
 <LI><a href="#[68]">NextFuncD5</a> from menu.o(i.NextFuncD5) referenced from menu.o(i.Demo_InitPage5)
 <LI><a href="#[57]">NullFunc</a> from graphicobject.o(i.NullFunc) referenced from menu.o(i.Demo_InitPage0)
 <LI><a href="#[57]">NullFunc</a> from graphicobject.o(i.NullFunc) referenced from menu.o(i.Demo_InitPage1)
 <LI><a href="#[57]">NullFunc</a> from graphicobject.o(i.NullFunc) referenced from menu.o(i.Demo_InitPage2)
 <LI><a href="#[57]">NullFunc</a> from graphicobject.o(i.NullFunc) referenced from menu.o(i.Demo_InitPage3)
 <LI><a href="#[57]">NullFunc</a> from graphicobject.o(i.NullFunc) referenced from menu.o(i.Demo_InitPage4)
 <LI><a href="#[57]">NullFunc</a> from graphicobject.o(i.NullFunc) referenced from menu.o(i.Demo_InitPage5)
 <LI><a href="#[57]">NullFunc</a> from graphicobject.o(i.NullFunc) referenced from menu.o(i.Demo_InitPage6)
 <LI><a href="#[57]">NullFunc</a> from graphicobject.o(i.NullFunc) referenced from menu.o(i.Demo_InitPage7)
 <LI><a href="#[57]">NullFunc</a> from graphicobject.o(i.NullFunc) referenced from menu.o(i.LibPresentation_InitPage0)
 <LI><a href="#[57]">NullFunc</a> from graphicobject.o(i.NullFunc) referenced from menu.o(i.LibPresentation_InitPage1)
 <LI><a href="#[57]">NullFunc</a> from graphicobject.o(i.NullFunc) referenced from menu.o(i.LibPresentation_InitPage2)
 <LI><a href="#[57]">NullFunc</a> from graphicobject.o(i.NullFunc) referenced from menu.o(i.LibPresentation_InitPage3)
 <LI><a href="#[57]">NullFunc</a> from graphicobject.o(i.NullFunc) referenced from menu.o(i.LibPresentation_InitPage4)
 <LI><a href="#[57]">NullFunc</a> from graphicobject.o(i.NullFunc) referenced from menu.o(i.LibPresentation_InitPage5)
 <LI><a href="#[57]">NullFunc</a> from graphicobject.o(i.NullFunc) referenced from menu.o(i.LibPresentation_InitPage6)
 <LI><a href="#[57]">NullFunc</a> from graphicobject.o(i.NullFunc) referenced from menu.o(i.LibPresentation_InitPage9)
 <LI><a href="#[57]">NullFunc</a> from graphicobject.o(i.NullFunc) referenced from menu.o(i.Show_HomeScreen)
 <LI><a href="#[b]">PVD_IRQHandler</a> from startup_stm32f10x_hd.o(.text) referenced from startup_stm32f10x_hd.o(RESET)
 <LI><a href="#[8]">PendSV_Handler</a> from stm32f10x_it.o(i.PendSV_Handler) referenced from startup_stm32f10x_hd.o(RESET)
 <LI><a href="#[76]">RButtonFunc1</a> from menu.o(i.RButtonFunc1) referenced from menu.o(i.LibPresentation_InitPage4)
 <LI><a href="#[77]">RButtonFunc2</a> from menu.o(i.RButtonFunc2) referenced from menu.o(i.LibPresentation_InitPage4)
 <LI><a href="#[78]">RButtonFunc3</a> from menu.o(i.RButtonFunc3) referenced from menu.o(i.LibPresentation_InitPage4)
 <LI><a href="#[5c]">RButtonFuncD1</a> from menu.o(i.RButtonFuncD1) referenced from menu.o(i.Demo_InitPage2)
 <LI><a href="#[5d]">RButtonFuncD2</a> from menu.o(i.RButtonFuncD2) referenced from menu.o(i.Demo_InitPage2)
 <LI><a href="#[f]">RCC_IRQHandler</a> from startup_stm32f10x_hd.o(.text) referenced from startup_stm32f10x_hd.o(RESET)
 <LI><a href="#[33]">RTCAlarm_IRQHandler</a> from startup_stm32f10x_hd.o(.text) referenced from startup_stm32f10x_hd.o(RESET)
 <LI><a href="#[d]">RTC_IRQHandler</a> from startup_stm32f10x_hd.o(.text) referenced from startup_stm32f10x_hd.o(RESET)
 <LI><a href="#[0]">Reset_Handler</a> from startup_stm32f10x_hd.o(.text) referenced from startup_stm32f10x_hd.o(RESET)
 <LI><a href="#[3b]">SDIO_IRQHandler</a> from startup_stm32f10x_hd.o(.text) referenced from startup_stm32f10x_hd.o(RESET)
 <LI><a href="#[2d]">SPI1_IRQHandler</a> from startup_stm32f10x_hd.o(.text) referenced from startup_stm32f10x_hd.o(RESET)
 <LI><a href="#[2e]">SPI2_IRQHandler</a> from startup_stm32f10x_hd.o(.text) referenced from startup_stm32f10x_hd.o(RESET)
 <LI><a href="#[3d]">SPI3_IRQHandler</a> from startup_stm32f10x_hd.o(.text) referenced from startup_stm32f10x_hd.o(RESET)
 <LI><a href="#[6]">SVC_Handler</a> from stm32f10x_it.o(i.SVC_Handler) referenced from startup_stm32f10x_hd.o(RESET)
 <LI><a href="#[4c]">SetButtonVisible</a> from graphicobject.o(i.SetButtonVisible) referenced from graphicobject.o(i.AddPageControlObj)
 <LI><a href="#[4e]">SetCheckboxVisible</a> from graphicobject.o(i.SetCheckboxVisible) referenced from graphicobject.o(i.AddPageControlObj)
 <LI><a href="#[4a]">SetComboBoxVisible</a> from graphicobject.o(i.SetComboBoxVisible) referenced from graphicobject.o(i.AddPageControlObj)
 <LI><a href="#[52]">SetGraphChartVisible</a> from graphicobject.o(i.SetGraphChartVisible) referenced from graphicobject.o(i.AddPageControlObj)
 <LI><a href="#[51]">SetHistogramVisible</a> from graphicobject.o(i.SetHistogramVisible) referenced from graphicobject.o(i.AddPageControlObj)
 <LI><a href="#[4f]">SetIconVisible</a> from graphicobject.o(i.SetIconVisible) referenced from graphicobject.o(i.AddPageControlObj)
 <LI><a href="#[49]">SetLabelVisible</a> from graphicobject.o(i.SetLabelVisible) referenced from graphicobject.o(i.AddPageControlObj)
 <LI><a href="#[54]">SetPage</a> from graphicobject.o(i.SetPage) referenced from graphicobject.o(i.Create_PageObj)
 <LI><a href="#[4d]">SetRadioButtonVisible</a> from graphicobject.o(i.SetRadioButtonVisible) referenced from graphicobject.o(i.AddPageControlObj)
 <LI><a href="#[50]">SetSlidebarVisible</a> from graphicobject.o(i.SetSlidebarVisible) referenced from graphicobject.o(i.AddPageControlObj)
 <LI><a href="#[4b]">SetSwitchVisible</a> from graphicobject.o(i.SetSwitchVisible) referenced from graphicobject.o(i.AddPageControlObj)
 <LI><a href="#[53]">ShowPage</a> from graphicobject.o(i.ShowPage) referenced from graphicobject.o(i.Create_PageObj)
 <LI><a href="#[66]">SlidebarDemoFunc</a> from menu.o(i.SlidebarDemoFunc) referenced from menu.o(i.Demo_InitPage5)
 <LI><a href="#[7e]">SlidebarFunc</a> from menu.o(i.SlidebarFunc) referenced from menu.o(i.LibPresentation_InitPage6)
 <LI><a href="#[7f]">SlidebarLeftFunc</a> from menu.o(i.SlidebarLeftFunc) referenced from menu.o(i.LibPresentation_InitPage6)
 <LI><a href="#[80]">SlidebarRightFunc</a> from menu.o(i.SlidebarRightFunc) referenced from menu.o(i.LibPresentation_InitPage6)
 <LI><a href="#[58]">StartDemoFunc</a> from menu.o(i.StartDemoFunc) referenced from menu.o(i.Demo_InitPage0)
 <LI><a href="#[5a]">SwitchDemoBtnFunc</a> from menu.o(i.SwitchDemoBtnFunc) referenced from menu.o(i.Demo_InitPage1)
 <LI><a href="#[9]">SysTick_Handler</a> from stm32f10x_it.o(i.SysTick_Handler) referenced from startup_stm32f10x_hd.o(RESET)
 <LI><a href="#[47]">SystemInit</a> from system_stm32f10x.o(i.SystemInit) referenced from startup_stm32f10x_hd.o(.text)
 <LI><a href="#[c]">TAMPER_IRQHandler</a> from startup_stm32f10x_hd.o(.text) referenced from startup_stm32f10x_hd.o(RESET)
 <LI><a href="#[22]">TIM1_BRK_IRQHandler</a> from startup_stm32f10x_hd.o(.text) referenced from startup_stm32f10x_hd.o(RESET)
 <LI><a href="#[25]">TIM1_CC_IRQHandler</a> from startup_stm32f10x_hd.o(.text) referenced from startup_stm32f10x_hd.o(RESET)
 <LI><a href="#[24]">TIM1_TRG_COM_IRQHandler</a> from startup_stm32f10x_hd.o(.text) referenced from startup_stm32f10x_hd.o(RESET)
 <LI><a href="#[23]">TIM1_UP_IRQHandler</a> from startup_stm32f10x_hd.o(.text) referenced from startup_stm32f10x_hd.o(RESET)
 <LI><a href="#[26]">TIM2_IRQHandler</a> from startup_stm32f10x_hd.o(.text) referenced from startup_stm32f10x_hd.o(RESET)
 <LI><a href="#[27]">TIM3_IRQHandler</a> from startup_stm32f10x_hd.o(.text) referenced from startup_stm32f10x_hd.o(RESET)
 <LI><a href="#[28]">TIM4_IRQHandler</a> from startup_stm32f10x_hd.o(.text) referenced from startup_stm32f10x_hd.o(RESET)
 <LI><a href="#[3c]">TIM5_IRQHandler</a> from startup_stm32f10x_hd.o(.text) referenced from startup_stm32f10x_hd.o(RESET)
 <LI><a href="#[40]">TIM6_IRQHandler</a> from startup_stm32f10x_hd.o(.text) referenced from startup_stm32f10x_hd.o(RESET)
 <LI><a href="#[41]">TIM7_IRQHandler</a> from startup_stm32f10x_hd.o(.text) referenced from startup_stm32f10x_hd.o(RESET)
 <LI><a href="#[35]">TIM8_BRK_IRQHandler</a> from startup_stm32f10x_hd.o(.text) referenced from startup_stm32f10x_hd.o(RESET)
 <LI><a href="#[38]">TIM8_CC_IRQHandler</a> from startup_stm32f10x_hd.o(.text) referenced from startup_stm32f10x_hd.o(RESET)
 <LI><a href="#[37]">TIM8_TRG_COM_IRQHandler</a> from startup_stm32f10x_hd.o(.text) referenced from startup_stm32f10x_hd.o(RESET)
 <LI><a href="#[36]">TIM8_UP_IRQHandler</a> from startup_stm32f10x_hd.o(.text) referenced from startup_stm32f10x_hd.o(RESET)
 <LI><a href="#[3e]">UART4_IRQHandler</a> from startup_stm32f10x_hd.o(.text) referenced from startup_stm32f10x_hd.o(RESET)
 <LI><a href="#[3f]">UART5_IRQHandler</a> from startup_stm32f10x_hd.o(.text) referenced from startup_stm32f10x_hd.o(RESET)
 <LI><a href="#[2f]">USART1_IRQHandler</a> from startup_stm32f10x_hd.o(.text) referenced from startup_stm32f10x_hd.o(RESET)
 <LI><a href="#[30]">USART2_IRQHandler</a> from startup_stm32f10x_hd.o(.text) referenced from startup_stm32f10x_hd.o(RESET)
 <LI><a href="#[31]">USART3_IRQHandler</a> from startup_stm32f10x_hd.o(.text) referenced from startup_stm32f10x_hd.o(RESET)
 <LI><a href="#[34]">USBWakeUp_IRQHandler</a> from startup_stm32f10x_hd.o(.text) referenced from startup_stm32f10x_hd.o(RESET)
 <LI><a href="#[1d]">USB_HP_CAN1_TX_IRQHandler</a> from startup_stm32f10x_hd.o(.text) referenced from startup_stm32f10x_hd.o(RESET)
 <LI><a href="#[1e]">USB_LP_CAN1_RX0_IRQHandler</a> from startup_stm32f10x_hd.o(.text) referenced from startup_stm32f10x_hd.o(RESET)
 <LI><a href="#[5]">UsageFault_Handler</a> from stm32f10x_it.o(i.UsageFault_Handler) referenced from startup_stm32f10x_hd.o(RESET)
 <LI><a href="#[a]">WWDG_IRQHandler</a> from startup_stm32f10x_hd.o(.text) referenced from startup_stm32f10x_hd.o(RESET)
 <LI><a href="#[48]">__main</a> from entry.o(.ARM.Collect$$$$00000000) referenced from startup_stm32f10x_hd.o(.text)
 <LI><a href="#[8d]">_sputc</a> from printfa.o(i._sputc) referenced from printfa.o(i.__0sprintf)
 <LI><a href="#[46]">main</a> from main.o(i.main) referenced from entry9a.o(.ARM.Collect$$$$0000000B)
</UL>
<P>
<H3>
Global Symbols
</H3>
<P><STRONG><a name="[48]"></a>__main</STRONG> (Thumb, 0 bytes, Stack size unknown bytes, entry.o(.ARM.Collect$$$$00000000))
<BR>[Address Reference Count : 1]<UL><LI> startup_stm32f10x_hd.o(.text)
</UL>
<P><STRONG><a name="[12f]"></a>_main_stk</STRONG> (Thumb, 0 bytes, Stack size unknown bytes, entry2.o(.ARM.Collect$$$$00000001))

<P><STRONG><a name="[8e]"></a>_main_scatterload</STRONG> (Thumb, 0 bytes, Stack size unknown bytes, entry5.o(.ARM.Collect$$$$00000004))
<BR><BR>[Calls]<UL><LI><a href="#[8f]">&gt;&gt;</a>&nbsp;&nbsp;&nbsp;__scatterload
</UL>

<P><STRONG><a name="[a2]"></a>__main_after_scatterload</STRONG> (Thumb, 0 bytes, Stack size unknown bytes, entry5.o(.ARM.Collect$$$$00000004))
<BR><BR>[Called By]<UL><LI><a href="#[8f]">&gt;&gt;</a>&nbsp;&nbsp;&nbsp;__scatterload
</UL>

<P><STRONG><a name="[130]"></a>_main_clock</STRONG> (Thumb, 0 bytes, Stack size unknown bytes, entry7b.o(.ARM.Collect$$$$00000008))

<P><STRONG><a name="[131]"></a>_main_cpp_init</STRONG> (Thumb, 0 bytes, Stack size unknown bytes, entry8b.o(.ARM.Collect$$$$0000000A))

<P><STRONG><a name="[132]"></a>_main_init</STRONG> (Thumb, 0 bytes, Stack size unknown bytes, entry9a.o(.ARM.Collect$$$$0000000B))

<P><STRONG><a name="[133]"></a>__rt_final_cpp</STRONG> (Thumb, 0 bytes, Stack size unknown bytes, entry10a.o(.ARM.Collect$$$$0000000D))

<P><STRONG><a name="[134]"></a>__rt_final_exit</STRONG> (Thumb, 0 bytes, Stack size unknown bytes, entry11a.o(.ARM.Collect$$$$0000000F))

<P><STRONG><a name="[0]"></a>Reset_Handler</STRONG> (Thumb, 8 bytes, Stack size 0 bytes, startup_stm32f10x_hd.o(.text))
<BR>[Address Reference Count : 1]<UL><LI> startup_stm32f10x_hd.o(RESET)
</UL>
<P><STRONG><a name="[1c]"></a>ADC1_2_IRQHandler</STRONG> (Thumb, 0 bytes, Stack size 0 bytes, startup_stm32f10x_hd.o(.text))
<BR><BR>[Calls]<UL><LI><a href="#[1c]">&gt;&gt;</a>&nbsp;&nbsp;&nbsp;ADC1_2_IRQHandler
</UL>
<BR>[Called By]<UL><LI><a href="#[1c]">&gt;&gt;</a>&nbsp;&nbsp;&nbsp;ADC1_2_IRQHandler
</UL>
<BR>[Address Reference Count : 1]<UL><LI> startup_stm32f10x_hd.o(RESET)
</UL>
<P><STRONG><a name="[39]"></a>ADC3_IRQHandler</STRONG> (Thumb, 0 bytes, Stack size 0 bytes, startup_stm32f10x_hd.o(.text))
<BR>[Address Reference Count : 1]<UL><LI> startup_stm32f10x_hd.o(RESET)
</UL>
<P><STRONG><a name="[1f]"></a>CAN1_RX1_IRQHandler</STRONG> (Thumb, 0 bytes, Stack size 0 bytes, startup_stm32f10x_hd.o(.text))
<BR>[Address Reference Count : 1]<UL><LI> startup_stm32f10x_hd.o(RESET)
</UL>
<P><STRONG><a name="[20]"></a>CAN1_SCE_IRQHandler</STRONG> (Thumb, 0 bytes, Stack size 0 bytes, startup_stm32f10x_hd.o(.text))
<BR>[Address Reference Count : 1]<UL><LI> startup_stm32f10x_hd.o(RESET)
</UL>
<P><STRONG><a name="[15]"></a>DMA1_Channel1_IRQHandler</STRONG> (Thumb, 0 bytes, Stack size 0 bytes, startup_stm32f10x_hd.o(.text))
<BR>[Address Reference Count : 1]<UL><LI> startup_stm32f10x_hd.o(RESET)
</UL>
<P><STRONG><a name="[16]"></a>DMA1_Channel2_IRQHandler</STRONG> (Thumb, 0 bytes, Stack size 0 bytes, startup_stm32f10x_hd.o(.text))
<BR>[Address Reference Count : 1]<UL><LI> startup_stm32f10x_hd.o(RESET)
</UL>
<P><STRONG><a name="[17]"></a>DMA1_Channel3_IRQHandler</STRONG> (Thumb, 0 bytes, Stack size 0 bytes, startup_stm32f10x_hd.o(.text))
<BR>[Address Reference Count : 1]<UL><LI> startup_stm32f10x_hd.o(RESET)
</UL>
<P><STRONG><a name="[18]"></a>DMA1_Channel4_IRQHandler</STRONG> (Thumb, 0 bytes, Stack size 0 bytes, startup_stm32f10x_hd.o(.text))
<BR>[Address Reference Count : 1]<UL><LI> startup_stm32f10x_hd.o(RESET)
</UL>
<P><STRONG><a name="[19]"></a>DMA1_Channel5_IRQHandler</STRONG> (Thumb, 0 bytes, Stack size 0 bytes, startup_stm32f10x_hd.o(.text))
<BR>[Address Reference Count : 1]<UL><LI> startup_stm32f10x_hd.o(RESET)
</UL>
<P><STRONG><a name="[1a]"></a>DMA1_Channel6_IRQHandler</STRONG> (Thumb, 0 bytes, Stack size 0 bytes, startup_stm32f10x_hd.o(.text))
<BR>[Address Reference Count : 1]<UL><LI> startup_stm32f10x_hd.o(RESET)
</UL>
<P><STRONG><a name="[1b]"></a>DMA1_Channel7_IRQHandler</STRONG> (Thumb, 0 bytes, Stack size 0 bytes, startup_stm32f10x_hd.o(.text))
<BR>[Address Reference Count : 1]<UL><LI> startup_stm32f10x_hd.o(RESET)
</UL>
<P><STRONG><a name="[42]"></a>DMA2_Channel1_IRQHandler</STRONG> (Thumb, 0 bytes, Stack size 0 bytes, startup_stm32f10x_hd.o(.text))
<BR>[Address Reference Count : 1]<UL><LI> startup_stm32f10x_hd.o(RESET)
</UL>
<P><STRONG><a name="[43]"></a>DMA2_Channel2_IRQHandler</STRONG> (Thumb, 0 bytes, Stack size 0 bytes, startup_stm32f10x_hd.o(.text))
<BR>[Address Reference Count : 1]<UL><LI> startup_stm32f10x_hd.o(RESET)
</UL>
<P><STRONG><a name="[44]"></a>DMA2_Channel3_IRQHandler</STRONG> (Thumb, 0 bytes, Stack size 0 bytes, startup_stm32f10x_hd.o(.text))
<BR>[Address Reference Count : 1]<UL><LI> startup_stm32f10x_hd.o(RESET)
</UL>
<P><STRONG><a name="[45]"></a>DMA2_Channel4_5_IRQHandler</STRONG> (Thumb, 0 bytes, Stack size 0 bytes, startup_stm32f10x_hd.o(.text))
<BR>[Address Reference Count : 1]<UL><LI> startup_stm32f10x_hd.o(RESET)
</UL>
<P><STRONG><a name="[10]"></a>EXTI0_IRQHandler</STRONG> (Thumb, 0 bytes, Stack size 0 bytes, startup_stm32f10x_hd.o(.text))
<BR>[Address Reference Count : 1]<UL><LI> startup_stm32f10x_hd.o(RESET)
</UL>
<P><STRONG><a name="[32]"></a>EXTI15_10_IRQHandler</STRONG> (Thumb, 0 bytes, Stack size 0 bytes, startup_stm32f10x_hd.o(.text))
<BR>[Address Reference Count : 1]<UL><LI> startup_stm32f10x_hd.o(RESET)
</UL>
<P><STRONG><a name="[11]"></a>EXTI1_IRQHandler</STRONG> (Thumb, 0 bytes, Stack size 0 bytes, startup_stm32f10x_hd.o(.text))
<BR>[Address Reference Count : 1]<UL><LI> startup_stm32f10x_hd.o(RESET)
</UL>
<P><STRONG><a name="[12]"></a>EXTI2_IRQHandler</STRONG> (Thumb, 0 bytes, Stack size 0 bytes, startup_stm32f10x_hd.o(.text))
<BR>[Address Reference Count : 1]<UL><LI> startup_stm32f10x_hd.o(RESET)
</UL>
<P><STRONG><a name="[13]"></a>EXTI3_IRQHandler</STRONG> (Thumb, 0 bytes, Stack size 0 bytes, startup_stm32f10x_hd.o(.text))
<BR>[Address Reference Count : 1]<UL><LI> startup_stm32f10x_hd.o(RESET)
</UL>
<P><STRONG><a name="[14]"></a>EXTI4_IRQHandler</STRONG> (Thumb, 0 bytes, Stack size 0 bytes, startup_stm32f10x_hd.o(.text))
<BR>[Address Reference Count : 1]<UL><LI> startup_stm32f10x_hd.o(RESET)
</UL>
<P><STRONG><a name="[21]"></a>EXTI9_5_IRQHandler</STRONG> (Thumb, 0 bytes, Stack size 0 bytes, startup_stm32f10x_hd.o(.text))
<BR>[Address Reference Count : 1]<UL><LI> startup_stm32f10x_hd.o(RESET)
</UL>
<P><STRONG><a name="[e]"></a>FLASH_IRQHandler</STRONG> (Thumb, 0 bytes, Stack size 0 bytes, startup_stm32f10x_hd.o(.text))
<BR>[Address Reference Count : 1]<UL><LI> startup_stm32f10x_hd.o(RESET)
</UL>
<P><STRONG><a name="[3a]"></a>FSMC_IRQHandler</STRONG> (Thumb, 0 bytes, Stack size 0 bytes, startup_stm32f10x_hd.o(.text))
<BR>[Address Reference Count : 1]<UL><LI> startup_stm32f10x_hd.o(RESET)
</UL>
<P><STRONG><a name="[2a]"></a>I2C1_ER_IRQHandler</STRONG> (Thumb, 0 bytes, Stack size 0 bytes, startup_stm32f10x_hd.o(.text))
<BR>[Address Reference Count : 1]<UL><LI> startup_stm32f10x_hd.o(RESET)
</UL>
<P><STRONG><a name="[29]"></a>I2C1_EV_IRQHandler</STRONG> (Thumb, 0 bytes, Stack size 0 bytes, startup_stm32f10x_hd.o(.text))
<BR>[Address Reference Count : 1]<UL><LI> startup_stm32f10x_hd.o(RESET)
</UL>
<P><STRONG><a name="[2c]"></a>I2C2_ER_IRQHandler</STRONG> (Thumb, 0 bytes, Stack size 0 bytes, startup_stm32f10x_hd.o(.text))
<BR>[Address Reference Count : 1]<UL><LI> startup_stm32f10x_hd.o(RESET)
</UL>
<P><STRONG><a name="[2b]"></a>I2C2_EV_IRQHandler</STRONG> (Thumb, 0 bytes, Stack size 0 bytes, startup_stm32f10x_hd.o(.text))
<BR>[Address Reference Count : 1]<UL><LI> startup_stm32f10x_hd.o(RESET)
</UL>
<P><STRONG><a name="[b]"></a>PVD_IRQHandler</STRONG> (Thumb, 0 bytes, Stack size 0 bytes, startup_stm32f10x_hd.o(.text))
<BR>[Address Reference Count : 1]<UL><LI> startup_stm32f10x_hd.o(RESET)
</UL>
<P><STRONG><a name="[f]"></a>RCC_IRQHandler</STRONG> (Thumb, 0 bytes, Stack size 0 bytes, startup_stm32f10x_hd.o(.text))
<BR>[Address Reference Count : 1]<UL><LI> startup_stm32f10x_hd.o(RESET)
</UL>
<P><STRONG><a name="[33]"></a>RTCAlarm_IRQHandler</STRONG> (Thumb, 0 bytes, Stack size 0 bytes, startup_stm32f10x_hd.o(.text))
<BR>[Address Reference Count : 1]<UL><LI> startup_stm32f10x_hd.o(RESET)
</UL>
<P><STRONG><a name="[d]"></a>RTC_IRQHandler</STRONG> (Thumb, 0 bytes, Stack size 0 bytes, startup_stm32f10x_hd.o(.text))
<BR>[Address Reference Count : 1]<UL><LI> startup_stm32f10x_hd.o(RESET)
</UL>
<P><STRONG><a name="[3b]"></a>SDIO_IRQHandler</STRONG> (Thumb, 0 bytes, Stack size 0 bytes, startup_stm32f10x_hd.o(.text))
<BR>[Address Reference Count : 1]<UL><LI> startup_stm32f10x_hd.o(RESET)
</UL>
<P><STRONG><a name="[2d]"></a>SPI1_IRQHandler</STRONG> (Thumb, 0 bytes, Stack size 0 bytes, startup_stm32f10x_hd.o(.text))
<BR>[Address Reference Count : 1]<UL><LI> startup_stm32f10x_hd.o(RESET)
</UL>
<P><STRONG><a name="[2e]"></a>SPI2_IRQHandler</STRONG> (Thumb, 0 bytes, Stack size 0 bytes, startup_stm32f10x_hd.o(.text))
<BR>[Address Reference Count : 1]<UL><LI> startup_stm32f10x_hd.o(RESET)
</UL>
<P><STRONG><a name="[3d]"></a>SPI3_IRQHandler</STRONG> (Thumb, 0 bytes, Stack size 0 bytes, startup_stm32f10x_hd.o(.text))
<BR>[Address Reference Count : 1]<UL><LI> startup_stm32f10x_hd.o(RESET)
</UL>
<P><STRONG><a name="[c]"></a>TAMPER_IRQHandler</STRONG> (Thumb, 0 bytes, Stack size 0 bytes, startup_stm32f10x_hd.o(.text))
<BR>[Address Reference Count : 1]<UL><LI> startup_stm32f10x_hd.o(RESET)
</UL>
<P><STRONG><a name="[22]"></a>TIM1_BRK_IRQHandler</STRONG> (Thumb, 0 bytes, Stack size 0 bytes, startup_stm32f10x_hd.o(.text))
<BR>[Address Reference Count : 1]<UL><LI> startup_stm32f10x_hd.o(RESET)
</UL>
<P><STRONG><a name="[25]"></a>TIM1_CC_IRQHandler</STRONG> (Thumb, 0 bytes, Stack size 0 bytes, startup_stm32f10x_hd.o(.text))
<BR>[Address Reference Count : 1]<UL><LI> startup_stm32f10x_hd.o(RESET)
</UL>
<P><STRONG><a name="[24]"></a>TIM1_TRG_COM_IRQHandler</STRONG> (Thumb, 0 bytes, Stack size 0 bytes, startup_stm32f10x_hd.o(.text))
<BR>[Address Reference Count : 1]<UL><LI> startup_stm32f10x_hd.o(RESET)
</UL>
<P><STRONG><a name="[23]"></a>TIM1_UP_IRQHandler</STRONG> (Thumb, 0 bytes, Stack size 0 bytes, startup_stm32f10x_hd.o(.text))
<BR>[Address Reference Count : 1]<UL><LI> startup_stm32f10x_hd.o(RESET)
</UL>
<P><STRONG><a name="[26]"></a>TIM2_IRQHandler</STRONG> (Thumb, 0 bytes, Stack size 0 bytes, startup_stm32f10x_hd.o(.text))
<BR>[Address Reference Count : 1]<UL><LI> startup_stm32f10x_hd.o(RESET)
</UL>
<P><STRONG><a name="[27]"></a>TIM3_IRQHandler</STRONG> (Thumb, 0 bytes, Stack size 0 bytes, startup_stm32f10x_hd.o(.text))
<BR>[Address Reference Count : 1]<UL><LI> startup_stm32f10x_hd.o(RESET)
</UL>
<P><STRONG><a name="[28]"></a>TIM4_IRQHandler</STRONG> (Thumb, 0 bytes, Stack size 0 bytes, startup_stm32f10x_hd.o(.text))
<BR>[Address Reference Count : 1]<UL><LI> startup_stm32f10x_hd.o(RESET)
</UL>
<P><STRONG><a name="[3c]"></a>TIM5_IRQHandler</STRONG> (Thumb, 0 bytes, Stack size 0 bytes, startup_stm32f10x_hd.o(.text))
<BR>[Address Reference Count : 1]<UL><LI> startup_stm32f10x_hd.o(RESET)
</UL>
<P><STRONG><a name="[40]"></a>TIM6_IRQHandler</STRONG> (Thumb, 0 bytes, Stack size 0 bytes, startup_stm32f10x_hd.o(.text))
<BR>[Address Reference Count : 1]<UL><LI> startup_stm32f10x_hd.o(RESET)
</UL>
<P><STRONG><a name="[41]"></a>TIM7_IRQHandler</STRONG> (Thumb, 0 bytes, Stack size 0 bytes, startup_stm32f10x_hd.o(.text))
<BR>[Address Reference Count : 1]<UL><LI> startup_stm32f10x_hd.o(RESET)
</UL>
<P><STRONG><a name="[35]"></a>TIM8_BRK_IRQHandler</STRONG> (Thumb, 0 bytes, Stack size 0 bytes, startup_stm32f10x_hd.o(.text))
<BR>[Address Reference Count : 1]<UL><LI> startup_stm32f10x_hd.o(RESET)
</UL>
<P><STRONG><a name="[38]"></a>TIM8_CC_IRQHandler</STRONG> (Thumb, 0 bytes, Stack size 0 bytes, startup_stm32f10x_hd.o(.text))
<BR>[Address Reference Count : 1]<UL><LI> startup_stm32f10x_hd.o(RESET)
</UL>
<P><STRONG><a name="[37]"></a>TIM8_TRG_COM_IRQHandler</STRONG> (Thumb, 0 bytes, Stack size 0 bytes, startup_stm32f10x_hd.o(.text))
<BR>[Address Reference Count : 1]<UL><LI> startup_stm32f10x_hd.o(RESET)
</UL>
<P><STRONG><a name="[36]"></a>TIM8_UP_IRQHandler</STRONG> (Thumb, 0 bytes, Stack size 0 bytes, startup_stm32f10x_hd.o(.text))
<BR>[Address Reference Count : 1]<UL><LI> startup_stm32f10x_hd.o(RESET)
</UL>
<P><STRONG><a name="[3e]"></a>UART4_IRQHandler</STRONG> (Thumb, 0 bytes, Stack size 0 bytes, startup_stm32f10x_hd.o(.text))
<BR>[Address Reference Count : 1]<UL><LI> startup_stm32f10x_hd.o(RESET)
</UL>
<P><STRONG><a name="[3f]"></a>UART5_IRQHandler</STRONG> (Thumb, 0 bytes, Stack size 0 bytes, startup_stm32f10x_hd.o(.text))
<BR>[Address Reference Count : 1]<UL><LI> startup_stm32f10x_hd.o(RESET)
</UL>
<P><STRONG><a name="[2f]"></a>USART1_IRQHandler</STRONG> (Thumb, 0 bytes, Stack size 0 bytes, startup_stm32f10x_hd.o(.text))
<BR>[Address Reference Count : 1]<UL><LI> startup_stm32f10x_hd.o(RESET)
</UL>
<P><STRONG><a name="[30]"></a>USART2_IRQHandler</STRONG> (Thumb, 0 bytes, Stack size 0 bytes, startup_stm32f10x_hd.o(.text))
<BR>[Address Reference Count : 1]<UL><LI> startup_stm32f10x_hd.o(RESET)
</UL>
<P><STRONG><a name="[31]"></a>USART3_IRQHandler</STRONG> (Thumb, 0 bytes, Stack size 0 bytes, startup_stm32f10x_hd.o(.text))
<BR>[Address Reference Count : 1]<UL><LI> startup_stm32f10x_hd.o(RESET)
</UL>
<P><STRONG><a name="[34]"></a>USBWakeUp_IRQHandler</STRONG> (Thumb, 0 bytes, Stack size 0 bytes, startup_stm32f10x_hd.o(.text))
<BR>[Address Reference Count : 1]<UL><LI> startup_stm32f10x_hd.o(RESET)
</UL>
<P><STRONG><a name="[1d]"></a>USB_HP_CAN1_TX_IRQHandler</STRONG> (Thumb, 0 bytes, Stack size 0 bytes, startup_stm32f10x_hd.o(.text))
<BR>[Address Reference Count : 1]<UL><LI> startup_stm32f10x_hd.o(RESET)
</UL>
<P><STRONG><a name="[1e]"></a>USB_LP_CAN1_RX0_IRQHandler</STRONG> (Thumb, 0 bytes, Stack size 0 bytes, startup_stm32f10x_hd.o(.text))
<BR>[Address Reference Count : 1]<UL><LI> startup_stm32f10x_hd.o(RESET)
</UL>
<P><STRONG><a name="[a]"></a>WWDG_IRQHandler</STRONG> (Thumb, 0 bytes, Stack size 0 bytes, startup_stm32f10x_hd.o(.text))
<BR>[Address Reference Count : 1]<UL><LI> startup_stm32f10x_hd.o(RESET)
</UL>
<P><STRONG><a name="[113]"></a>__aeabi_memcpy</STRONG> (Thumb, 36 bytes, Stack size 0 bytes, memcpya.o(.text))
<BR><BR>[Called By]<UL><LI><a href="#[10e]">&gt;&gt;</a>&nbsp;&nbsp;&nbsp;NewHistogram
<LI><a href="#[110]">&gt;&gt;</a>&nbsp;&nbsp;&nbsp;NewGraphChart
</UL>

<P><STRONG><a name="[10d]"></a>__aeabi_memcpy4</STRONG> (Thumb, 0 bytes, Stack size 0 bytes, memcpya.o(.text))
<BR><BR>[Called By]<UL><LI><a href="#[10f]">&gt;&gt;</a>&nbsp;&nbsp;&nbsp;LibPresentation_InitPage8
<LI><a href="#[10c]">&gt;&gt;</a>&nbsp;&nbsp;&nbsp;LibPresentation_InitPage7
</UL>

<P><STRONG><a name="[135]"></a>__aeabi_memcpy8</STRONG> (Thumb, 0 bytes, Stack size 0 bytes, memcpya.o(.text), UNUSED)

<P><STRONG><a name="[91]"></a>__aeabi_memset</STRONG> (Thumb, 14 bytes, Stack size 0 bytes, memseta.o(.text))
<BR><BR>[Called By]<UL><LI><a href="#[92]">&gt;&gt;</a>&nbsp;&nbsp;&nbsp;_memset$wrapper
<LI><a href="#[90]">&gt;&gt;</a>&nbsp;&nbsp;&nbsp;__aeabi_memclr
</UL>

<P><STRONG><a name="[136]"></a>__aeabi_memset4</STRONG> (Thumb, 0 bytes, Stack size 0 bytes, memseta.o(.text), UNUSED)

<P><STRONG><a name="[137]"></a>__aeabi_memset8</STRONG> (Thumb, 0 bytes, Stack size 0 bytes, memseta.o(.text), UNUSED)

<P><STRONG><a name="[90]"></a>__aeabi_memclr</STRONG> (Thumb, 4 bytes, Stack size 0 bytes, memseta.o(.text))
<BR><BR>[Calls]<UL><LI><a href="#[91]">&gt;&gt;</a>&nbsp;&nbsp;&nbsp;__aeabi_memset
</UL>
<BR>[Called By]<UL><LI><a href="#[cc]">&gt;&gt;</a>&nbsp;&nbsp;&nbsp;DestroyPageControl
</UL>

<P><STRONG><a name="[b2]"></a>__aeabi_memclr4</STRONG> (Thumb, 0 bytes, Stack size 0 bytes, memseta.o(.text))
<BR><BR>[Called By]<UL><LI><a href="#[b1]">&gt;&gt;</a>&nbsp;&nbsp;&nbsp;Create_PageObj
</UL>

<P><STRONG><a name="[138]"></a>__aeabi_memclr8</STRONG> (Thumb, 0 bytes, Stack size 0 bytes, memseta.o(.text), UNUSED)

<P><STRONG><a name="[92]"></a>_memset$wrapper</STRONG> (Thumb, 18 bytes, Stack size 8 bytes, memseta.o(.text), UNUSED)
<BR><BR>[Calls]<UL><LI><a href="#[91]">&gt;&gt;</a>&nbsp;&nbsp;&nbsp;__aeabi_memset
</UL>

<P><STRONG><a name="[120]"></a>strcat</STRONG> (Thumb, 24 bytes, Stack size 0 bytes, strcat.o(.text))
<BR><BR>[Called By]<UL><LI><a href="#[121]">&gt;&gt;</a>&nbsp;&nbsp;&nbsp;SlidebarLeftRightFunc
<LI><a href="#[7e]">&gt;&gt;</a>&nbsp;&nbsp;&nbsp;SlidebarFunc
<LI><a href="#[66]">&gt;&gt;</a>&nbsp;&nbsp;&nbsp;SlidebarDemoFunc
</UL>

<P><STRONG><a name="[ef]"></a>strncpy</STRONG> (Thumb, 24 bytes, Stack size 8 bytes, strncpy.o(.text))
<BR><BR>[Stack]<UL><LI>Max Depth = 8<LI>Call Chain = strncpy
</UL>
<BR>[Called By]<UL><LI><a href="#[a4]">&gt;&gt;</a>&nbsp;&nbsp;&nbsp;GL_SetStringFieldValue
</UL>

<P><STRONG><a name="[ee]"></a>strlen</STRONG> (Thumb, 14 bytes, Stack size 0 bytes, strlen.o(.text))
<BR><BR>[Called By]<UL><LI><a href="#[4b]">&gt;&gt;</a>&nbsp;&nbsp;&nbsp;SetSwitchVisible
<LI><a href="#[50]">&gt;&gt;</a>&nbsp;&nbsp;&nbsp;SetSlidebarVisible
<LI><a href="#[4d]">&gt;&gt;</a>&nbsp;&nbsp;&nbsp;SetRadioButtonVisible
<LI><a href="#[49]">&gt;&gt;</a>&nbsp;&nbsp;&nbsp;SetLabelVisible
<LI><a href="#[4e]">&gt;&gt;</a>&nbsp;&nbsp;&nbsp;SetCheckboxVisible
<LI><a href="#[4c]">&gt;&gt;</a>&nbsp;&nbsp;&nbsp;SetButtonVisible
<LI><a href="#[f1]">&gt;&gt;</a>&nbsp;&nbsp;&nbsp;GetObjSize
<LI><a href="#[a4]">&gt;&gt;</a>&nbsp;&nbsp;&nbsp;GL_SetStringFieldValue
</UL>

<P><STRONG><a name="[93]"></a>__aeabi_dadd</STRONG> (Thumb, 322 bytes, Stack size 48 bytes, dadd.o(.text))
<BR><BR>[Stack]<UL><LI>Max Depth = 88<LI>Call Chain = __aeabi_dadd &rArr; _double_epilogue &rArr; _double_round
</UL>
<BR>[Calls]<UL><LI><a href="#[95]">&gt;&gt;</a>&nbsp;&nbsp;&nbsp;__aeabi_lasr
<LI><a href="#[94]">&gt;&gt;</a>&nbsp;&nbsp;&nbsp;__aeabi_llsl
<LI><a href="#[97]">&gt;&gt;</a>&nbsp;&nbsp;&nbsp;_double_round
<LI><a href="#[96]">&gt;&gt;</a>&nbsp;&nbsp;&nbsp;_double_epilogue
</UL>
<BR>[Called By]<UL><LI><a href="#[98]">&gt;&gt;</a>&nbsp;&nbsp;&nbsp;__aeabi_dsub
<LI><a href="#[99]">&gt;&gt;</a>&nbsp;&nbsp;&nbsp;__aeabi_drsub
<LI><a href="#[51]">&gt;&gt;</a>&nbsp;&nbsp;&nbsp;SetHistogramVisible
<LI><a href="#[52]">&gt;&gt;</a>&nbsp;&nbsp;&nbsp;SetGraphChartVisible
<LI><a href="#[127]">&gt;&gt;</a>&nbsp;&nbsp;&nbsp;_fp_digits
</UL>

<P><STRONG><a name="[98]"></a>__aeabi_dsub</STRONG> (Thumb, 6 bytes, Stack size 0 bytes, dadd.o(.text))
<BR><BR>[Stack]<UL><LI>Max Depth = 88<LI>Call Chain = __aeabi_dsub &rArr; __aeabi_dadd &rArr; _double_epilogue &rArr; _double_round
</UL>
<BR>[Calls]<UL><LI><a href="#[93]">&gt;&gt;</a>&nbsp;&nbsp;&nbsp;__aeabi_dadd
</UL>
<BR>[Called By]<UL><LI><a href="#[51]">&gt;&gt;</a>&nbsp;&nbsp;&nbsp;SetHistogramVisible
<LI><a href="#[52]">&gt;&gt;</a>&nbsp;&nbsp;&nbsp;SetGraphChartVisible
</UL>

<P><STRONG><a name="[99]"></a>__aeabi_drsub</STRONG> (Thumb, 6 bytes, Stack size 0 bytes, dadd.o(.text))
<BR><BR>[Stack]<UL><LI>Max Depth = 88<LI>Call Chain = __aeabi_drsub &rArr; __aeabi_dadd &rArr; _double_epilogue &rArr; _double_round
</UL>
<BR>[Calls]<UL><LI><a href="#[93]">&gt;&gt;</a>&nbsp;&nbsp;&nbsp;__aeabi_dadd
</UL>
<BR>[Called By]<UL><LI><a href="#[51]">&gt;&gt;</a>&nbsp;&nbsp;&nbsp;SetHistogramVisible
<LI><a href="#[52]">&gt;&gt;</a>&nbsp;&nbsp;&nbsp;SetGraphChartVisible
</UL>

<P><STRONG><a name="[9a]"></a>__aeabi_dmul</STRONG> (Thumb, 228 bytes, Stack size 48 bytes, dmul.o(.text))
<BR><BR>[Stack]<UL><LI>Max Depth = 88<LI>Call Chain = __aeabi_dmul &rArr; _double_epilogue &rArr; _double_round
</UL>
<BR>[Calls]<UL><LI><a href="#[96]">&gt;&gt;</a>&nbsp;&nbsp;&nbsp;_double_epilogue
</UL>
<BR>[Called By]<UL><LI><a href="#[121]">&gt;&gt;</a>&nbsp;&nbsp;&nbsp;SlidebarLeftRightFunc
<LI><a href="#[7e]">&gt;&gt;</a>&nbsp;&nbsp;&nbsp;SlidebarFunc
<LI><a href="#[66]">&gt;&gt;</a>&nbsp;&nbsp;&nbsp;SlidebarDemoFunc
<LI><a href="#[78]">&gt;&gt;</a>&nbsp;&nbsp;&nbsp;RButtonFunc3
<LI><a href="#[77]">&gt;&gt;</a>&nbsp;&nbsp;&nbsp;RButtonFunc2
<LI><a href="#[76]">&gt;&gt;</a>&nbsp;&nbsp;&nbsp;RButtonFunc1
<LI><a href="#[111]">&gt;&gt;</a>&nbsp;&nbsp;&nbsp;LibPresentation_InitPage9
<LI><a href="#[10f]">&gt;&gt;</a>&nbsp;&nbsp;&nbsp;LibPresentation_InitPage8
<LI><a href="#[10c]">&gt;&gt;</a>&nbsp;&nbsp;&nbsp;LibPresentation_InitPage7
<LI><a href="#[10b]">&gt;&gt;</a>&nbsp;&nbsp;&nbsp;LibPresentation_InitPage6
<LI><a href="#[10a]">&gt;&gt;</a>&nbsp;&nbsp;&nbsp;LibPresentation_InitPage5
<LI><a href="#[109]">&gt;&gt;</a>&nbsp;&nbsp;&nbsp;LibPresentation_InitPage4
<LI><a href="#[108]">&gt;&gt;</a>&nbsp;&nbsp;&nbsp;LibPresentation_InitPage3
<LI><a href="#[107]">&gt;&gt;</a>&nbsp;&nbsp;&nbsp;LibPresentation_InitPage2
<LI><a href="#[106]">&gt;&gt;</a>&nbsp;&nbsp;&nbsp;LibPresentation_InitPage1
<LI><a href="#[105]">&gt;&gt;</a>&nbsp;&nbsp;&nbsp;LibPresentation_InitPage0
<LI><a href="#[6d]">&gt;&gt;</a>&nbsp;&nbsp;&nbsp;GeneralBtnFunc
<LI><a href="#[70]">&gt;&gt;</a>&nbsp;&nbsp;&nbsp;EnDisBtnFunc
<LI><a href="#[ca]">&gt;&gt;</a>&nbsp;&nbsp;&nbsp;Demo_InitPage7
<LI><a href="#[c9]">&gt;&gt;</a>&nbsp;&nbsp;&nbsp;Demo_InitPage6
<LI><a href="#[c7]">&gt;&gt;</a>&nbsp;&nbsp;&nbsp;Demo_InitPage5
<LI><a href="#[c6]">&gt;&gt;</a>&nbsp;&nbsp;&nbsp;Demo_InitPage4
<LI><a href="#[c4]">&gt;&gt;</a>&nbsp;&nbsp;&nbsp;Demo_InitPage3
<LI><a href="#[c2]">&gt;&gt;</a>&nbsp;&nbsp;&nbsp;Demo_InitPage2
<LI><a href="#[c0]">&gt;&gt;</a>&nbsp;&nbsp;&nbsp;Demo_InitPage1
<LI><a href="#[bc]">&gt;&gt;</a>&nbsp;&nbsp;&nbsp;Demo_InitPage0
<LI><a href="#[7b]">&gt;&gt;</a>&nbsp;&nbsp;&nbsp;ComboboxFunc
<LI><a href="#[73]">&gt;&gt;</a>&nbsp;&nbsp;&nbsp;CheckboxFunc
<LI><a href="#[f6]">&gt;&gt;</a>&nbsp;&nbsp;&nbsp;Show_HomeScreen
<LI><a href="#[51]">&gt;&gt;</a>&nbsp;&nbsp;&nbsp;SetHistogramVisible
<LI><a href="#[52]">&gt;&gt;</a>&nbsp;&nbsp;&nbsp;SetGraphChartVisible
<LI><a href="#[127]">&gt;&gt;</a>&nbsp;&nbsp;&nbsp;_fp_digits
</UL>

<P><STRONG><a name="[9b]"></a>__aeabi_ddiv</STRONG> (Thumb, 222 bytes, Stack size 32 bytes, ddiv.o(.text))
<BR><BR>[Stack]<UL><LI>Max Depth = 40<LI>Call Chain = __aeabi_ddiv &rArr; _double_round
</UL>
<BR>[Calls]<UL><LI><a href="#[97]">&gt;&gt;</a>&nbsp;&nbsp;&nbsp;_double_round
</UL>
<BR>[Called By]<UL><LI><a href="#[51]">&gt;&gt;</a>&nbsp;&nbsp;&nbsp;SetHistogramVisible
<LI><a href="#[52]">&gt;&gt;</a>&nbsp;&nbsp;&nbsp;SetGraphChartVisible
<LI><a href="#[127]">&gt;&gt;</a>&nbsp;&nbsp;&nbsp;_fp_digits
</UL>

<P><STRONG><a name="[9c]"></a>__aeabi_i2d</STRONG> (Thumb, 34 bytes, Stack size 16 bytes, dflti.o(.text))
<BR><BR>[Stack]<UL><LI>Max Depth = 56<LI>Call Chain = __aeabi_i2d &rArr; _double_epilogue &rArr; _double_round
</UL>
<BR>[Calls]<UL><LI><a href="#[96]">&gt;&gt;</a>&nbsp;&nbsp;&nbsp;_double_epilogue
</UL>
<BR>[Called By]<UL><LI><a href="#[51]">&gt;&gt;</a>&nbsp;&nbsp;&nbsp;SetHistogramVisible
<LI><a href="#[52]">&gt;&gt;</a>&nbsp;&nbsp;&nbsp;SetGraphChartVisible
</UL>

<P><STRONG><a name="[9d]"></a>__aeabi_ui2d</STRONG> (Thumb, 26 bytes, Stack size 16 bytes, dfltui.o(.text))
<BR><BR>[Stack]<UL><LI>Max Depth = 56<LI>Call Chain = __aeabi_ui2d &rArr; _double_epilogue &rArr; _double_round
</UL>
<BR>[Calls]<UL><LI><a href="#[96]">&gt;&gt;</a>&nbsp;&nbsp;&nbsp;_double_epilogue
</UL>
<BR>[Called By]<UL><LI><a href="#[121]">&gt;&gt;</a>&nbsp;&nbsp;&nbsp;SlidebarLeftRightFunc
<LI><a href="#[7e]">&gt;&gt;</a>&nbsp;&nbsp;&nbsp;SlidebarFunc
<LI><a href="#[66]">&gt;&gt;</a>&nbsp;&nbsp;&nbsp;SlidebarDemoFunc
<LI><a href="#[78]">&gt;&gt;</a>&nbsp;&nbsp;&nbsp;RButtonFunc3
<LI><a href="#[77]">&gt;&gt;</a>&nbsp;&nbsp;&nbsp;RButtonFunc2
<LI><a href="#[76]">&gt;&gt;</a>&nbsp;&nbsp;&nbsp;RButtonFunc1
<LI><a href="#[111]">&gt;&gt;</a>&nbsp;&nbsp;&nbsp;LibPresentation_InitPage9
<LI><a href="#[10f]">&gt;&gt;</a>&nbsp;&nbsp;&nbsp;LibPresentation_InitPage8
<LI><a href="#[10c]">&gt;&gt;</a>&nbsp;&nbsp;&nbsp;LibPresentation_InitPage7
<LI><a href="#[10b]">&gt;&gt;</a>&nbsp;&nbsp;&nbsp;LibPresentation_InitPage6
<LI><a href="#[10a]">&gt;&gt;</a>&nbsp;&nbsp;&nbsp;LibPresentation_InitPage5
<LI><a href="#[109]">&gt;&gt;</a>&nbsp;&nbsp;&nbsp;LibPresentation_InitPage4
<LI><a href="#[108]">&gt;&gt;</a>&nbsp;&nbsp;&nbsp;LibPresentation_InitPage3
<LI><a href="#[107]">&gt;&gt;</a>&nbsp;&nbsp;&nbsp;LibPresentation_InitPage2
<LI><a href="#[106]">&gt;&gt;</a>&nbsp;&nbsp;&nbsp;LibPresentation_InitPage1
<LI><a href="#[105]">&gt;&gt;</a>&nbsp;&nbsp;&nbsp;LibPresentation_InitPage0
<LI><a href="#[6d]">&gt;&gt;</a>&nbsp;&nbsp;&nbsp;GeneralBtnFunc
<LI><a href="#[70]">&gt;&gt;</a>&nbsp;&nbsp;&nbsp;EnDisBtnFunc
<LI><a href="#[ca]">&gt;&gt;</a>&nbsp;&nbsp;&nbsp;Demo_InitPage7
<LI><a href="#[c9]">&gt;&gt;</a>&nbsp;&nbsp;&nbsp;Demo_InitPage6
<LI><a href="#[c7]">&gt;&gt;</a>&nbsp;&nbsp;&nbsp;Demo_InitPage5
<LI><a href="#[c6]">&gt;&gt;</a>&nbsp;&nbsp;&nbsp;Demo_InitPage4
<LI><a href="#[c4]">&gt;&gt;</a>&nbsp;&nbsp;&nbsp;Demo_InitPage3
<LI><a href="#[c2]">&gt;&gt;</a>&nbsp;&nbsp;&nbsp;Demo_InitPage2
<LI><a href="#[c0]">&gt;&gt;</a>&nbsp;&nbsp;&nbsp;Demo_InitPage1
<LI><a href="#[bc]">&gt;&gt;</a>&nbsp;&nbsp;&nbsp;Demo_InitPage0
<LI><a href="#[7b]">&gt;&gt;</a>&nbsp;&nbsp;&nbsp;ComboboxFunc
<LI><a href="#[73]">&gt;&gt;</a>&nbsp;&nbsp;&nbsp;CheckboxFunc
<LI><a href="#[f6]">&gt;&gt;</a>&nbsp;&nbsp;&nbsp;Show_HomeScreen
<LI><a href="#[51]">&gt;&gt;</a>&nbsp;&nbsp;&nbsp;SetHistogramVisible
<LI><a href="#[52]">&gt;&gt;</a>&nbsp;&nbsp;&nbsp;SetGraphChartVisible
</UL>

<P><STRONG><a name="[9e]"></a>__aeabi_d2uiz</STRONG> (Thumb, 50 bytes, Stack size 8 bytes, dfixui.o(.text))
<BR><BR>[Stack]<UL><LI>Max Depth = 8<LI>Call Chain = __aeabi_d2uiz
</UL>
<BR>[Calls]<UL><LI><a href="#[9f]">&gt;&gt;</a>&nbsp;&nbsp;&nbsp;__aeabi_llsr
</UL>
<BR>[Called By]<UL><LI><a href="#[121]">&gt;&gt;</a>&nbsp;&nbsp;&nbsp;SlidebarLeftRightFunc
<LI><a href="#[7e]">&gt;&gt;</a>&nbsp;&nbsp;&nbsp;SlidebarFunc
<LI><a href="#[66]">&gt;&gt;</a>&nbsp;&nbsp;&nbsp;SlidebarDemoFunc
<LI><a href="#[78]">&gt;&gt;</a>&nbsp;&nbsp;&nbsp;RButtonFunc3
<LI><a href="#[77]">&gt;&gt;</a>&nbsp;&nbsp;&nbsp;RButtonFunc2
<LI><a href="#[76]">&gt;&gt;</a>&nbsp;&nbsp;&nbsp;RButtonFunc1
<LI><a href="#[111]">&gt;&gt;</a>&nbsp;&nbsp;&nbsp;LibPresentation_InitPage9
<LI><a href="#[10f]">&gt;&gt;</a>&nbsp;&nbsp;&nbsp;LibPresentation_InitPage8
<LI><a href="#[10c]">&gt;&gt;</a>&nbsp;&nbsp;&nbsp;LibPresentation_InitPage7
<LI><a href="#[10b]">&gt;&gt;</a>&nbsp;&nbsp;&nbsp;LibPresentation_InitPage6
<LI><a href="#[10a]">&gt;&gt;</a>&nbsp;&nbsp;&nbsp;LibPresentation_InitPage5
<LI><a href="#[109]">&gt;&gt;</a>&nbsp;&nbsp;&nbsp;LibPresentation_InitPage4
<LI><a href="#[108]">&gt;&gt;</a>&nbsp;&nbsp;&nbsp;LibPresentation_InitPage3
<LI><a href="#[107]">&gt;&gt;</a>&nbsp;&nbsp;&nbsp;LibPresentation_InitPage2
<LI><a href="#[106]">&gt;&gt;</a>&nbsp;&nbsp;&nbsp;LibPresentation_InitPage1
<LI><a href="#[105]">&gt;&gt;</a>&nbsp;&nbsp;&nbsp;LibPresentation_InitPage0
<LI><a href="#[6d]">&gt;&gt;</a>&nbsp;&nbsp;&nbsp;GeneralBtnFunc
<LI><a href="#[70]">&gt;&gt;</a>&nbsp;&nbsp;&nbsp;EnDisBtnFunc
<LI><a href="#[ca]">&gt;&gt;</a>&nbsp;&nbsp;&nbsp;Demo_InitPage7
<LI><a href="#[c9]">&gt;&gt;</a>&nbsp;&nbsp;&nbsp;Demo_InitPage6
<LI><a href="#[c7]">&gt;&gt;</a>&nbsp;&nbsp;&nbsp;Demo_InitPage5
<LI><a href="#[c6]">&gt;&gt;</a>&nbsp;&nbsp;&nbsp;Demo_InitPage4
<LI><a href="#[c4]">&gt;&gt;</a>&nbsp;&nbsp;&nbsp;Demo_InitPage3
<LI><a href="#[c2]">&gt;&gt;</a>&nbsp;&nbsp;&nbsp;Demo_InitPage2
<LI><a href="#[c0]">&gt;&gt;</a>&nbsp;&nbsp;&nbsp;Demo_InitPage1
<LI><a href="#[bc]">&gt;&gt;</a>&nbsp;&nbsp;&nbsp;Demo_InitPage0
<LI><a href="#[7b]">&gt;&gt;</a>&nbsp;&nbsp;&nbsp;ComboboxFunc
<LI><a href="#[73]">&gt;&gt;</a>&nbsp;&nbsp;&nbsp;CheckboxFunc
<LI><a href="#[f6]">&gt;&gt;</a>&nbsp;&nbsp;&nbsp;Show_HomeScreen
<LI><a href="#[51]">&gt;&gt;</a>&nbsp;&nbsp;&nbsp;SetHistogramVisible
<LI><a href="#[52]">&gt;&gt;</a>&nbsp;&nbsp;&nbsp;SetGraphChartVisible
</UL>

<P><STRONG><a name="[139]"></a>__aeabi_cdcmpeq</STRONG> (Thumb, 0 bytes, Stack size 0 bytes, cdcmple.o(.text), UNUSED)

<P><STRONG><a name="[11c]"></a>__aeabi_cdcmple</STRONG> (Thumb, 38 bytes, Stack size 0 bytes, cdcmple.o(.text))
<BR><BR>[Called By]<UL><LI><a href="#[51]">&gt;&gt;</a>&nbsp;&nbsp;&nbsp;SetHistogramVisible
<LI><a href="#[52]">&gt;&gt;</a>&nbsp;&nbsp;&nbsp;SetGraphChartVisible
</UL>

<P><STRONG><a name="[11a]"></a>__aeabi_cdrcmple</STRONG> (Thumb, 38 bytes, Stack size 0 bytes, cdrcmple.o(.text))
<BR><BR>[Called By]<UL><LI><a href="#[51]">&gt;&gt;</a>&nbsp;&nbsp;&nbsp;SetHistogramVisible
<LI><a href="#[52]">&gt;&gt;</a>&nbsp;&nbsp;&nbsp;SetGraphChartVisible
<LI><a href="#[127]">&gt;&gt;</a>&nbsp;&nbsp;&nbsp;_fp_digits
</UL>

<P><STRONG><a name="[13a]"></a>__aeabi_uidiv</STRONG> (Thumb, 0 bytes, Stack size 12 bytes, uidiv.o(.text), UNUSED)

<P><STRONG><a name="[12a]"></a>__aeabi_uidivmod</STRONG> (Thumb, 44 bytes, Stack size 12 bytes, uidiv.o(.text), UNUSED)
<BR><BR>[Called By]<UL><LI><a href="#[126]">&gt;&gt;</a>&nbsp;&nbsp;&nbsp;_printf_core
</UL>

<P><STRONG><a name="[a0]"></a>__aeabi_uldivmod</STRONG> (Thumb, 98 bytes, Stack size 40 bytes, uldiv.o(.text), UNUSED)
<BR><BR>[Calls]<UL><LI><a href="#[9f]">&gt;&gt;</a>&nbsp;&nbsp;&nbsp;__aeabi_llsr
<LI><a href="#[94]">&gt;&gt;</a>&nbsp;&nbsp;&nbsp;__aeabi_llsl
</UL>
<BR>[Called By]<UL><LI><a href="#[126]">&gt;&gt;</a>&nbsp;&nbsp;&nbsp;_printf_core
<LI><a href="#[127]">&gt;&gt;</a>&nbsp;&nbsp;&nbsp;_fp_digits
</UL>

<P><STRONG><a name="[94]"></a>__aeabi_llsl</STRONG> (Thumb, 30 bytes, Stack size 0 bytes, llshl.o(.text))
<BR><BR>[Called By]<UL><LI><a href="#[93]">&gt;&gt;</a>&nbsp;&nbsp;&nbsp;__aeabi_dadd
<LI><a href="#[a0]">&gt;&gt;</a>&nbsp;&nbsp;&nbsp;__aeabi_uldivmod
<LI><a href="#[96]">&gt;&gt;</a>&nbsp;&nbsp;&nbsp;_double_epilogue
<LI><a href="#[a1]">&gt;&gt;</a>&nbsp;&nbsp;&nbsp;__aeabi_d2ulz
</UL>

<P><STRONG><a name="[13b]"></a>_ll_shift_l</STRONG> (Thumb, 0 bytes, Stack size 0 bytes, llshl.o(.text), UNUSED)

<P><STRONG><a name="[9f]"></a>__aeabi_llsr</STRONG> (Thumb, 32 bytes, Stack size 0 bytes, llushr.o(.text))
<BR><BR>[Called By]<UL><LI><a href="#[9e]">&gt;&gt;</a>&nbsp;&nbsp;&nbsp;__aeabi_d2uiz
<LI><a href="#[a0]">&gt;&gt;</a>&nbsp;&nbsp;&nbsp;__aeabi_uldivmod
<LI><a href="#[96]">&gt;&gt;</a>&nbsp;&nbsp;&nbsp;_double_epilogue
<LI><a href="#[a1]">&gt;&gt;</a>&nbsp;&nbsp;&nbsp;__aeabi_d2ulz
</UL>

<P><STRONG><a name="[13c]"></a>_ll_ushift_r</STRONG> (Thumb, 0 bytes, Stack size 0 bytes, llushr.o(.text), UNUSED)

<P><STRONG><a name="[95]"></a>__aeabi_lasr</STRONG> (Thumb, 36 bytes, Stack size 0 bytes, llsshr.o(.text))
<BR><BR>[Called By]<UL><LI><a href="#[93]">&gt;&gt;</a>&nbsp;&nbsp;&nbsp;__aeabi_dadd
</UL>

<P><STRONG><a name="[13d]"></a>_ll_sshift_r</STRONG> (Thumb, 0 bytes, Stack size 0 bytes, llsshr.o(.text), UNUSED)

<P><STRONG><a name="[13e]"></a>__I$use$fp</STRONG> (Thumb, 0 bytes, Stack size 8 bytes, iusefp.o(.text), UNUSED)

<P><STRONG><a name="[97]"></a>_double_round</STRONG> (Thumb, 26 bytes, Stack size 8 bytes, depilogue.o(.text))
<BR><BR>[Stack]<UL><LI>Max Depth = 8<LI>Call Chain = _double_round
</UL>
<BR>[Called By]<UL><LI><a href="#[9b]">&gt;&gt;</a>&nbsp;&nbsp;&nbsp;__aeabi_ddiv
<LI><a href="#[93]">&gt;&gt;</a>&nbsp;&nbsp;&nbsp;__aeabi_dadd
<LI><a href="#[96]">&gt;&gt;</a>&nbsp;&nbsp;&nbsp;_double_epilogue
</UL>

<P><STRONG><a name="[96]"></a>_double_epilogue</STRONG> (Thumb, 156 bytes, Stack size 32 bytes, depilogue.o(.text))
<BR><BR>[Stack]<UL><LI>Max Depth = 40<LI>Call Chain = _double_epilogue &rArr; _double_round
</UL>
<BR>[Calls]<UL><LI><a href="#[9f]">&gt;&gt;</a>&nbsp;&nbsp;&nbsp;__aeabi_llsr
<LI><a href="#[94]">&gt;&gt;</a>&nbsp;&nbsp;&nbsp;__aeabi_llsl
<LI><a href="#[97]">&gt;&gt;</a>&nbsp;&nbsp;&nbsp;_double_round
</UL>
<BR>[Called By]<UL><LI><a href="#[9d]">&gt;&gt;</a>&nbsp;&nbsp;&nbsp;__aeabi_ui2d
<LI><a href="#[9a]">&gt;&gt;</a>&nbsp;&nbsp;&nbsp;__aeabi_dmul
<LI><a href="#[93]">&gt;&gt;</a>&nbsp;&nbsp;&nbsp;__aeabi_dadd
<LI><a href="#[9c]">&gt;&gt;</a>&nbsp;&nbsp;&nbsp;__aeabi_i2d
</UL>

<P><STRONG><a name="[a1]"></a>__aeabi_d2ulz</STRONG> (Thumb, 48 bytes, Stack size 0 bytes, dfixul.o(.text), UNUSED)
<BR><BR>[Calls]<UL><LI><a href="#[9f]">&gt;&gt;</a>&nbsp;&nbsp;&nbsp;__aeabi_llsr
<LI><a href="#[94]">&gt;&gt;</a>&nbsp;&nbsp;&nbsp;__aeabi_llsl
</UL>
<BR>[Called By]<UL><LI><a href="#[127]">&gt;&gt;</a>&nbsp;&nbsp;&nbsp;_fp_digits
</UL>

<P><STRONG><a name="[8f]"></a>__scatterload</STRONG> (Thumb, 28 bytes, Stack size 0 bytes, init.o(.text))
<BR><BR>[Calls]<UL><LI><a href="#[a2]">&gt;&gt;</a>&nbsp;&nbsp;&nbsp;__main_after_scatterload
</UL>
<BR>[Called By]<UL><LI><a href="#[8e]">&gt;&gt;</a>&nbsp;&nbsp;&nbsp;_main_scatterload
</UL>

<P><STRONG><a name="[13f]"></a>__scatterload_rt2</STRONG> (Thumb, 0 bytes, Stack size 0 bytes, init.o(.text), UNUSED)

<P><STRONG><a name="[89]"></a>AddComboOption</STRONG> (Thumb, 96 bytes, Stack size 24 bytes, graphicobject.o(i.AddComboOption))
<BR><BR>[Stack]<UL><LI>Max Depth = 56<LI>Call Chain = AddComboOption &rArr; GL_SetStringFieldValue &rArr; strncpy
</UL>
<BR>[Calls]<UL><LI><a href="#[a4]">&gt;&gt;</a>&nbsp;&nbsp;&nbsp;GL_SetStringFieldValue
<LI><a href="#[a3]">&gt;&gt;</a>&nbsp;&nbsp;&nbsp;malloc
</UL>
<BR>[Called By]<UL><LI><a href="#[10a]">&gt;&gt;</a>&nbsp;&nbsp;&nbsp;LibPresentation_InitPage5
<LI><a href="#[c6]">&gt;&gt;</a>&nbsp;&nbsp;&nbsp;Demo_InitPage4
</UL>
<BR>[Address Reference Count : 1]<UL><LI> graphicobject.o(i.NewComboBoxGrp)
</UL>
<P><STRONG><a name="[a5]"></a>AddPageControlObj</STRONG> (Thumb, 422 bytes, Stack size 24 bytes, graphicobject.o(i.AddPageControlObj))
<BR><BR>[Stack]<UL><LI>Max Depth = 60 + In Cycle
<LI>Call Chain = AddPageControlObj &rArr;  AddPageControlObj (Cycle)
</UL>
<BR>[Calls]<UL><LI><a href="#[a6]">&gt;&gt;</a>&nbsp;&nbsp;&nbsp;NewComboBoxGrp
<LI><a href="#[a5]">&gt;&gt;</a>&nbsp;&nbsp;&nbsp;AddPageControlObj
</UL>
<BR>[Called By]<UL><LI><a href="#[a5]">&gt;&gt;</a>&nbsp;&nbsp;&nbsp;AddPageControlObj
<LI><a href="#[111]">&gt;&gt;</a>&nbsp;&nbsp;&nbsp;LibPresentation_InitPage9
<LI><a href="#[10f]">&gt;&gt;</a>&nbsp;&nbsp;&nbsp;LibPresentation_InitPage8
<LI><a href="#[10c]">&gt;&gt;</a>&nbsp;&nbsp;&nbsp;LibPresentation_InitPage7
<LI><a href="#[10b]">&gt;&gt;</a>&nbsp;&nbsp;&nbsp;LibPresentation_InitPage6
<LI><a href="#[10a]">&gt;&gt;</a>&nbsp;&nbsp;&nbsp;LibPresentation_InitPage5
<LI><a href="#[109]">&gt;&gt;</a>&nbsp;&nbsp;&nbsp;LibPresentation_InitPage4
<LI><a href="#[108]">&gt;&gt;</a>&nbsp;&nbsp;&nbsp;LibPresentation_InitPage3
<LI><a href="#[107]">&gt;&gt;</a>&nbsp;&nbsp;&nbsp;LibPresentation_InitPage2
<LI><a href="#[106]">&gt;&gt;</a>&nbsp;&nbsp;&nbsp;LibPresentation_InitPage1
<LI><a href="#[105]">&gt;&gt;</a>&nbsp;&nbsp;&nbsp;LibPresentation_InitPage0
<LI><a href="#[ca]">&gt;&gt;</a>&nbsp;&nbsp;&nbsp;Demo_InitPage7
<LI><a href="#[c9]">&gt;&gt;</a>&nbsp;&nbsp;&nbsp;Demo_InitPage6
<LI><a href="#[c7]">&gt;&gt;</a>&nbsp;&nbsp;&nbsp;Demo_InitPage5
<LI><a href="#[c6]">&gt;&gt;</a>&nbsp;&nbsp;&nbsp;Demo_InitPage4
<LI><a href="#[c4]">&gt;&gt;</a>&nbsp;&nbsp;&nbsp;Demo_InitPage3
<LI><a href="#[c2]">&gt;&gt;</a>&nbsp;&nbsp;&nbsp;Demo_InitPage2
<LI><a href="#[c0]">&gt;&gt;</a>&nbsp;&nbsp;&nbsp;Demo_InitPage1
<LI><a href="#[bc]">&gt;&gt;</a>&nbsp;&nbsp;&nbsp;Demo_InitPage0
<LI><a href="#[f6]">&gt;&gt;</a>&nbsp;&nbsp;&nbsp;Show_HomeScreen
</UL>

<P><STRONG><a name="[8a]"></a>AddRadioOption</STRONG> (Thumb, 126 bytes, Stack size 24 bytes, graphicobject.o(i.AddRadioOption))
<BR><BR>[Stack]<UL><LI>Max Depth = 56<LI>Call Chain = AddRadioOption &rArr; GL_SetStringFieldValue &rArr; strncpy
</UL>
<BR>[Calls]<UL><LI><a href="#[a4]">&gt;&gt;</a>&nbsp;&nbsp;&nbsp;GL_SetStringFieldValue
<LI><a href="#[a3]">&gt;&gt;</a>&nbsp;&nbsp;&nbsp;malloc
<LI><a href="#[a7]">&gt;&gt;</a>&nbsp;&nbsp;&nbsp;free
</UL>
<BR>[Address Reference Count : 1]<UL><LI> graphicobject.o(i.NewRadioButtonGrp)
</UL>
<P><STRONG><a name="[4]"></a>BusFault_Handler</STRONG> (Thumb, 2 bytes, Stack size 0 bytes, stm32f10x_it.o(i.BusFault_Handler))
<BR><BR>[Calls]<UL><LI><a href="#[4]">&gt;&gt;</a>&nbsp;&nbsp;&nbsp;BusFault_Handler
</UL>
<BR>[Called By]<UL><LI><a href="#[4]">&gt;&gt;</a>&nbsp;&nbsp;&nbsp;BusFault_Handler
</UL>
<BR>[Address Reference Count : 1]<UL><LI> startup_stm32f10x_hd.o(RESET)
</UL>
<P><STRONG><a name="[115]"></a>CompareCoordinates</STRONG> (Thumb, 48 bytes, Stack size 20 bytes, graphicobject.o(i.CompareCoordinates))
<BR><BR>[Stack]<UL><LI>Max Depth = 20<LI>Call Chain = CompareCoordinates
</UL>
<BR>[Called By]<UL><LI><a href="#[114]">&gt;&gt;</a>&nbsp;&nbsp;&nbsp;ProcessInputData
</UL>

<P><STRONG><a name="[117]"></a>CompareJoyCoordinates</STRONG> (Thumb, 46 bytes, Stack size 20 bytes, graphicobject.o(i.CompareJoyCoordinates))
<BR><BR>[Stack]<UL><LI>Max Depth = 20<LI>Call Chain = CompareJoyCoordinates
</UL>
<BR>[Called By]<UL><LI><a href="#[114]">&gt;&gt;</a>&nbsp;&nbsp;&nbsp;ProcessInputData
</UL>

<P><STRONG><a name="[b1]"></a>Create_PageObj</STRONG> (Thumb, 82 bytes, Stack size 8 bytes, graphicobject.o(i.Create_PageObj))
<BR><BR>[Stack]<UL><LI>Max Depth = 8<LI>Call Chain = Create_PageObj
</UL>
<BR>[Calls]<UL><LI><a href="#[b2]">&gt;&gt;</a>&nbsp;&nbsp;&nbsp;__aeabi_memclr4
</UL>
<BR>[Called By]<UL><LI><a href="#[111]">&gt;&gt;</a>&nbsp;&nbsp;&nbsp;LibPresentation_InitPage9
<LI><a href="#[10f]">&gt;&gt;</a>&nbsp;&nbsp;&nbsp;LibPresentation_InitPage8
<LI><a href="#[10c]">&gt;&gt;</a>&nbsp;&nbsp;&nbsp;LibPresentation_InitPage7
<LI><a href="#[10b]">&gt;&gt;</a>&nbsp;&nbsp;&nbsp;LibPresentation_InitPage6
<LI><a href="#[10a]">&gt;&gt;</a>&nbsp;&nbsp;&nbsp;LibPresentation_InitPage5
<LI><a href="#[109]">&gt;&gt;</a>&nbsp;&nbsp;&nbsp;LibPresentation_InitPage4
<LI><a href="#[108]">&gt;&gt;</a>&nbsp;&nbsp;&nbsp;LibPresentation_InitPage3
<LI><a href="#[107]">&gt;&gt;</a>&nbsp;&nbsp;&nbsp;LibPresentation_InitPage2
<LI><a href="#[106]">&gt;&gt;</a>&nbsp;&nbsp;&nbsp;LibPresentation_InitPage1
<LI><a href="#[105]">&gt;&gt;</a>&nbsp;&nbsp;&nbsp;LibPresentation_InitPage0
<LI><a href="#[ca]">&gt;&gt;</a>&nbsp;&nbsp;&nbsp;Demo_InitPage7
<LI><a href="#[c9]">&gt;&gt;</a>&nbsp;&nbsp;&nbsp;Demo_InitPage6
<LI><a href="#[c7]">&gt;&gt;</a>&nbsp;&nbsp;&nbsp;Demo_InitPage5
<LI><a href="#[c6]">&gt;&gt;</a>&nbsp;&nbsp;&nbsp;Demo_InitPage4
<LI><a href="#[c4]">&gt;&gt;</a>&nbsp;&nbsp;&nbsp;Demo_InitPage3
<LI><a href="#[c2]">&gt;&gt;</a>&nbsp;&nbsp;&nbsp;Demo_InitPage2
<LI><a href="#[c0]">&gt;&gt;</a>&nbsp;&nbsp;&nbsp;Demo_InitPage1
<LI><a href="#[bc]">&gt;&gt;</a>&nbsp;&nbsp;&nbsp;Demo_InitPage0
<LI><a href="#[f6]">&gt;&gt;</a>&nbsp;&nbsp;&nbsp;Show_HomeScreen
</UL>

<P><STRONG><a name="[ad]"></a>CursorDraw</STRONG> (Thumb, 322 bytes, Stack size 56 bytes, cursor.o(i.CursorDraw))
<BR><BR>[Stack]<UL><LI>Max Depth = 76<LI>Call Chain = CursorDraw &rArr; LCD_PutPixel &rArr; LCD_SetCursor
</UL>
<BR>[Calls]<UL><LI><a href="#[b3]">&gt;&gt;</a>&nbsp;&nbsp;&nbsp;LCD_PutPixel
<LI><a href="#[b4]">&gt;&gt;</a>&nbsp;&nbsp;&nbsp;LCD_GetPixel
</UL>
<BR>[Called By]<UL><LI><a href="#[114]">&gt;&gt;</a>&nbsp;&nbsp;&nbsp;ProcessInputData
<LI><a href="#[bb]">&gt;&gt;</a>&nbsp;&nbsp;&nbsp;CursorShow
<LI><a href="#[b6]">&gt;&gt;</a>&nbsp;&nbsp;&nbsp;CursorPosition
<LI><a href="#[53]">&gt;&gt;</a>&nbsp;&nbsp;&nbsp;ShowPage
<LI><a href="#[50]">&gt;&gt;</a>&nbsp;&nbsp;&nbsp;SetSlidebarVisible
<LI><a href="#[aa]">&gt;&gt;</a>&nbsp;&nbsp;&nbsp;CallPreEvents
</UL>

<P><STRONG><a name="[b5]"></a>CursorInit</STRONG> (Thumb, 62 bytes, Stack size 16 bytes, cursor.o(i.CursorInit))
<BR><BR>[Stack]<UL><LI>Max Depth = 36<LI>Call Chain = CursorInit &rArr; malloc
</UL>
<BR>[Calls]<UL><LI><a href="#[a3]">&gt;&gt;</a>&nbsp;&nbsp;&nbsp;malloc
</UL>
<BR>[Called By]<UL><LI><a href="#[46]">&gt;&gt;</a>&nbsp;&nbsp;&nbsp;main
</UL>

<P><STRONG><a name="[b6]"></a>CursorPosition</STRONG> (Thumb, 26 bytes, Stack size 16 bytes, cursor.o(i.CursorPosition))
<BR><BR>[Stack]<UL><LI>Max Depth = 92<LI>Call Chain = CursorPosition &rArr; CursorDraw &rArr; LCD_PutPixel &rArr; LCD_SetCursor
</UL>
<BR>[Calls]<UL><LI><a href="#[ad]">&gt;&gt;</a>&nbsp;&nbsp;&nbsp;CursorDraw
</UL>
<BR>[Called By]<UL><LI><a href="#[ba]">&gt;&gt;</a>&nbsp;&nbsp;&nbsp;CursorStepMove
</UL>

<P><STRONG><a name="[b7]"></a>CursorReadJoystick</STRONG> (Thumb, 120 bytes, Stack size 16 bytes, cursor.o(i.CursorReadJoystick))
<BR><BR>[Stack]<UL><LI>Max Depth = 116<LI>Call Chain = CursorReadJoystick &rArr; CursorStepMove &rArr; CursorPosition &rArr; CursorDraw &rArr; LCD_PutPixel &rArr; LCD_SetCursor
</UL>
<BR>[Calls]<UL><LI><a href="#[ba]">&gt;&gt;</a>&nbsp;&nbsp;&nbsp;CursorStepMove
<LI><a href="#[b8]">&gt;&gt;</a>&nbsp;&nbsp;&nbsp;GL_JoyStickState
<LI><a href="#[b9]">&gt;&gt;</a>&nbsp;&nbsp;&nbsp;GL_GPIO_ReadInputDataBit
</UL>
<BR>[Called By]<UL><LI><a href="#[46]">&gt;&gt;</a>&nbsp;&nbsp;&nbsp;main
</UL>

<P><STRONG><a name="[bb]"></a>CursorShow</STRONG> (Thumb, 6 bytes, Stack size 0 bytes, cursor.o(i.CursorShow))
<BR><BR>[Stack]<UL><LI>Max Depth = 76<LI>Call Chain = CursorShow &rArr; CursorDraw &rArr; LCD_PutPixel &rArr; LCD_SetCursor
</UL>
<BR>[Calls]<UL><LI><a href="#[ad]">&gt;&gt;</a>&nbsp;&nbsp;&nbsp;CursorDraw
</UL>
<BR>[Called By]<UL><LI><a href="#[46]">&gt;&gt;</a>&nbsp;&nbsp;&nbsp;main
</UL>

<P><STRONG><a name="[ba]"></a>CursorStepMove</STRONG> (Thumb, 118 bytes, Stack size 8 bytes, cursor.o(i.CursorStepMove))
<BR><BR>[Stack]<UL><LI>Max Depth = 100<LI>Call Chain = CursorStepMove &rArr; CursorPosition &rArr; CursorDraw &rArr; LCD_PutPixel &rArr; LCD_SetCursor
</UL>
<BR>[Calls]<UL><LI><a href="#[ac]">&gt;&gt;</a>&nbsp;&nbsp;&nbsp;GL_Delay
<LI><a href="#[b6]">&gt;&gt;</a>&nbsp;&nbsp;&nbsp;CursorPosition
</UL>
<BR>[Called By]<UL><LI><a href="#[b7]">&gt;&gt;</a>&nbsp;&nbsp;&nbsp;CursorReadJoystick
</UL>

<P><STRONG><a name="[7]"></a>DebugMon_Handler</STRONG> (Thumb, 2 bytes, Stack size 0 bytes, stm32f10x_it.o(i.DebugMon_Handler))
<BR>[Address Reference Count : 1]<UL><LI> startup_stm32f10x_hd.o(RESET)
</UL>
<P><STRONG><a name="[cb]"></a>DestroyPage</STRONG> (Thumb, 100 bytes, Stack size 16 bytes, graphicobject.o(i.DestroyPage))
<BR><BR>[Stack]<UL><LI>Max Depth = 56<LI>Call Chain = DestroyPage &rArr; DestroyPageControl &rArr; free
</UL>
<BR>[Calls]<UL><LI><a href="#[cc]">&gt;&gt;</a>&nbsp;&nbsp;&nbsp;DestroyPageControl
</UL>
<BR>[Called By]<UL><LI><a href="#[a8]">&gt;&gt;</a>&nbsp;&nbsp;&nbsp;MENU_LibPresentation_SwitchPage
<LI><a href="#[a9]">&gt;&gt;</a>&nbsp;&nbsp;&nbsp;MENU_DemoPresentation_SwitchPage
<LI><a href="#[6b]">&gt;&gt;</a>&nbsp;&nbsp;&nbsp;HomeFuncLibrary
<LI><a href="#[59]">&gt;&gt;</a>&nbsp;&nbsp;&nbsp;HomeFuncDemo
<LI><a href="#[69]">&gt;&gt;</a>&nbsp;&nbsp;&nbsp;FinishBtnFunc
</UL>

<P><STRONG><a name="[cc]"></a>DestroyPageControl</STRONG> (Thumb, 318 bytes, Stack size 32 bytes, graphicobject.o(i.DestroyPageControl))
<BR><BR>[Stack]<UL><LI>Max Depth = 40<LI>Call Chain = DestroyPageControl &rArr; free
</UL>
<BR>[Calls]<UL><LI><a href="#[90]">&gt;&gt;</a>&nbsp;&nbsp;&nbsp;__aeabi_memclr
<LI><a href="#[a7]">&gt;&gt;</a>&nbsp;&nbsp;&nbsp;free
</UL>
<BR>[Called By]<UL><LI><a href="#[cb]">&gt;&gt;</a>&nbsp;&nbsp;&nbsp;DestroyPage
</UL>

<P><STRONG><a name="[ff]"></a>FSMC_NORSRAMCmd</STRONG> (Thumb, 26 bytes, Stack size 0 bytes, stm32f10x_fsmc.o(i.FSMC_NORSRAMCmd))
<BR><BR>[Called By]<UL><LI><a href="#[fd]">&gt;&gt;</a>&nbsp;&nbsp;&nbsp;LCD_FSMCConfig
</UL>

<P><STRONG><a name="[fe]"></a>FSMC_NORSRAMInit</STRONG> (Thumb, 200 bytes, Stack size 8 bytes, stm32f10x_fsmc.o(i.FSMC_NORSRAMInit))
<BR><BR>[Stack]<UL><LI>Max Depth = 8<LI>Call Chain = FSMC_NORSRAMInit
</UL>
<BR>[Called By]<UL><LI><a href="#[fd]">&gt;&gt;</a>&nbsp;&nbsp;&nbsp;LCD_FSMCConfig
</UL>

<P><STRONG><a name="[d0]"></a>GL_BackLightSwitch</STRONG> (Thumb, 16 bytes, Stack size 0 bytes, lcdhal.o(i.GL_BackLightSwitch))
<BR><BR>[Calls]<UL><LI><a href="#[d1]">&gt;&gt;</a>&nbsp;&nbsp;&nbsp;LCD_DisplayOn
<LI><a href="#[d2]">&gt;&gt;</a>&nbsp;&nbsp;&nbsp;LCD_DisplayOff
</UL>
<BR>[Called By]<UL><LI><a href="#[124]">&gt;&gt;</a>&nbsp;&nbsp;&nbsp;TimeOutCalculate
<LI><a href="#[114]">&gt;&gt;</a>&nbsp;&nbsp;&nbsp;ProcessInputData
</UL>

<P><STRONG><a name="[d3]"></a>GL_ButtonInit</STRONG> (Thumb, 40 bytes, Stack size 16 bytes, joyhal.o(i.GL_ButtonInit))
<BR><BR>[Stack]<UL><LI>Max Depth = 36<LI>Call Chain = GL_ButtonInit &rArr; GPIO_Init
</UL>
<BR>[Calls]<UL><LI><a href="#[d4]">&gt;&gt;</a>&nbsp;&nbsp;&nbsp;GPIO_StructInit
<LI><a href="#[d6]">&gt;&gt;</a>&nbsp;&nbsp;&nbsp;GPIO_Init
<LI><a href="#[d5]">&gt;&gt;</a>&nbsp;&nbsp;&nbsp;RCC_APB2PeriphClockCmd
</UL>
<BR>[Called By]<UL><LI><a href="#[f7]">&gt;&gt;</a>&nbsp;&nbsp;&nbsp;InputInterface_Init
</UL>

<P><STRONG><a name="[d7]"></a>GL_Clear</STRONG> (Thumb, 4 bytes, Stack size 0 bytes, lcdhal.o(i.GL_Clear))
<BR><BR>[Stack]<UL><LI>Max Depth = 16<LI>Call Chain = GL_Clear &rArr; LCD_Clear &rArr; LCD_SetCursor
</UL>
<BR>[Calls]<UL><LI><a href="#[d8]">&gt;&gt;</a>&nbsp;&nbsp;&nbsp;LCD_Clear
</UL>
<BR>[Called By]<UL><LI><a href="#[f6]">&gt;&gt;</a>&nbsp;&nbsp;&nbsp;Show_HomeScreen
<LI><a href="#[46]">&gt;&gt;</a>&nbsp;&nbsp;&nbsp;main
<LI><a href="#[53]">&gt;&gt;</a>&nbsp;&nbsp;&nbsp;ShowPage
<LI><a href="#[52]">&gt;&gt;</a>&nbsp;&nbsp;&nbsp;SetGraphChartVisible
</UL>

<P><STRONG><a name="[ac]"></a>GL_Delay</STRONG> (Thumb, 12 bytes, Stack size 0 bytes, graphicobject.o(i.GL_Delay))
<BR><BR>[Called By]<UL><LI><a href="#[6d]">&gt;&gt;</a>&nbsp;&nbsp;&nbsp;GeneralBtnFunc
<LI><a href="#[114]">&gt;&gt;</a>&nbsp;&nbsp;&nbsp;ProcessInputData
<LI><a href="#[11e]">&gt;&gt;</a>&nbsp;&nbsp;&nbsp;ShowLoadingLogo
<LI><a href="#[ba]">&gt;&gt;</a>&nbsp;&nbsp;&nbsp;CursorStepMove
<LI><a href="#[aa]">&gt;&gt;</a>&nbsp;&nbsp;&nbsp;CallPreEvents
</UL>

<P><STRONG><a name="[af]"></a>GL_DisplayAdjStringLine</STRONG> (Thumb, 106 bytes, Stack size 32 bytes, lcdhal.o(i.GL_DisplayAdjStringLine))
<BR><BR>[Stack]<UL><LI>Max Depth = 100<LI>Call Chain = GL_DisplayAdjStringLine &rArr; GL_LCD_DisplayChar &rArr; GL_LCD_DrawCharTransparent &rArr; LCD_PutPixel &rArr; LCD_SetCursor
</UL>
<BR>[Calls]<UL><LI><a href="#[d9]">&gt;&gt;</a>&nbsp;&nbsp;&nbsp;GL_LCD_DisplayChar
</UL>
<BR>[Called By]<UL><LI><a href="#[121]">&gt;&gt;</a>&nbsp;&nbsp;&nbsp;SlidebarLeftRightFunc
<LI><a href="#[7e]">&gt;&gt;</a>&nbsp;&nbsp;&nbsp;SlidebarFunc
<LI><a href="#[66]">&gt;&gt;</a>&nbsp;&nbsp;&nbsp;SlidebarDemoFunc
<LI><a href="#[78]">&gt;&gt;</a>&nbsp;&nbsp;&nbsp;RButtonFunc3
<LI><a href="#[77]">&gt;&gt;</a>&nbsp;&nbsp;&nbsp;RButtonFunc2
<LI><a href="#[76]">&gt;&gt;</a>&nbsp;&nbsp;&nbsp;RButtonFunc1
<LI><a href="#[6d]">&gt;&gt;</a>&nbsp;&nbsp;&nbsp;GeneralBtnFunc
<LI><a href="#[70]">&gt;&gt;</a>&nbsp;&nbsp;&nbsp;EnDisBtnFunc
<LI><a href="#[7b]">&gt;&gt;</a>&nbsp;&nbsp;&nbsp;ComboboxFunc
<LI><a href="#[73]">&gt;&gt;</a>&nbsp;&nbsp;&nbsp;CheckboxFunc
<LI><a href="#[11e]">&gt;&gt;</a>&nbsp;&nbsp;&nbsp;ShowLoadingLogo
<LI><a href="#[4b]">&gt;&gt;</a>&nbsp;&nbsp;&nbsp;SetSwitchVisible
<LI><a href="#[50]">&gt;&gt;</a>&nbsp;&nbsp;&nbsp;SetSlidebarVisible
<LI><a href="#[4d]">&gt;&gt;</a>&nbsp;&nbsp;&nbsp;SetRadioButtonVisible
<LI><a href="#[49]">&gt;&gt;</a>&nbsp;&nbsp;&nbsp;SetLabelVisible
<LI><a href="#[51]">&gt;&gt;</a>&nbsp;&nbsp;&nbsp;SetHistogramVisible
<LI><a href="#[52]">&gt;&gt;</a>&nbsp;&nbsp;&nbsp;SetGraphChartVisible
<LI><a href="#[4a]">&gt;&gt;</a>&nbsp;&nbsp;&nbsp;SetComboBoxVisible
<LI><a href="#[4e]">&gt;&gt;</a>&nbsp;&nbsp;&nbsp;SetCheckboxVisible
<LI><a href="#[4c]">&gt;&gt;</a>&nbsp;&nbsp;&nbsp;SetButtonVisible
</UL>

<P><STRONG><a name="[da]"></a>GL_DrawBMP</STRONG> (Thumb, 86 bytes, Stack size 16 bytes, lcdhal.o(i.GL_DrawBMP))
<BR><BR>[Stack]<UL><LI>Max Depth = 16<LI>Call Chain = GL_DrawBMP
</UL>
<BR>[Calls]<UL><LI><a href="#[db]">&gt;&gt;</a>&nbsp;&nbsp;&nbsp;BmpBuffer32BitRead
<LI><a href="#[dc]">&gt;&gt;</a>&nbsp;&nbsp;&nbsp;LCD_WriteReg
<LI><a href="#[dd]">&gt;&gt;</a>&nbsp;&nbsp;&nbsp;LCD_WriteRAM_Prepare
<LI><a href="#[de]">&gt;&gt;</a>&nbsp;&nbsp;&nbsp;LCD_WriteRAM
</UL>
<BR>[Called By]<UL><LI><a href="#[ab]">&gt;&gt;</a>&nbsp;&nbsp;&nbsp;GL_DrawButtonBMP
</UL>

<P><STRONG><a name="[ab]"></a>GL_DrawButtonBMP</STRONG> (Thumb, 54 bytes, Stack size 16 bytes, graphicobject.o(i.GL_DrawButtonBMP))
<BR><BR>[Stack]<UL><LI>Max Depth = 32<LI>Call Chain = GL_DrawButtonBMP &rArr; GL_SetDisplayWindow &rArr; LCD_SetDisplayWindow &rArr; LCD_SetCursor
</UL>
<BR>[Calls]<UL><LI><a href="#[df]">&gt;&gt;</a>&nbsp;&nbsp;&nbsp;GL_SetDisplayWindow
<LI><a href="#[da]">&gt;&gt;</a>&nbsp;&nbsp;&nbsp;GL_DrawBMP
</UL>
<BR>[Called By]<UL><LI><a href="#[11e]">&gt;&gt;</a>&nbsp;&nbsp;&nbsp;ShowLoadingLogo
<LI><a href="#[4b]">&gt;&gt;</a>&nbsp;&nbsp;&nbsp;SetSwitchVisible
<LI><a href="#[50]">&gt;&gt;</a>&nbsp;&nbsp;&nbsp;SetSlidebarVisible
<LI><a href="#[4d]">&gt;&gt;</a>&nbsp;&nbsp;&nbsp;SetRadioButtonVisible
<LI><a href="#[4f]">&gt;&gt;</a>&nbsp;&nbsp;&nbsp;SetIconVisible
<LI><a href="#[4a]">&gt;&gt;</a>&nbsp;&nbsp;&nbsp;SetComboBoxVisible
<LI><a href="#[4e]">&gt;&gt;</a>&nbsp;&nbsp;&nbsp;SetCheckboxVisible
<LI><a href="#[4c]">&gt;&gt;</a>&nbsp;&nbsp;&nbsp;SetButtonVisible
<LI><a href="#[aa]">&gt;&gt;</a>&nbsp;&nbsp;&nbsp;CallPreEvents
</UL>

<P><STRONG><a name="[e1]"></a>GL_DrawLine</STRONG> (Thumb, 6 bytes, Stack size 0 bytes, lcdhal.o(i.GL_DrawLine))
<BR><BR>[Stack]<UL><LI>Max Depth = 36<LI>Call Chain = GL_DrawLine &rArr; LCD_DrawLine &rArr; LCD_SetCursor
</UL>
<BR>[Calls]<UL><LI><a href="#[e2]">&gt;&gt;</a>&nbsp;&nbsp;&nbsp;LCD_DrawLine
</UL>
<BR>[Called By]<UL><LI><a href="#[51]">&gt;&gt;</a>&nbsp;&nbsp;&nbsp;SetHistogramVisible
<LI><a href="#[52]">&gt;&gt;</a>&nbsp;&nbsp;&nbsp;SetGraphChartVisible
<LI><a href="#[e4]">&gt;&gt;</a>&nbsp;&nbsp;&nbsp;GL_DrawRectangle
<LI><a href="#[e0]">&gt;&gt;</a>&nbsp;&nbsp;&nbsp;GL_DrawFilledRectangle
</UL>

<P><STRONG><a name="[b9]"></a>GL_GPIO_ReadInputDataBit</STRONG> (Thumb, 4 bytes, Stack size 0 bytes, joyhal.o(i.GL_GPIO_ReadInputDataBit))
<BR><BR>[Calls]<UL><LI><a href="#[e5]">&gt;&gt;</a>&nbsp;&nbsp;&nbsp;GPIO_ReadInputDataBit
</UL>
<BR>[Called By]<UL><LI><a href="#[b7]">&gt;&gt;</a>&nbsp;&nbsp;&nbsp;CursorReadJoystick
<LI><a href="#[e7]">&gt;&gt;</a>&nbsp;&nbsp;&nbsp;GL_JoyStickStatePolling
</UL>

<P><STRONG><a name="[e6]"></a>GL_JoyStickConfig_GPIO</STRONG> (Thumb, 112 bytes, Stack size 16 bytes, joyhal.o(i.GL_JoyStickConfig_GPIO))
<BR><BR>[Stack]<UL><LI>Max Depth = 36<LI>Call Chain = GL_JoyStickConfig_GPIO &rArr; GPIO_Init
</UL>
<BR>[Calls]<UL><LI><a href="#[d4]">&gt;&gt;</a>&nbsp;&nbsp;&nbsp;GPIO_StructInit
<LI><a href="#[d6]">&gt;&gt;</a>&nbsp;&nbsp;&nbsp;GPIO_Init
<LI><a href="#[d5]">&gt;&gt;</a>&nbsp;&nbsp;&nbsp;RCC_APB2PeriphClockCmd
</UL>
<BR>[Called By]<UL><LI><a href="#[f7]">&gt;&gt;</a>&nbsp;&nbsp;&nbsp;InputInterface_Init
</UL>

<P><STRONG><a name="[b8]"></a>GL_JoyStickState</STRONG> (Thumb, 14 bytes, Stack size 0 bytes, joyhal.o(i.GL_JoyStickState))
<BR><BR>[Stack]<UL><LI>Max Depth = 16<LI>Call Chain = GL_JoyStickState &rArr; GL_JoyStickStatePolling
</UL>
<BR>[Calls]<UL><LI><a href="#[e7]">&gt;&gt;</a>&nbsp;&nbsp;&nbsp;GL_JoyStickStatePolling
</UL>
<BR>[Called By]<UL><LI><a href="#[b7]">&gt;&gt;</a>&nbsp;&nbsp;&nbsp;CursorReadJoystick
</UL>

<P><STRONG><a name="[e7]"></a>GL_JoyStickStatePolling</STRONG> (Thumb, 86 bytes, Stack size 16 bytes, joyhal.o(i.GL_JoyStickStatePolling))
<BR><BR>[Stack]<UL><LI>Max Depth = 16<LI>Call Chain = GL_JoyStickStatePolling
</UL>
<BR>[Calls]<UL><LI><a href="#[e5]">&gt;&gt;</a>&nbsp;&nbsp;&nbsp;GPIO_ReadInputDataBit
<LI><a href="#[b9]">&gt;&gt;</a>&nbsp;&nbsp;&nbsp;GL_GPIO_ReadInputDataBit
</UL>
<BR>[Called By]<UL><LI><a href="#[b8]">&gt;&gt;</a>&nbsp;&nbsp;&nbsp;GL_JoyStickState
</UL>

<P><STRONG><a name="[d9]"></a>GL_LCD_DisplayChar</STRONG> (Thumb, 56 bytes, Stack size 8 bytes, lcdhal.o(i.GL_LCD_DisplayChar))
<BR><BR>[Stack]<UL><LI>Max Depth = 68<LI>Call Chain = GL_LCD_DisplayChar &rArr; GL_LCD_DrawCharTransparent &rArr; LCD_PutPixel &rArr; LCD_SetCursor
</UL>
<BR>[Calls]<UL><LI><a href="#[e9]">&gt;&gt;</a>&nbsp;&nbsp;&nbsp;GL_LCD_DrawCharTransparent
<LI><a href="#[e8]">&gt;&gt;</a>&nbsp;&nbsp;&nbsp;GL_LCD_DrawChar
</UL>
<BR>[Called By]<UL><LI><a href="#[af]">&gt;&gt;</a>&nbsp;&nbsp;&nbsp;GL_DisplayAdjStringLine
</UL>

<P><STRONG><a name="[e8]"></a>GL_LCD_DrawChar</STRONG> (Thumb, 250 bytes, Stack size 40 bytes, lcdhal.o(i.GL_LCD_DrawChar))
<BR><BR>[Stack]<UL><LI>Max Depth = 60<LI>Call Chain = GL_LCD_DrawChar &rArr; LCD_PutPixel &rArr; LCD_SetCursor
</UL>
<BR>[Calls]<UL><LI><a href="#[b3]">&gt;&gt;</a>&nbsp;&nbsp;&nbsp;LCD_PutPixel
</UL>
<BR>[Called By]<UL><LI><a href="#[d9]">&gt;&gt;</a>&nbsp;&nbsp;&nbsp;GL_LCD_DisplayChar
</UL>

<P><STRONG><a name="[e9]"></a>GL_LCD_DrawCharTransparent</STRONG> (Thumb, 114 bytes, Stack size 40 bytes, lcdhal.o(i.GL_LCD_DrawCharTransparent))
<BR><BR>[Stack]<UL><LI>Max Depth = 60<LI>Call Chain = GL_LCD_DrawCharTransparent &rArr; LCD_PutPixel &rArr; LCD_SetCursor
</UL>
<BR>[Calls]<UL><LI><a href="#[b3]">&gt;&gt;</a>&nbsp;&nbsp;&nbsp;LCD_PutPixel
</UL>
<BR>[Called By]<UL><LI><a href="#[d9]">&gt;&gt;</a>&nbsp;&nbsp;&nbsp;GL_LCD_DisplayChar
</UL>

<P><STRONG><a name="[ea]"></a>GL_LCD_Init</STRONG> (Thumb, 4 bytes, Stack size 0 bytes, lcdhal.o(i.GL_LCD_Init))
<BR><BR>[Stack]<UL><LI>Max Depth = 136<LI>Call Chain = GL_LCD_Init &rArr; STM3210E_LCD_Init &rArr; LCD_FSMCConfig &rArr; FSMC_NORSRAMInit
</UL>
<BR>[Calls]<UL><LI><a href="#[eb]">&gt;&gt;</a>&nbsp;&nbsp;&nbsp;STM3210E_LCD_Init
</UL>
<BR>[Called By]<UL><LI><a href="#[46]">&gt;&gt;</a>&nbsp;&nbsp;&nbsp;main
</UL>

<P><STRONG><a name="[100]"></a>GL_LCD_ReadRAM</STRONG> (Thumb, 34 bytes, Stack size 8 bytes, lcdhal.o(i.GL_LCD_ReadRAM))
<BR><BR>[Stack]<UL><LI>Max Depth = 8<LI>Call Chain = GL_LCD_ReadRAM
</UL>
<BR>[Called By]<UL><LI><a href="#[b4]">&gt;&gt;</a>&nbsp;&nbsp;&nbsp;LCD_GetPixel
</UL>

<P><STRONG><a name="[cd]"></a>GL_SetBackColor</STRONG> (Thumb, 18 bytes, Stack size 8 bytes, lcdhal.o(i.GL_SetBackColor))
<BR><BR>[Stack]<UL><LI>Max Depth = 16<LI>Call Chain = GL_SetBackColor &rArr; LCD_SetBackColor
</UL>
<BR>[Calls]<UL><LI><a href="#[ec]">&gt;&gt;</a>&nbsp;&nbsp;&nbsp;LCD_SetBackColor
</UL>
<BR>[Called By]<UL><LI><a href="#[112]">&gt;&gt;</a>&nbsp;&nbsp;&nbsp;MENU_LibPresentation_Init
<LI><a href="#[69]">&gt;&gt;</a>&nbsp;&nbsp;&nbsp;FinishBtnFunc
<LI><a href="#[11e]">&gt;&gt;</a>&nbsp;&nbsp;&nbsp;ShowLoadingLogo
<LI><a href="#[4b]">&gt;&gt;</a>&nbsp;&nbsp;&nbsp;SetSwitchVisible
<LI><a href="#[4a]">&gt;&gt;</a>&nbsp;&nbsp;&nbsp;SetComboBoxVisible
<LI><a href="#[4c]">&gt;&gt;</a>&nbsp;&nbsp;&nbsp;SetButtonVisible
</UL>

<P><STRONG><a name="[df]"></a>GL_SetDisplayWindow</STRONG> (Thumb, 8 bytes, Stack size 0 bytes, lcdhal.o(i.GL_SetDisplayWindow))
<BR><BR>[Stack]<UL><LI>Max Depth = 16<LI>Call Chain = GL_SetDisplayWindow &rArr; LCD_SetDisplayWindow &rArr; LCD_SetCursor
</UL>
<BR>[Calls]<UL><LI><a href="#[ed]">&gt;&gt;</a>&nbsp;&nbsp;&nbsp;LCD_SetDisplayWindow
</UL>
<BR>[Called By]<UL><LI><a href="#[ab]">&gt;&gt;</a>&nbsp;&nbsp;&nbsp;GL_DrawButtonBMP
<LI><a href="#[fc]">&gt;&gt;</a>&nbsp;&nbsp;&nbsp;LCD_DrawColorBMP
<LI><a href="#[52]">&gt;&gt;</a>&nbsp;&nbsp;&nbsp;SetGraphChartVisible
</UL>

<P><STRONG><a name="[119]"></a>GL_SetFont</STRONG> (Thumb, 28 bytes, Stack size 0 bytes, lcdhal.o(i.GL_SetFont))
<BR><BR>[Called By]<UL><LI><a href="#[4b]">&gt;&gt;</a>&nbsp;&nbsp;&nbsp;SetSwitchVisible
<LI><a href="#[50]">&gt;&gt;</a>&nbsp;&nbsp;&nbsp;SetSlidebarVisible
<LI><a href="#[4d]">&gt;&gt;</a>&nbsp;&nbsp;&nbsp;SetRadioButtonVisible
<LI><a href="#[49]">&gt;&gt;</a>&nbsp;&nbsp;&nbsp;SetLabelVisible
<LI><a href="#[51]">&gt;&gt;</a>&nbsp;&nbsp;&nbsp;SetHistogramVisible
<LI><a href="#[52]">&gt;&gt;</a>&nbsp;&nbsp;&nbsp;SetGraphChartVisible
<LI><a href="#[4a]">&gt;&gt;</a>&nbsp;&nbsp;&nbsp;SetComboBoxVisible
<LI><a href="#[4e]">&gt;&gt;</a>&nbsp;&nbsp;&nbsp;SetCheckboxVisible
<LI><a href="#[4c]">&gt;&gt;</a>&nbsp;&nbsp;&nbsp;SetButtonVisible
</UL>

<P><STRONG><a name="[ae]"></a>GL_SetTextColor</STRONG> (Thumb, 18 bytes, Stack size 8 bytes, lcdhal.o(i.GL_SetTextColor))
<BR><BR>[Stack]<UL><LI>Max Depth = 16<LI>Call Chain = GL_SetTextColor &rArr; LCD_SetTextColor
</UL>
<BR>[Calls]<UL><LI><a href="#[f0]">&gt;&gt;</a>&nbsp;&nbsp;&nbsp;LCD_SetTextColor
</UL>
<BR>[Called By]<UL><LI><a href="#[112]">&gt;&gt;</a>&nbsp;&nbsp;&nbsp;MENU_LibPresentation_Init
<LI><a href="#[121]">&gt;&gt;</a>&nbsp;&nbsp;&nbsp;SlidebarLeftRightFunc
<LI><a href="#[7e]">&gt;&gt;</a>&nbsp;&nbsp;&nbsp;SlidebarFunc
<LI><a href="#[66]">&gt;&gt;</a>&nbsp;&nbsp;&nbsp;SlidebarDemoFunc
<LI><a href="#[78]">&gt;&gt;</a>&nbsp;&nbsp;&nbsp;RButtonFunc3
<LI><a href="#[77]">&gt;&gt;</a>&nbsp;&nbsp;&nbsp;RButtonFunc2
<LI><a href="#[76]">&gt;&gt;</a>&nbsp;&nbsp;&nbsp;RButtonFunc1
<LI><a href="#[6d]">&gt;&gt;</a>&nbsp;&nbsp;&nbsp;GeneralBtnFunc
<LI><a href="#[69]">&gt;&gt;</a>&nbsp;&nbsp;&nbsp;FinishBtnFunc
<LI><a href="#[70]">&gt;&gt;</a>&nbsp;&nbsp;&nbsp;EnDisBtnFunc
<LI><a href="#[7b]">&gt;&gt;</a>&nbsp;&nbsp;&nbsp;ComboboxFunc
<LI><a href="#[73]">&gt;&gt;</a>&nbsp;&nbsp;&nbsp;CheckboxFunc
<LI><a href="#[f6]">&gt;&gt;</a>&nbsp;&nbsp;&nbsp;Show_HomeScreen
<LI><a href="#[11e]">&gt;&gt;</a>&nbsp;&nbsp;&nbsp;ShowLoadingLogo
<LI><a href="#[4b]">&gt;&gt;</a>&nbsp;&nbsp;&nbsp;SetSwitchVisible
<LI><a href="#[50]">&gt;&gt;</a>&nbsp;&nbsp;&nbsp;SetSlidebarVisible
<LI><a href="#[4d]">&gt;&gt;</a>&nbsp;&nbsp;&nbsp;SetRadioButtonVisible
<LI><a href="#[49]">&gt;&gt;</a>&nbsp;&nbsp;&nbsp;SetLabelVisible
<LI><a href="#[51]">&gt;&gt;</a>&nbsp;&nbsp;&nbsp;SetHistogramVisible
<LI><a href="#[52]">&gt;&gt;</a>&nbsp;&nbsp;&nbsp;SetGraphChartVisible
<LI><a href="#[4a]">&gt;&gt;</a>&nbsp;&nbsp;&nbsp;SetComboBoxVisible
<LI><a href="#[4e]">&gt;&gt;</a>&nbsp;&nbsp;&nbsp;SetCheckboxVisible
<LI><a href="#[4c]">&gt;&gt;</a>&nbsp;&nbsp;&nbsp;SetButtonVisible
<LI><a href="#[e0]">&gt;&gt;</a>&nbsp;&nbsp;&nbsp;GL_DrawFilledRectangle
</UL>

<P><STRONG><a name="[d6]"></a>GPIO_Init</STRONG> (Thumb, 162 bytes, Stack size 20 bytes, stm32f10x_gpio.o(i.GPIO_Init))
<BR><BR>[Stack]<UL><LI>Max Depth = 20<LI>Call Chain = GPIO_Init
</UL>
<BR>[Called By]<UL><LI><a href="#[e6]">&gt;&gt;</a>&nbsp;&nbsp;&nbsp;GL_JoyStickConfig_GPIO
<LI><a href="#[d3]">&gt;&gt;</a>&nbsp;&nbsp;&nbsp;GL_ButtonInit
[...]
</UL>
<BR>[Calls]<UL><LI><a href="#[121]">&gt;&gt;</a>&nbsp;&nbsp;&nbsp;SlidebarLeftRightFunc
</UL>
<BR>[Address Reference Count : 1]<UL><LI> menu.o(i.LibPresentation_InitPage6)
</UL>
<P><STRONG><a name="[121]"></a>SlidebarLeftRightFunc</STRONG> (Thumb, 160 bytes, Stack size 40 bytes, menu.o(i.SlidebarLeftRightFunc))
<BR><BR>[Stack]<UL><LI>Max Depth = 140<LI>Call Chain = SlidebarLeftRightFunc &rArr; GL_DisplayAdjStringLine &rArr; GL_LCD_DisplayChar &rArr; GL_LCD_DrawCharTransparent &rArr; LCD_PutPixel &rArr; LCD_SetCursor
</UL>
<BR>[Calls]<UL><LI><a href="#[9d]">&gt;&gt;</a>&nbsp;&nbsp;&nbsp;__aeabi_ui2d
<LI><a href="#[9a]">&gt;&gt;</a>&nbsp;&nbsp;&nbsp;__aeabi_dmul
<LI><a href="#[9e]">&gt;&gt;</a>&nbsp;&nbsp;&nbsp;__aeabi_d2uiz
<LI><a href="#[11f]">&gt;&gt;</a>&nbsp;&nbsp;&nbsp;Get_SlidebarValue
<LI><a href="#[ae]">&gt;&gt;</a>&nbsp;&nbsp;&nbsp;GL_SetTextColor
<LI><a href="#[af]">&gt;&gt;</a>&nbsp;&nbsp;&nbsp;GL_DisplayAdjStringLine
<LI><a href="#[120]">&gt;&gt;</a>&nbsp;&nbsp;&nbsp;strcat
<LI><a href="#[11b]">&gt;&gt;</a>&nbsp;&nbsp;&nbsp;__2sprintf
</UL>
<BR>[Called By]<UL><LI><a href="#[80]">&gt;&gt;</a>&nbsp;&nbsp;&nbsp;SlidebarRightFunc
<LI><a href="#[7f]">&gt;&gt;</a>&nbsp;&nbsp;&nbsp;SlidebarLeftFunc
</UL>

<P><STRONG><a name="[80]"></a>SlidebarRightFunc</STRONG> (Thumb, 6 bytes, Stack size 0 bytes, menu.o(i.SlidebarRightFunc))
<BR><BR>[Stack]<UL><LI>Max Depth = 140<LI>Call Chain = SlidebarRightFunc &rArr; SlidebarLeftRightFunc &rArr; GL_DisplayAdjStringLine &rArr; GL_LCD_DisplayChar &rArr; GL_LCD_DrawCharTransparent &rArr; LCD_PutPixel &rArr; LCD_SetCursor
</UL>
<BR>[Calls]<UL><LI><a href="#[121]">&gt;&gt;</a>&nbsp;&nbsp;&nbsp;SlidebarLeftRightFunc
</UL>
<BR>[Address Reference Count : 1]<UL><LI> menu.o(i.LibPresentation_InitPage6)
</UL>
<P><STRONG><a name="[58]"></a>StartDemoFunc</STRONG> (Thumb, 10 bytes, Stack size 0 bytes, menu.o(i.StartDemoFunc))
<BR><BR>[Stack]<UL><LI>Max Depth = 144<LI>Call Chain = StartDemoFunc &rArr; MENU_DemoPresentation_SwitchPage &rArr; MENU_Demo_Init &rArr; Demo_InitPage7 &rArr; __aeabi_dmul &rArr; _double_epilogue &rArr; _double_round
</UL>
<BR>[Calls]<UL><LI><a href="#[a9]">&gt;&gt;</a>&nbsp;&nbsp;&nbsp;MENU_DemoPresentation_SwitchPage
</UL>
<BR>[Address Reference Count : 1]<UL><LI> menu.o(i.Demo_InitPage0)
</UL>
<P><STRONG><a name="[5a]"></a>SwitchDemoBtnFunc</STRONG> (Thumb, 20 bytes, Stack size 8 bytes, menu.o(i.SwitchDemoBtnFunc))
<BR><BR>[Stack]<UL><LI>Max Depth = 20<LI>Call Chain = SwitchDemoBtnFunc &rArr; GetObjStatus
</UL>
<BR>[Calls]<UL><LI><a href="#[55]">&gt;&gt;</a>&nbsp;&nbsp;&nbsp;GetObjStatus
</UL>
<BR>[Address Reference Count : 1]<UL><LI> menu.o(i.Demo_InitPage1)
</UL>
<P><STRONG><a name="[118]"></a>delay</STRONG> (Thumb, 22 bytes, Stack size 12 bytes, stm3210e_eval_lcd.o(i.delay))
<BR><BR>[Stack]<UL><LI>Max Depth = 12<LI>Call Chain = delay
</UL>
<BR>[Called By]<UL><LI><a href="#[eb]">&gt;&gt;</a>&nbsp;&nbsp;&nbsp;STM3210E_LCD_Init
</UL>

<P><STRONG><a name="[db]"></a>BmpBuffer32BitRead</STRONG> (Thumb, 34 bytes, Stack size 0 bytes, lcdhal.o(i.BmpBuffer32BitRead))
<BR><BR>[Called By]<UL><LI><a href="#[fc]">&gt;&gt;</a>&nbsp;&nbsp;&nbsp;LCD_DrawColorBMP
<LI><a href="#[da]">&gt;&gt;</a>&nbsp;&nbsp;&nbsp;GL_DrawBMP
</UL>

<P><STRONG><a name="[116]"></a>CallEvent</STRONG> (Thumb, 132 bytes, Stack size 0 bytes, graphicobject.o(i.CallEvent))
<BR><BR>[Called By]<UL><LI><a href="#[114]">&gt;&gt;</a>&nbsp;&nbsp;&nbsp;ProcessInputData
</UL>

<P><STRONG><a name="[aa]"></a>CallPreEvents</STRONG> (Thumb, 506 bytes, Stack size 32 bytes, graphicobject.o(i.CallPreEvents))
<BR><BR>[Stack]<UL><LI>Max Depth = 108<LI>Call Chain = CallPreEvents &rArr; CursorDraw &rArr; LCD_PutPixel &rArr; LCD_SetCursor
</UL>
<BR>[Calls]<UL><LI><a href="#[ab]">&gt;&gt;</a>&nbsp;&nbsp;&nbsp;GL_DrawButtonBMP
<LI><a href="#[ac]">&gt;&gt;</a>&nbsp;&nbsp;&nbsp;GL_Delay
<LI><a href="#[ad]">&gt;&gt;</a>&nbsp;&nbsp;&nbsp;CursorDraw
</UL>
<BR>[Called By]<UL><LI><a href="#[114]">&gt;&gt;</a>&nbsp;&nbsp;&nbsp;ProcessInputData
</UL>

<P><STRONG><a name="[e0]"></a>GL_DrawFilledRectangle</STRONG> (Thumb, 134 bytes, Stack size 32 bytes, graphicobject.o(i.GL_DrawFilledRectangle))
<BR><BR>[Stack]<UL><LI>Max Depth = 68<LI>Call Chain = GL_DrawFilledRectangle &rArr; GL_DrawLine &rArr; LCD_DrawLine &rArr; LCD_SetCursor
</UL>
<BR>[Calls]<UL><LI><a href="#[ae]">&gt;&gt;</a>&nbsp;&nbsp;&nbsp;GL_SetTextColor
<LI><a href="#[e1]">&gt;&gt;</a>&nbsp;&nbsp;&nbsp;GL_DrawLine
</UL>
<BR>[Called By]<UL><LI><a href="#[51]">&gt;&gt;</a>&nbsp;&nbsp;&nbsp;SetHistogramVisible
<LI><a href="#[4a]">&gt;&gt;</a>&nbsp;&nbsp;&nbsp;SetComboBoxVisible
<LI><a href="#[e3]">&gt;&gt;</a>&nbsp;&nbsp;&nbsp;GL_DrawObliqueLine
</UL>

<P><STRONG><a name="[e3]"></a>GL_DrawObliqueLine</STRONG> (Thumb, 312 bytes, Stack size 40 bytes, graphicobject.o(i.GL_DrawObliqueLine))
<BR><BR>[Stack]<UL><LI>Max Depth = 108<LI>Call Chain = GL_DrawObliqueLine &rArr; GL_DrawFilledRectangle &rArr; GL_DrawLine &rArr; LCD_DrawLine &rArr; LCD_SetCursor
</UL>
<BR>[Calls]<UL><LI><a href="#[b3]">&gt;&gt;</a>&nbsp;&nbsp;&nbsp;LCD_PutPixel
<LI><a href="#[e0]">&gt;&gt;</a>&nbsp;&nbsp;&nbsp;GL_DrawFilledRectangle
</UL>
<BR>[Called By]<UL><LI><a href="#[52]">&gt;&gt;</a>&nbsp;&nbsp;&nbsp;SetGraphChartVisible
</UL>

<P><STRONG><a name="[e4]"></a>GL_DrawRectangle</STRONG> (Thumb, 74 bytes, Stack size 24 bytes, graphicobject.o(i.GL_DrawRectangle))
<BR><BR>[Stack]<UL><LI>Max Depth = 60<LI>Call Chain = GL_DrawRectangle &rArr; GL_DrawLine &rArr; LCD_DrawLine &rArr; LCD_SetCursor
</UL>
<BR>[Calls]<UL><LI><a href="#[e1]">&gt;&gt;</a>&nbsp;&nbsp;&nbsp;GL_DrawLine
</UL>
<BR>[Called By]<UL><LI><a href="#[50]">&gt;&gt;</a>&nbsp;&nbsp;&nbsp;SetSlidebarVisible
</UL>

<P><STRONG><a name="[a4]"></a>GL_SetStringFieldValue</STRONG> (Thumb, 60 bytes, Stack size 24 bytes, graphicobject.o(i.GL_SetStringFieldValue))
<BR><BR>[Stack]<UL><LI>Max Depth = 32<LI>Call Chain = GL_SetStringFieldValue &rArr; strncpy
</UL>
<BR>[Calls]<UL><LI><a href="#[ee]">&gt;&gt;</a>&nbsp;&nbsp;&nbsp;strlen
<LI><a href="#[ef]">&gt;&gt;</a>&nbsp;&nbsp;&nbsp;strncpy
</UL>
<BR>[Called By]<UL><LI><a href="#[c1]">&gt;&gt;</a>&nbsp;&nbsp;&nbsp;NewSwitch
<LI><a href="#[c8]">&gt;&gt;</a>&nbsp;&nbsp;&nbsp;NewSlidebar
<LI><a href="#[be]">&gt;&gt;</a>&nbsp;&nbsp;&nbsp;NewLabel
<LI><a href="#[10e]">&gt;&gt;</a>&nbsp;&nbsp;&nbsp;NewHistogram
<LI><a href="#[110]">&gt;&gt;</a>&nbsp;&nbsp;&nbsp;NewGraphChart
<LI><a href="#[c5]">&gt;&gt;</a>&nbsp;&nbsp;&nbsp;NewCheckbox
<LI><a href="#[bf]">&gt;&gt;</a>&nbsp;&nbsp;&nbsp;NewButton
<LI><a href="#[89]">&gt;&gt;</a>&nbsp;&nbsp;&nbsp;AddComboOption
<LI><a href="#[8a]">&gt;&gt;</a>&nbsp;&nbsp;&nbsp;AddRadioOption
</UL>

<P><STRONG><a name="[56]"></a>GetObjCoordinates</STRONG> (Thumb, 230 bytes, Stack size 20 bytes, graphicobject.o(i.GetObjCoordinates))
<BR><BR>[Stack]<UL><LI>Max Depth = 20<LI>Call Chain = GetObjCoordinates
</UL>
<BR>[Address Reference Count : 1]<UL><LI> graphicobject.o(i.Create_PageObj)
</UL>
<P><STRONG><a name="[f1]"></a>GetObjSize</STRONG> (Thumb, 158 bytes, Stack size 32 bytes, graphicobject.o(i.GetObjSize))
<BR><BR>[Stack]<UL><LI>Max Depth = 32<LI>Call Chain = GetObjSize
</UL>
<BR>[Calls]<UL><LI><a href="#[ee]">&gt;&gt;</a>&nbsp;&nbsp;&nbsp;strlen
</UL>
<BR>[Called By]<UL><LI><a href="#[114]">&gt;&gt;</a>&nbsp;&nbsp;&nbsp;ProcessInputData
</UL>

<P><STRONG><a name="[4c]"></a>SetButtonVisible</STRONG> (Thumb, 354 bytes, Stack size 64 bytes, graphicobject.o(i.SetButtonVisible))
<BR><BR>[Stack]<UL><LI>Max Depth = 164<LI>Call Chain = SetButtonVisible &rArr; GL_DisplayAdjStringLine &rArr; GL_LCD_DisplayChar &rArr; GL_LCD_DrawCharTransparent &rArr; LCD_PutPixel &rArr; LCD_SetCursor
</UL>
<BR>[Calls]<UL><LI><a href="#[ae]">&gt;&gt;</a>&nbsp;&nbsp;&nbsp;GL_SetTextColor
<LI><a href="#[cd]">&gt;&gt;</a>&nbsp;&nbsp;&nbsp;GL_SetBackColor
<LI><a href="#[ab]">&gt;&gt;</a>&nbsp;&nbsp;&nbsp;GL_DrawButtonBMP
<LI><a href="#[af]">&gt;&gt;</a>&nbsp;&nbsp;&nbsp;GL_DisplayAdjStringLine
<LI><a href="#[119]">&gt;&gt;</a>&nbsp;&nbsp;&nbsp;GL_SetFont
<LI><a href="#[ee]">&gt;&gt;</a>&nbsp;&nbsp;&nbsp;strlen
</UL>
<BR>[Address Reference Count : 1]<UL><LI> graphicobject.o(i.AddPageControlObj)
</UL>
<P><STRONG><a name="[4e]"></a>SetCheckboxVisible</STRONG> (Thumb, 144 bytes, Stack size 32 bytes, graphicobject.o(i.SetCheckboxVisible))
<BR><BR>[Stack]<UL><LI>Max Depth = 132<LI>Call Chain = SetCheckboxVisible &rArr; GL_DisplayAdjStringLine &rArr; GL_LCD_DisplayChar &rArr; GL_LCD_DrawCharTransparent &rArr; LCD_PutPixel &rArr; LCD_SetCursor
</UL>
<BR>[Calls]<UL><LI><a href="#[ae]">&gt;&gt;</a>&nbsp;&nbsp;&nbsp;GL_SetTextColor
<LI><a href="#[ab]">&gt;&gt;</a>&nbsp;&nbsp;&nbsp;GL_DrawButtonBMP
<LI><a href="#[af]">&gt;&gt;</a>&nbsp;&nbsp;&nbsp;GL_DisplayAdjStringLine
<LI><a href="#[119]">&gt;&gt;</a>&nbsp;&nbsp;&nbsp;GL_SetFont
<LI><a href="#[ee]">&gt;&gt;</a>&nbsp;&nbsp;&nbsp;strlen
</UL>
<BR>[Address Reference Count : 1]<UL><LI> graphicobject.o(i.AddPageControlObj)
</UL>
<P><STRONG><a name="[4a]"></a>SetComboBoxVisible</STRONG> (Thumb, 268 bytes, Stack size 40 bytes, graphicobject.o(i.SetComboBoxVisible))
<BR><BR>[Stack]<UL><LI>Max Depth = 140<LI>Call Chain = SetComboBoxVisible &rArr; GL_DisplayAdjStringLine &rArr; GL_LCD_DisplayChar &rArr; GL_LCD_DrawCharTransparent &rArr; LCD_PutPixel &rArr; LCD_SetCursor
</UL>
<BR>[Calls]<UL><LI><a href="#[ae]">&gt;&gt;</a>&nbsp;&nbsp;&nbsp;GL_SetTextColor
<LI><a href="#[cd]">&gt;&gt;</a>&nbsp;&nbsp;&nbsp;GL_SetBackColor
<LI><a href="#[ab]">&gt;&gt;</a>&nbsp;&nbsp;&nbsp;GL_DrawButtonBMP
<LI><a href="#[af]">&gt;&gt;</a>&nbsp;&nbsp;&nbsp;GL_DisplayAdjStringLine
<LI><a href="#[119]">&gt;&gt;</a>&nbsp;&nbsp;&nbsp;GL_SetFont
<LI><a href="#[e0]">&gt;&gt;</a>&nbsp;&nbsp;&nbsp;GL_DrawFilledRectangle
</UL>
<BR>[Address Reference Count : 1]<UL><LI> graphicobject.o(i.AddPageControlObj)
</UL>
<P><STRONG><a name="[52]"></a>SetGraphChartVisible</STRONG> (Thumb, 1834 bytes, Stack size 160 bytes, graphicobject.o(i.SetGraphChartVisible))
<BR><BR>[Stack]<UL><LI>Max Depth = 268<LI>Call Chain = SetGraphChartVisible &rArr; GL_DrawObliqueLine &rArr; GL_DrawFilledRectangle &rArr; GL_DrawLine &rArr; LCD_DrawLine &rArr; LCD_SetCursor
</UL>
<BR>[Calls]<UL><LI><a href="#[9d]">&gt;&gt;</a>&nbsp;&nbsp;&nbsp;__aeabi_ui2d
<LI><a href="#[9a]">&gt;&gt;</a>&nbsp;&nbsp;&nbsp;__aeabi_dmul
<LI><a href="#[9e]">&gt;&gt;</a>&nbsp;&nbsp;&nbsp;__aeabi_d2uiz
<LI><a href="#[ae]">&gt;&gt;</a>&nbsp;&nbsp;&nbsp;GL_SetTextColor
<LI><a href="#[af]">&gt;&gt;</a>&nbsp;&nbsp;&nbsp;GL_DisplayAdjStringLine
<LI><a href="#[d7]">&gt;&gt;</a>&nbsp;&nbsp;&nbsp;GL_Clear
<LI><a href="#[98]">&gt;&gt;</a>&nbsp;&nbsp;&nbsp;__aeabi_dsub
<LI><a href="#[9b]">&gt;&gt;</a>&nbsp;&nbsp;&nbsp;__aeabi_ddiv
<LI><a href="#[93]">&gt;&gt;</a>&nbsp;&nbsp;&nbsp;__aeabi_dadd
<LI><a href="#[119]">&gt;&gt;</a>&nbsp;&nbsp;&nbsp;GL_SetFont
<LI><a href="#[df]">&gt;&gt;</a>&nbsp;&nbsp;&nbsp;GL_SetDisplayWindow
<LI><a href="#[e1]">&gt;&gt;</a>&nbsp;&nbsp;&nbsp;GL_DrawLine
<LI><a href="#[9c]">&gt;&gt;</a>&nbsp;&nbsp;&nbsp;__aeabi_i2d
<LI><a href="#[11a]">&gt;&gt;</a>&nbsp;&nbsp;&nbsp;__aeabi_cdrcmple
<LI><a href="#[11c]">&gt;&gt;</a>&nbsp;&nbsp;&nbsp;__aeabi_cdcmple
<LI><a href="#[99]">&gt;&gt;</a>&nbsp;&nbsp;&nbsp;__aeabi_drsub
<LI><a href="#[e3]">&gt;&gt;</a>&nbsp;&nbsp;&nbsp;GL_DrawObliqueLine
<LI><a href="#[11b]">&gt;&gt;</a>&nbsp;&nbsp;&nbsp;__2sprintf
</UL>
<BR>[Address Reference Count : 1]<UL><LI> graphicobject.o(i.AddPageControlObj)
</UL>
<P><STRONG><a name="[51]"></a>SetHistogramVisible</STRONG> (Thumb, 782 bytes, Stack size 128 bytes, graphicobject.o(i.SetHistogramVisible))
<BR><BR>[Stack]<UL><LI>Max Depth = 228<LI>Call Chain = SetHistogramVisible &rArr; GL_DisplayAdjStringLine &rArr; GL_LCD_DisplayChar &rArr; GL_LCD_DrawCharTransparent &rArr; LCD_PutPixel &rArr; LCD_SetCursor
</UL>
<BR>[Calls]<UL><LI><a href="#[9d]">&gt;&gt;</a>&nbsp;&nbsp;&nbsp;__aeabi_ui2d
<LI><a href="#[9a]">&gt;&gt;</a>&nbsp;&nbsp;&nbsp;__aeabi_dmul
<LI><a href="#[9e]">&gt;&gt;</a>&nbsp;&nbsp;&nbsp;__aeabi_d2uiz
<LI><a href="#[ae]">&gt;&gt;</a>&nbsp;&nbsp;&nbsp;GL_SetTextColor
<LI><a href="#[af]">&gt;&gt;</a>&nbsp;&nbsp;&nbsp;GL_DisplayAdjStringLine
<LI><a href="#[98]">&gt;&gt;</a>&nbsp;&nbsp;&nbsp;__aeabi_dsub
<LI><a href="#[9b]">&gt;&gt;</a>&nbsp;&nbsp;&nbsp;__aeabi_ddiv
<LI><a href="#[93]">&gt;&gt;</a>&nbsp;&nbsp;&nbsp;__aeabi_dadd
<LI><a href="#[119]">&gt;&gt;</a>&nbsp;&nbsp;&nbsp;GL_SetFont
<LI><a href="#[e1]">&gt;&gt;</a>&nbsp;&nbsp;&nbsp;GL_DrawLine
<LI><a href="#[9c]">&gt;&gt;</a>&nbsp;&nbsp;&nbsp;__aeabi_i2d
<LI><a href="#[11a]">&gt;&gt;</a>&nbsp;&nbsp;&nbsp;__aeabi_cdrcmple
<LI><a href="#[11c]">&gt;&gt;</a>&nbsp;&nbsp;&nbsp;__aeabi_cdcmple
<LI><a href="#[99]">&gt;&gt;</a>&nbsp;&nbsp;&nbsp;__aeabi_drsub
<LI><a href="#[e0]">&gt;&gt;</a>&nbsp;&nbsp;&nbsp;GL_DrawFilledRectangle
<LI><a href="#[11b]">&gt;&gt;</a>&nbsp;&nbsp;&nbsp;__2sprintf
</UL>
<BR>[Address Reference Count : 1]<UL><LI> graphicobject.o(i.AddPageControlObj)
</UL>
<P><STRONG><a name="[4f]"></a>SetIconVisible</STRONG> (Thumb, 36 bytes, Stack size 16 bytes, graphicobject.o(i.SetIconVisible))
<BR><BR>[Stack]<UL><LI>Max Depth = 48<LI>Call Chain = SetIconVisible &rArr; GL_DrawButtonBMP &rArr; GL_SetDisplayWindow &rArr; LCD_SetDisplayWindow &rArr; LCD_SetCursor
</UL>
<BR>[Calls]<UL><LI><a href="#[ab]">&gt;&gt;</a>&nbsp;&nbsp;&nbsp;GL_DrawButtonBMP
</UL>
<BR>[Address Reference Count : 1]<UL><LI> graphicobject.o(i.AddPageControlObj)
</UL>
<P><STRONG><a name="[49]"></a>SetLabelVisible</STRONG> (Thumb, 234 bytes, Stack size 24 bytes, graphicobject.o(i.SetLabelVisible))
<BR><BR>[Stack]<UL><LI>Max Depth = 124<LI>Call Chain = SetLabelVisible &rArr; GL_DisplayAdjStringLine &rArr; GL_LCD_DisplayChar &rArr; GL_LCD_DrawCharTransparent &rArr; LCD_PutPixel &rArr; LCD_SetCursor
</UL>
<BR>[Calls]<UL><LI><a href="#[ae]">&gt;&gt;</a>&nbsp;&nbsp;&nbsp;GL_SetTextColor
<LI><a href="#[af]">&gt;&gt;</a>&nbsp;&nbsp;&nbsp;GL_DisplayAdjStringLine
<LI><a href="#[104]">&gt;&gt;</a>&nbsp;&nbsp;&nbsp;LCD_PrintStringLine
<LI><a href="#[f8]">&gt;&gt;</a>&nbsp;&nbsp;&nbsp;LCD_Change_Direction
<LI><a href="#[119]">&gt;&gt;</a>&nbsp;&nbsp;&nbsp;GL_SetFont
<LI><a href="#[ee]">&gt;&gt;</a>&nbsp;&nbsp;&nbsp;strlen
</UL>
<BR>[Address Reference Count : 1]<UL><LI> graphicobject.o(i.AddPageControlObj)
</UL>
<P><STRONG><a name="[54]"></a>SetPage</STRONG> (Thumb, 10 bytes, Stack size 0 bytes, graphicobject.o(i.SetPage))
<BR>[Address Reference Count : 1]<UL><LI> graphicobject.o(i.Create_PageObj)
</UL>
<P><STRONG><a name="[4d]"></a>SetRadioButtonVisible</STRONG> (Thumb, 142 bytes, Stack size 32 bytes, graphicobject.o(i.SetRadioButtonVisible))
<BR><BR>[Stack]<UL><LI>Max Depth = 132<LI>Call Chain = SetRadioButtonVisible &rArr; GL_DisplayAdjStringLine &rArr; GL_LCD_DisplayChar &rArr; GL_LCD_DrawCharTransparent &rArr; LCD_PutPixel &rArr; LCD_SetCursor
</UL>
<BR>[Calls]<UL><LI><a href="#[ae]">&gt;&gt;</a>&nbsp;&nbsp;&nbsp;GL_SetTextColor
<LI><a href="#[ab]">&gt;&gt;</a>&nbsp;&nbsp;&nbsp;GL_DrawButtonBMP
<LI><a href="#[af]">&gt;&gt;</a>&nbsp;&nbsp;&nbsp;GL_DisplayAdjStringLine
<LI><a href="#[119]">&gt;&gt;</a>&nbsp;&nbsp;&nbsp;GL_SetFont
<LI><a href="#[ee]">&gt;&gt;</a>&nbsp;&nbsp;&nbsp;strlen
</UL>
<BR>[Address Reference Count : 1]<UL><LI> graphicobject.o(i.AddPageControlObj)
</UL>
<P><STRONG><a name="[50]"></a>SetSlidebarVisible</STRONG> (Thumb, 890 bytes, Stack size 56 bytes, graphicobject.o(i.SetSlidebarVisible))
<BR><BR>[Stack]<UL><LI>Max Depth = 156<LI>Call Chain = SetSlidebarVisible &rArr; GL_DisplayAdjStringLine &rArr; GL_LCD_DisplayChar &rArr; GL_LCD_DrawCharTransparent &rArr; LCD_PutPixel &rArr; LCD_SetCursor
</UL>
<BR>[Calls]<UL><LI><a href="#[ae]">&gt;&gt;</a>&nbsp;&nbsp;&nbsp;GL_SetTextColor
<LI><a href="#[ab]">&gt;&gt;</a>&nbsp;&nbsp;&nbsp;GL_DrawButtonBMP
<LI><a href="#[af]">&gt;&gt;</a>&nbsp;&nbsp;&nbsp;GL_DisplayAdjStringLine
<LI><a href="#[ad]">&gt;&gt;</a>&nbsp;&nbsp;&nbsp;CursorDraw
<LI><a href="#[104]">&gt;&gt;</a>&nbsp;&nbsp;&nbsp;LCD_PrintStringLine
<LI><a href="#[fc]">&gt;&gt;</a>&nbsp;&nbsp;&nbsp;LCD_DrawColorBMP
<LI><a href="#[f8]">&gt;&gt;</a>&nbsp;&nbsp;&nbsp;LCD_Change_Direction
<LI><a href="#[119]">&gt;&gt;</a>&nbsp;&nbsp;&nbsp;GL_SetFont
<LI><a href="#[ee]">&gt;&gt;</a>&nbsp;&nbsp;&nbsp;strlen
<LI><a href="#[11d]">&gt;&gt;</a>&nbsp;&nbsp;&nbsp;SlidebarCursorPreDraw
<LI><a href="#[e4]">&gt;&gt;</a>&nbsp;&nbsp;&nbsp;GL_DrawRectangle
</UL>
<BR>[Address Reference Count : 1]<UL><LI> graphicobject.o(i.AddPageControlObj)
</UL>
<P><STRONG><a name="[4b]"></a>SetSwitchVisible</STRONG> (Thumb, 372 bytes, Stack size 64 bytes, graphicobject.o(i.SetSwitchVisible))
<BR><BR>[Stack]<UL><LI>Max Depth = 164<LI>Call Chain = SetSwitchVisible &rArr; GL_DisplayAdjStringLine &rArr; GL_LCD_DisplayChar &rArr; GL_LCD_DrawCharTransparent &rArr; LCD_PutPixel &rArr; LCD_SetCursor
</UL>
<BR>[Calls]<UL><LI><a href="#[ae]">&gt;&gt;</a>&nbsp;&nbsp;&nbsp;GL_SetTextColor
<LI><a href="#[cd]">&gt;&gt;</a>&nbsp;&nbsp;&nbsp;GL_SetBackColor
<LI><a href="#[ab]">&gt;&gt;</a>&nbsp;&nbsp;&nbsp;GL_DrawButtonBMP
<LI><a href="#[af]">&gt;&gt;</a>&nbsp;&nbsp;&nbsp;GL_DisplayAdjStringLine
<LI><a href="#[119]">&gt;&gt;</a>&nbsp;&nbsp;&nbsp;GL_SetFont
<LI><a href="#[ee]">&gt;&gt;</a>&nbsp;&nbsp;&nbsp;strlen
</UL>
<BR>[Address Reference Count : 1]<UL><LI> graphicobject.o(i.AddPageControlObj)
</UL>
<P><STRONG><a name="[11d]"></a>SlidebarCursorPreDraw</STRONG> (Thumb, 258 bytes, Stack size 40 bytes, graphicobject.o(i.SlidebarCursorPreDraw))
<BR><BR>[Stack]<UL><LI>Max Depth = 60<LI>Call Chain = SlidebarCursorPreDraw &rArr; LCD_PutPixel &rArr; LCD_SetCursor
</UL>
<BR>[Calls]<UL><LI><a href="#[b3]">&gt;&gt;</a>&nbsp;&nbsp;&nbsp;LCD_PutPixel
<LI><a href="#[b4]">&gt;&gt;</a>&nbsp;&nbsp;&nbsp;LCD_GetPixel
</UL>
<BR>[Called By]<UL><LI><a href="#[50]">&gt;&gt;</a>&nbsp;&nbsp;&nbsp;SetSlidebarVisible
</UL>

<P><STRONG><a name="[127]"></a>_fp_digits</STRONG> (Thumb, 334 bytes, Stack size 56 bytes, printfa.o(i._fp_digits), UNUSED)
<BR><BR>[Calls]<UL><LI><a href="#[9a]">&gt;&gt;</a>&nbsp;&nbsp;&nbsp;__aeabi_dmul
<LI><a href="#[9b]">&gt;&gt;</a>&nbsp;&nbsp;&nbsp;__aeabi_ddiv
<LI><a href="#[93]">&gt;&gt;</a>&nbsp;&nbsp;&nbsp;__aeabi_dadd
<LI><a href="#[11a]">&gt;&gt;</a>&nbsp;&nbsp;&nbsp;__aeabi_cdrcmple
<LI><a href="#[a0]">&gt;&gt;</a>&nbsp;&nbsp;&nbsp;__aeabi_uldivmod
<LI><a href="#[a1]">&gt;&gt;</a>&nbsp;&nbsp;&nbsp;__aeabi_d2ulz
</UL>
<BR>[Called By]<UL><LI><a href="#[126]">&gt;&gt;</a>&nbsp;&nbsp;&nbsp;_printf_core
</UL>

<P><STRONG><a name="[126]"></a>_printf_core</STRONG> (Thumb, 1744 bytes, Stack size 136 bytes, printfa.o(i._printf_core), UNUSED)
<BR><BR>[Calls]<UL><LI><a href="#[a0]">&gt;&gt;</a>&nbsp;&nbsp;&nbsp;__aeabi_uldivmod
<LI><a href="#[12a]">&gt;&gt;</a>&nbsp;&nbsp;&nbsp;__aeabi_uidivmod
<LI><a href="#[128]">&gt;&gt;</a>&nbsp;&nbsp;&nbsp;_printf_pre_padding
<LI><a href="#[129]">&gt;&gt;</a>&nbsp;&nbsp;&nbsp;_printf_post_padding
<LI><a href="#[127]">&gt;&gt;</a>&nbsp;&nbsp;&nbsp;_fp_digits
</UL>
<BR>[Called By]<UL><LI><a href="#[125]">&gt;&gt;</a>&nbsp;&nbsp;&nbsp;__0sprintf
</UL>

<P><STRONG><a name="[129]"></a>_printf_post_padding</STRONG> (Thumb, 36 bytes, Stack size 24 bytes, printfa.o(i._printf_post_padding), UNUSED)
<BR><BR>[Called By]<UL><LI><a href="#[126]">&gt;&gt;</a>&nbsp;&nbsp;&nbsp;_printf_core
</UL>

<P><STRONG><a name="[128]"></a>_printf_pre_padding</STRONG> (Thumb, 46 bytes, Stack size 24 bytes, printfa.o(i._printf_pre_padding), UNUSED)
<BR><BR>[Called By]<UL><LI><a href="#[126]">&gt;&gt;</a>&nbsp;&nbsp;&nbsp;_printf_core
</UL>

<P><STRONG><a name="[8d]"></a>_sputc</STRONG> (Thumb, 10 bytes, Stack size 0 bytes, printfa.o(i._sputc))
<BR><BR>[Called By]<UL><LI><a href="#[125]">&gt;&gt;</a>&nbsp;&nbsp;&nbsp;__0sprintf
</UL>
<BR>[Address Reference Count : 1]<UL><LI> printfa.o(i.__0sprintf)
</UL><P>
<H3>
Undefined Global Symbols
</H3><HR></body></html>
