Product: MDK-ARM Standard 5.10
Component: ARM Compiler 5.04 update 1 (build 49)
Tool: armlink [5040049]

==============================================================================

Section Cross References

    system_stm32f10x.o(i.SystemCoreClockUpdate) refers to system_stm32f10x.o(.data) for .data
    system_stm32f10x.o(i.SystemInit) refers to system_stm32f10x.o(i.SetSysClockTo72) for SetSysClockTo72
    hw_config.o(i.HWConfig_SetHardwareParams) refers to joyhal.o(i.NewBtnHwParamObj) for NewBtnHwParamObj
    hw_config.o(i.HWConfig_SetHardwareParams) refers to joyhal.o(i.NewJoyHwParamObj) for NewJoyHwParamObj
    hw_config.o(i.HWConfig_SetHardwareParams) refers to lcdhal.o(i.NewLcdHwParamObj) for NewLcdHwParamObj
    main.o(i.CatchInputEvents) refers to cursor.o(i.CursorReadJoystick) for CursorReadJoystick
    main.o(i.InputInterface_Init) refers to joyhal.o(i.GL_JoyStickConfig_GPIO) for GL_JoyStickConfig_GPIO
    main.o(i.InputInterface_Init) refers to joyhal.o(i.GL_ButtonInit) for GL_ButtonInit
    main.o(i.ShowLoadingLogo) refers to lcdhal.o(i.GL_SetTextColor) for GL_SetTextColor
    main.o(i.ShowLoadingLogo) refers to lcdhal.o(i.GL_SetBackColor) for GL_SetBackColor
    main.o(i.ShowLoadingLogo) refers to graphicobject.o(i.GL_DrawButtonBMP) for GL_DrawButtonBMP
    main.o(i.ShowLoadingLogo) refers to lcdhal.o(i.GL_DisplayAdjStringLine) for GL_DisplayAdjStringLine
    main.o(i.ShowLoadingLogo) refers to graphicobject.o(i.GL_Delay) for GL_Delay
    main.o(i.ShowLoadingLogo) refers to lcdhal.o(.data) for LCD_Height
    main.o(i.ShowLoadingLogo) refers to pictures.o(.constdata) for STM32Logo
    main.o(i.main) refers to misc.o(i.NVIC_SetVectorTable) for NVIC_SetVectorTable
    main.o(i.main) refers to misc.o(i.NVIC_PriorityGroupConfig) for NVIC_PriorityGroupConfig
    main.o(i.main) refers to stm32f10x_rcc.o(i.RCC_GetClocksFreq) for RCC_GetClocksFreq
    main.o(i.main) refers to main.o(i.NVIC_SetPriority) for NVIC_SetPriority
    main.o(i.main) refers to hw_config.o(i.HWConfig_SetHardwareParams) for HWConfig_SetHardwareParams
    main.o(i.main) refers to lcdhal.o(i.GL_LCD_Init) for GL_LCD_Init
    main.o(i.main) refers to lcdhal.o(i.GL_Clear) for GL_Clear
    main.o(i.main) refers to main.o(i.InputInterface_Init) for InputInterface_Init
    main.o(i.main) refers to main.o(i.ShowLoadingLogo) for ShowLoadingLogo
    main.o(i.main) refers to cursor.o(i.CursorInit) for CursorInit
    main.o(i.main) refers to menu.o(i.Show_HomeScreen) for Show_HomeScreen
    main.o(i.main) refers to cursor.o(i.CursorShow) for CursorShow
    main.o(i.main) refers to graphicobject.o(i.ProcessInputData) for ProcessInputData
    main.o(i.main) refers to graphicobject.o(i.TimeOutCalculate) for TimeOutCalculate
    main.o(i.main) refers to cursor.o(i.CursorReadJoystick) for CursorReadJoystick
    stm32f10x_it.o(i.SysTick_Handler) refers to graphicobject.o(i.TimingDelay_Decrement) for TimingDelay_Decrement
    menu.o(i.BackFunc) refers to menu.o(i.MENU_LibPresentation_SwitchPage) for MENU_LibPresentation_SwitchPage
    menu.o(i.BackFunc) refers to menu.o(.data) for .data
    menu.o(i.BackFunc1) refers to menu.o(i.MENU_LibPresentation_SwitchPage) for MENU_LibPresentation_SwitchPage
    menu.o(i.BackFunc1) refers to menu.o(.data) for .data
    menu.o(i.BackFunc2) refers to menu.o(i.MENU_LibPresentation_SwitchPage) for MENU_LibPresentation_SwitchPage
    menu.o(i.BackFunc2) refers to menu.o(.data) for .data
    menu.o(i.BackFunc3) refers to menu.o(i.MENU_LibPresentation_SwitchPage) for MENU_LibPresentation_SwitchPage
    menu.o(i.BackFunc3) refers to menu.o(.data) for .data
    menu.o(i.BackFunc4) refers to menu.o(i.MENU_LibPresentation_SwitchPage) for MENU_LibPresentation_SwitchPage
    menu.o(i.BackFunc4) refers to menu.o(.data) for .data
    menu.o(i.BackFunc5) refers to menu.o(i.MENU_LibPresentation_SwitchPage) for MENU_LibPresentation_SwitchPage
    menu.o(i.BackFunc5) refers to menu.o(.data) for .data
    menu.o(i.BackFunc6) refers to menu.o(i.MENU_LibPresentation_SwitchPage) for MENU_LibPresentation_SwitchPage
    menu.o(i.BackFunc6) refers to menu.o(.data) for .data
    menu.o(i.BackFunc7) refers to menu.o(i.MENU_LibPresentation_SwitchPage) for MENU_LibPresentation_SwitchPage
    menu.o(i.BackFunc7) refers to menu.o(.data) for .data
    menu.o(i.BackFunc8) refers to menu.o(i.MENU_LibPresentation_SwitchPage) for MENU_LibPresentation_SwitchPage
    menu.o(i.BackFunc8) refers to menu.o(.data) for .data
    menu.o(i.BackFuncD1) refers to menu.o(i.MENU_DemoPresentation_SwitchPage) for MENU_DemoPresentation_SwitchPage
    menu.o(i.BackFuncD1) refers to menu.o(.data) for .data
    menu.o(i.BackFuncD2) refers to menu.o(i.MENU_DemoPresentation_SwitchPage) for MENU_DemoPresentation_SwitchPage
    menu.o(i.BackFuncD2) refers to menu.o(.data) for .data
    menu.o(i.BackFuncD3) refers to menu.o(i.MENU_DemoPresentation_SwitchPage) for MENU_DemoPresentation_SwitchPage
    menu.o(i.BackFuncD3) refers to menu.o(.data) for .data
[...]
    i.LCD_WriteChar                          0x08004360   Section        0  lcdhal.o(i.LCD_WriteChar)
    i.LCD_WriteRAM                           0x08004448   Section        0  stm3210e_eval_lcd.o(i.LCD_WriteRAM)
    i.LCD_WriteRAM_Prepare                   0x08004450   Section        0  stm3210e_eval_lcd.o(i.LCD_WriteRAM_Prepare)
    i.LCD_WriteReg                           0x0800445a   Section        0  stm3210e_eval_lcd.o(i.LCD_WriteReg)
    i.LibPresentation_InitPage0              0x08004464   Section        0  menu.o(i.LibPresentation_InitPage0)
    LibPresentation_InitPage0                0x08004465   Thumb Code   656  menu.o(i.LibPresentation_InitPage0)
    i.LibPresentation_InitPage1              0x080047c4   Section        0  menu.o(i.LibPresentation_InitPage1)
    LibPresentation_InitPage1                0x080047c5   Thumb Code   612  menu.o(i.LibPresentation_InitPage1)
    i.LibPresentation_InitPage2              0x08004af8   Section        0  menu.o(i.LibPresentation_InitPage2)
    LibPresentation_InitPage2                0x08004af9   Thumb Code   634  menu.o(i.LibPresentation_InitPage2)
    i.LibPresentation_InitPage3              0x08004e58   Section        0  menu.o(i.LibPresentation_InitPage3)
    LibPresentation_InitPage3                0x08004e59   Thumb Code   636  menu.o(i.LibPresentation_InitPage3)
    i.LibPresentation_InitPage4              0x080051a4   Section        0  menu.o(i.LibPresentation_InitPage4)
    LibPresentation_InitPage4                0x080051a5   Thumb Code   806  menu.o(i.LibPresentation_InitPage4)
    i.LibPresentation_InitPage5              0x080055c0   Section        0  menu.o(i.LibPresentation_InitPage5)
    LibPresentation_InitPage5                0x080055c1   Thumb Code   686  menu.o(i.LibPresentation_InitPage5)
    i.LibPresentation_InitPage6              0x08005960   Section        0  menu.o(i.LibPresentation_InitPage6)
    LibPresentation_InitPage6                0x08005961   Thumb Code   662  menu.o(i.LibPresentation_InitPage6)
    i.LibPresentation_InitPage7              0x08005cec   Section        0  menu.o(i.LibPresentation_InitPage7)
    LibPresentation_InitPage7                0x08005ced   Thumb Code   286  menu.o(i.LibPresentation_InitPage7)
    i.LibPresentation_InitPage8              0x08005e68   Section        0  menu.o(i.LibPresentation_InitPage8)
    LibPresentation_InitPage8                0x08005e69   Thumb Code   290  menu.o(i.LibPresentation_InitPage8)
    i.LibPresentation_InitPage9              0x08005fe8   Section        0  menu.o(i.LibPresentation_InitPage9)
    LibPresentation_InitPage9                0x08005fe9   Thumb Code   504  menu.o(i.LibPresentation_InitPage9)
    i.MENU_DemoPresentation_SwitchPage       0x08006294   Section        0  menu.o(i.MENU_DemoPresentation_SwitchPage)
    MENU_DemoPresentation_SwitchPage         0x08006295   Thumb Code    44  menu.o(i.MENU_DemoPresentation_SwitchPage)
    i.MENU_Demo_Dummy                        0x080062c4   Section        0  menu.o(i.MENU_Demo_Dummy)
    MENU_Demo_Dummy                          0x080062c5   Thumb Code    10  menu.o(i.MENU_Demo_Dummy)
    i.MENU_Demo_Init                         0x080062d4   Section        0  menu.o(i.MENU_Demo_Init)
    i.MENU_LibPresentation_Dummy             0x0800630c   Section        0  menu.o(i.MENU_LibPresentation_Dummy)
    MENU_LibPresentation_Dummy               0x0800630d   Thumb Code    10  menu.o(i.MENU_LibPresentation_Dummy)
    i.MENU_LibPresentation_Init              0x0800631c   Section        0  menu.o(i.MENU_LibPresentation_Init)
    i.MENU_LibPresentation_SwitchPage        0x08006394   Section        0  menu.o(i.MENU_LibPresentation_SwitchPage)
    MENU_LibPresentation_SwitchPage          0x08006395   Thumb Code   104  menu.o(i.MENU_LibPresentation_SwitchPage)
    i.MemManage_Handler                      0x08006400   Section        0  stm32f10x_it.o(i.MemManage_Handler)
    i.NMI_Handler                            0x08006402   Section        0  stm32f10x_it.o(i.NMI_Handler)
    i.NVIC_PriorityGroupConfig               0x08006404   Section        0  misc.o(i.NVIC_PriorityGroupConfig)
    i.NVIC_SetPriority                       0x08006418   Section        0  main.o(i.NVIC_SetPriority)
    NVIC_SetPriority                         0x08006419   Thumb Code    32  main.o(i.NVIC_SetPriority)
    i.NVIC_SetVectorTable                    0x08006438   Section        0  misc.o(i.NVIC_SetVectorTable)
    i.NewBtnHwParamObj                       0x0800644c   Section        0  joyhal.o(i.NewBtnHwParamObj)
    i.NewButton                              0x08006454   Section        0  graphicobject.o(i.NewButton)
    i.NewCheckbox                            0x080064b0   Section        0  graphicobject.o(i.NewCheckbox)
    i.NewComboBoxGrp                         0x08006510   Section        0  graphicobject.o(i.NewComboBoxGrp)
    i.NewGraphChart                          0x08006560   Section        0  graphicobject.o(i.NewGraphChart)
    i.NewHistogram                           0x080065ea   Section        0  graphicobject.o(i.NewHistogram)
    i.NewIcon                                0x0800666e   Section        0  graphicobject.o(i.NewIcon)
    i.NewJoyHwParamObj                       0x080066c0   Section        0  joyhal.o(i.NewJoyHwParamObj)
    i.NewLabel                               0x080066c8   Section        0  graphicobject.o(i.NewLabel)
    i.NewLcdHwParamObj                       0x08006724   Section        0  lcdhal.o(i.NewLcdHwParamObj)
    i.NewRadioButtonGrp                      0x0800672c   Section        0  graphicobject.o(i.NewRadioButtonGrp)
    i.NewSlidebar                            0x0800674c   Section        0  graphicobject.o(i.NewSlidebar)
    i.NewSwitch                              0x080067d0   Section        0  graphicobject.o(i.NewSwitch)
    i.NextFunc                               0x08006840   Section        0  menu.o(i.NextFunc)
    NextFunc                                 0x08006841   Thumb Code    10  menu.o(i.NextFunc)
    i.NextFunc1                              0x08006850   Section        0  menu.o(i.NextFunc1)
    NextFunc1                                0x08006851   Thumb Code    10  menu.o(i.NextFunc1)
    i.NextFunc2                              0x08006860   Section        0  menu.o(i.NextFunc2)
    NextFunc2                                0x08006861   Thumb Code    10  menu.o(i.NextFunc2)
    i.NextFunc3                              0x08006870   Section        0  menu.o(i.NextFunc3)
    NextFunc3                                0x08006871   Thumb Code    10  menu.o(i.NextFunc3)
    i.NextFunc4                              0x08006880   Section        0  menu.o(i.NextFunc4)
    NextFunc4                                0x08006881   Thumb Code    10  menu.o(i.NextFunc4)
    i.NextFunc5                              0x08006890   Section        0  menu.o(i.NextFunc5)
    NextFunc5                                0x08006891   Thumb Code    10  menu.o(i.NextFunc5)
    i.NextFunc6                              0x080068a0   Section        0  menu.o(i.NextFunc6)
    NextFunc6                                0x080068a1   Thumb Code    10  menu.o(i.NextFunc6)
    i.NextFunc7                              0x080068b0   Section        0  menu.o(i.NextFunc7)
    NextFunc7                                0x080068b1   Thumb Code    10  menu.o(i.NextFunc7)
    i.NextFunc8                              0x080068c0   Section        0  menu.o(i.NextFunc8)
    NextFunc8                                0x080068c1   Thumb Code    10  menu.o(i.NextFunc8)
    i.NextFuncD1                             0x080068d0   Section        0  menu.o(i.NextFuncD1)
    NextFuncD1                               0x080068d1   Thumb Code    10  menu.o(i.NextFuncD1)
    i.NextFuncD2                             0x080068e0   Section        0  menu.o(i.NextFuncD2)
    NextFuncD2                               0x080068e1   Thumb Code    10  menu.o(i.NextFuncD2)
    i.NextFuncD3                             0x080068f0   Section        0  menu.o(i.NextFuncD3)
    NextFuncD3                               0x080068f1   Thumb Code    10  menu.o(i.NextFuncD3)
    i.NextFuncD4                             0x08006900   Section        0  menu.o(i.NextFuncD4)
    NextFuncD4                               0x08006901   Thumb Code    10  menu.o(i.NextFuncD4)
    i.NextFuncD5                             0x08006910   Section        0  menu.o(i.NextFuncD5)
    NextFuncD5                               0x08006911   Thumb Code    10  menu.o(i.NextFuncD5)
    i.NullFunc                               0x08006920   Section        0  graphicobject.o(i.NullFunc)
    i.PendSV_Handler                         0x08006922   Section        0  stm32f10x_it.o(i.PendSV_Handler)
    i.ProcessInputData                       0x08006924   Section        0  graphicobject.o(i.ProcessInputData)
    i.RButtonFunc1                           0x08006a98   Section        0  menu.o(i.RButtonFunc1)
    RButtonFunc1                             0x08006a99   Thumb Code   164  menu.o(i.RButtonFunc1)
    i.RButtonFunc2                           0x08006b80   Section        0  menu.o(i.RButtonFunc2)
    RButtonFunc2                             0x08006b81   Thumb Code   164  menu.o(i.RButtonFunc2)
    i.RButtonFunc3                           0x08006c68   Section        0  menu.o(i.RButtonFunc3)
    RButtonFunc3                             0x08006c69   Thumb Code   164  menu.o(i.RButtonFunc3)
    i.RButtonFuncD1                          0x08006d50   Section        0  menu.o(i.RButtonFuncD1)
    RButtonFuncD1                            0x08006d51   Thumb Code     8  menu.o(i.RButtonFuncD1)
    i.RButtonFuncD2                          0x08006d5c   Section        0  menu.o(i.RButtonFuncD2)
    RButtonFuncD2                            0x08006d5d   Thumb Code     8  menu.o(i.RButtonFuncD2)
    i.RCC_AHBPeriphClockCmd                  0x08006d68   Section        0  stm32f10x_rcc.o(i.RCC_AHBPeriphClockCmd)
    i.RCC_APB2PeriphClockCmd                 0x08006d80   Section        0  stm32f10x_rcc.o(i.RCC_APB2PeriphClockCmd)
    i.RCC_GetClocksFreq                      0x08006d98   Section        0  stm32f10x_rcc.o(i.RCC_GetClocksFreq)
    i.STM3210E_LCD_Init                      0x08006e28   Section        0  stm3210e_eval_lcd.o(i.STM3210E_LCD_Init)
    i.SVC_Handler                            0x0800726e   Section        0  stm32f10x_it.o(i.SVC_Handler)
    i.SetButtonVisible                       0x08007270   Section        0  graphicobject.o(i.SetButtonVisible)
    SetButtonVisible                         0x08007271   Thumb Code   354  graphicobject.o(i.SetButtonVisible)
    i.SetCheckboxVisible                     0x080073ec   Section        0  graphicobject.o(i.SetCheckboxVisible)
    SetCheckboxVisible                       0x080073ed   Thumb Code   144  graphicobject.o(i.SetCheckboxVisible)
    i.SetComboBoxVisible                     0x0800747c   Section        0  graphicobject.o(i.SetComboBoxVisible)
    SetComboBoxVisible                       0x0800747d   Thumb Code   268  graphicobject.o(i.SetComboBoxVisible)
    i.SetGraphChartVisible                   0x08007588   Section        0  graphicobject.o(i.SetGraphChartVisible)
    SetGraphChartVisible                     0x08007589   Thumb Code  1834  graphicobject.o(i.SetGraphChartVisible)
    i.SetHistogramVisible                    0x08007cc4   Section        0  graphicobject.o(i.SetHistogramVisible)
    SetHistogramVisible                      0x08007cc5   Thumb Code   782  graphicobject.o(i.SetHistogramVisible)
    i.SetIconImage                           0x08008008   Section        0  graphicobject.o(i.SetIconImage)
    i.SetIconVisible                         0x08008044   Section        0  graphicobject.o(i.SetIconVisible)
    SetIconVisible                           0x08008045   Thumb Code    36  graphicobject.o(i.SetIconVisible)
    i.SetLabelVisible                        0x08008068   Section        0  graphicobject.o(i.SetLabelVisible)
    SetLabelVisible                          0x08008069   Thumb Code   234  graphicobject.o(i.SetLabelVisible)
    i.SetPage                                0x08008158   Section        0  graphicobject.o(i.SetPage)
    SetPage                                  0x08008159   Thumb Code    10  graphicobject.o(i.SetPage)
    i.SetRadioButtonVisible                  0x08008164   Section        0  graphicobject.o(i.SetRadioButtonVisible)
    SetRadioButtonVisible                    0x08008165   Thumb Code   142  graphicobject.o(i.SetRadioButtonVisible)
    i.SetSlidebarVisible                     0x080081f4   Section        0  graphicobject.o(i.SetSlidebarVisible)
    SetSlidebarVisible                       0x080081f5   Thumb Code   890  graphicobject.o(i.SetSlidebarVisible)
    i.SetSwitchVisible                       0x08008588   Section        0  graphicobject.o(i.SetSwitchVisible)
    SetSwitchVisible                         0x08008589   Thumb Code   372  graphicobject.o(i.SetSwitchVisible)
    i.SetSysClockTo72                        0x08008714   Section        0  system_stm32f10x.o(i.SetSysClockTo72)
    SetSysClockTo72                          0x08008715   Thumb Code   160  system_stm32f10x.o(i.SetSysClockTo72)
    i.ShowLoadingLogo                        0x080087bc   Section        0  main.o(i.ShowLoadingLogo)
    i.ShowPage                               0x08008920   Section        0  graphicobject.o(i.ShowPage)
    i.Show_HomeScreen                        0x08008984   Section        0  menu.o(i.Show_HomeScreen)
    i.SlidebarCursorPreDraw                  0x08008b94   Section        0  graphicobject.o(i.SlidebarCursorPreDraw)
    SlidebarCursorPreDraw                    0x08008b95   Thumb Code   258  graphicobject.o(i.SlidebarCursorPreDraw)
    i.SlidebarDemoFunc                       0x08008c9c   Section        0  menu.o(i.SlidebarDemoFunc)
    SlidebarDemoFunc                         0x08008c9d   Thumb Code   210  menu.o(i.SlidebarDemoFunc)
    i.SlidebarFunc                           0x08008da0   Section        0  menu.o(i.SlidebarFunc)
    SlidebarFunc                             0x08008da1   Thumb Code   198  menu.o(i.SlidebarFunc)
    i.SlidebarLeftFunc                       0x08008e90   Section        0  menu.o(i.SlidebarLeftFunc)
    SlidebarLeftFunc                         0x08008e91   Thumb Code     6  menu.o(i.SlidebarLeftFunc)
    i.SlidebarLeftRightFunc                  0x08008e98   Section        0  menu.o(i.SlidebarLeftRightFunc)
    SlidebarLeftRightFunc                    0x08008e99   Thumb Code   160  menu.o(i.SlidebarLeftRightFunc)
    i.SlidebarRightFunc                      0x08008f5c   Section        0  menu.o(i.SlidebarRightFunc)
    SlidebarRightFunc                        0x08008f5d   Thumb Code     6  menu.o(i.SlidebarRightFunc)
    i.StartDemoFunc                          0x08008f64   Section        0  menu.o(i.StartDemoFunc)
    StartDemoFunc                            0x08008f65   Thumb Code    10  menu.o(i.StartDemoFunc)
    i.SwitchDemoBtnFunc                      0x08008f74   Section        0  menu.o(i.SwitchDemoBtnFunc)
    SwitchDemoBtnFunc                        0x08008f75   Thumb Code    20  menu.o(i.SwitchDemoBtnFunc)
    i.SysTick_Handler                        0x08008f8c   Section        0  stm32f10x_it.o(i.SysTick_Handler)
    i.SystemInit                             0x08008f90   Section        0  system_stm32f10x.o(i.SystemInit)
    i.TimeOutCalculate                       0x08008fe0   Section        0  graphicobject.o(i.TimeOutCalculate)
    i.TimingDelay_Decrement                  0x08009018   Section        0  graphicobject.o(i.TimingDelay_Decrement)
    i.UsageFault_Handler                     0x0800902c   Section        0  stm32f10x_it.o(i.UsageFault_Handler)
    i.__0sprintf                             0x08009030   Section        0  printfa.o(i.__0sprintf)
    i.__scatterload_copy                     0x08009058   Section       14  handlers.o(i.__scatterload_copy)
    i.__scatterload_null                     0x08009066   Section        2  handlers.o(i.__scatterload_null)
    i.__scatterload_zeroinit                 0x08009068   Section       14  handlers.o(i.__scatterload_zeroinit)
    i._fp_digits                             0x08009078   Section        0  printfa.o(i._fp_digits)
    _fp_digits                               0x08009079   Thumb Code   334  printfa.o(i._fp_digits)
    i._printf_core                           0x080091dc   Section        0  printfa.o(i._printf_core)
    _printf_core                             0x080091dd   Thumb Code  1744  printfa.o(i._printf_core)
    i._printf_post_padding                   0x080098b8   Section        0  printfa.o(i._printf_post_padding)
    _printf_post_padding                     0x080098b9   Thumb Code    36  printfa.o(i._printf_post_padding)
    i._printf_pre_padding                    0x080098dc   Section        0  printfa.o(i._printf_pre_padding)
    _printf_pre_padding                      0x080098dd   Thumb Code    46  printfa.o(i._printf_pre_padding)
    i._sputc                                 0x0800990a   Section        0  printfa.o(i._sputc)
    _sputc                                   0x0800990b   Thumb Code    10  printfa.o(i._sputc)
    i.delay                                  0x08009914   Section        0  stm3210e_eval_lcd.o(i.delay)
    delay                                    0x08009915   Thumb Code    22  stm3210e_eval_lcd.o(i.delay)
    i.free                                   0x08009930   Section        0  malloc.o(i.free)
    i.main                                   0x08009980   Section        0  main.o(i.main)
    i.malloc                                 0x08009a14   Section        0  malloc.o(i.malloc)
    .constdata                               0x08009a80   Section    24386  pictures.o(.constdata)
    .constdata                               0x0800f9c2   Section    20066  pictures.o(.constdata)
    .constdata                               0x08014824   Section    16266  pictures.o(.constdata)
    .constdata                               0x080187ae   Section    16266  pictures.o(.constdata)
    .constdata                               0x0801c738   Section    16266  pictures.o(.constdata)
    .constdata                               0x080206c2   Section    16266  pictures.o(.constdata)
    .constdata                               0x0802464c   Section      108  menu.o(.constdata)
    .constdata                               0x080246b8   Section     4560  stm3210e_eval_lcd.o(.constdata)
    .constdata                               0x08025888   Section      866  images.o(.constdata)
    .constdata                               0x08025bea   Section      866  images.o(.constdata)
    .constdata                               0x08025f4c   Section      866  images.o(.constdata)
    .constdata                               0x080262ae   Section      866  images.o(.constdata)
    .constdata                               0x08026610   Section     1034  images.o(.constdata)
    .constdata                               0x08026a1a   Section     1034  images.o(.constdata)
    .constdata                               0x08026e24   Section     1034  images.o(.constdata)
    .constdata                               0x0802722e   Section     1034  images.o(.constdata)
    .constdata                               0x08027638   Section      482  images.o(.constdata)
    .constdata                               0x0802781a   Section      482  images.o(.constdata)
    .constdata                               0x080279fc   Section      482  images.o(.constdata)
    .constdata                               0x08027bde   Section      482  images.o(.constdata)
    .constdata                               0x08027dc0   Section      482  images.o(.constdata)
    .constdata                               0x08027fa2   Section      482  images.o(.constdata)
    .constdata                               0x08028184   Section      482  images.o(.constdata)
    .constdata                               0x08028366   Section      482  images.o(.constdata)
    .constdata                               0x08028548   Section      482  images.o(.constdata)
    .constdata                               0x0802872a   Section      482  images.o(.constdata)
    .constdata                               0x0802890c   Section      482  images.o(.constdata)
    .constdata                               0x08028aee   Section      482  images.o(.constdata)
    .constdata                               0x08028cd0   Section      210  images.o(.constdata)
    .constdata                               0x08028da2   Section      210  images.o(.constdata)
    .constdata                               0x08028e74   Section      210  images.o(.constdata)
    .constdata                               0x08028f46   Section      306  images.o(.constdata)
    .constdata                               0x08029078   Section     4560  gl_fonts.o(.constdata)
    .constdata                               0x0802a248   Section     5376  gl_fonts.o(.constdata)
    .data                                    0x20000000   Section       84  menu.o(.data)
    .data                                    0x20000054   Section       20  stm32f10x_rcc.o(.data)
    ADCPrescTable                            0x20000054   Data           4  stm32f10x_rcc.o(.data)
    APBAHBPrescTable                         0x20000058   Data          16  stm32f10x_rcc.o(.data)
    .data                                    0x20000068   Section       16  stm3210e_eval_lcd.o(.data)
    TextColor                                0x20000068   Data           2  stm3210e_eval_lcd.o(.data)
    BackColor                                0x2000006a   Data           2  stm3210e_eval_lcd.o(.data)
    LCD_Currentfonts                         0x2000006c   Data           4  stm3210e_eval_lcd.o(.data)
    .data                                    0x20000078   Section       20  lcdhal.o(.data)
    line                                     0x20000080   Data           2  lcdhal.o(.data)
    .data                                    0x2000008c   Section       26  cursor.o(.data)
    CursorPointer                            0x20000098   Data          14  cursor.o(.data)
    .data                                    0x200000a8   Section        8  gl_fonts.o(.data)
    .data                                    0x200000b0   Section        8  gl_fonts.o(.data)
    .data                                    0x200000b8   Section       56  graphicobject.o(.data)
    PageCount                                0x200000be   Data           2  graphicobject.o(.data)
    TimingDelay                              0x200000c4   Data           4  graphicobject.o(.data)
    SlidebarCursorPointer                    0x200000c8   Data          40  graphicobject.o(.data)
    .data                                    0x200000f0   Section        4  mvars.o(.data)
    .data                                    0x200000f4   Section        4  mvars.o(.data)
    .bss                                     0x200000f8   Section       40  lcdhal.o(.bss)
    .bss                                     0x20000120   Section       96  joyhal.o(.bss)
    .bss                                     0x20000180   Section      200  graphicobject.o(.bss)
    HEAP                                     0x20000248   Section     2048  startup_stm32f10x_hd.o(HEAP)
    STACK                                    0x20000a48   Section     1024  startup_stm32f10x_hd.o(STACK)

    Global Symbols

    Symbol Name                              Value     Ov Type        Size  Object(Section)

    BuildAttributes$$THM_ISAv4$P$D$K$B$S$PE$A:L22UL41UL21$X:L11$S22US41US21$IEEE1$IW$USESV6$~STKCKD$USESV7$~SHL$OTIME$ROPI$EBA8$MICROLIB$REQ8$PRES8$EABIv2 0x00000000   Number         0  anon$$obj.o ABSOLUTE
    __ARM_use_no_argv                        0x00000000   Number         0  main.o ABSOLUTE
    _printf_a                                0x00000000   Number         0  stubs.o ABSOLUTE
    _printf_c                                0x00000000   Number         0  stubs.o ABSOLUTE
    _printf_charcount                        0x00000000   Number         0  stubs.o ABSOLUTE
    _printf_d                                0x00000000   Number         0  stubs.o ABSOLUTE
    _printf_e                                0x00000000   Number         0  stubs.o ABSOLUTE
    _printf_f                                0x00000000   Number         0  stubs.o ABSOLUTE
    _printf_flags                            0x00000000   Number         0  stubs.o ABSOLUTE
    _printf_fp_dec                           0x00000000   Number         0  stubs.o ABSOLUTE
    _printf_fp_hex                           0x00000000   Number         0  stubs.o ABSOLUTE
    _printf_g                                0x00000000   Number         0  stubs.o ABSOLUTE
    _printf_i                                0x00000000   Number         0  stubs.o ABSOLUTE
    _printf_int_dec                          0x00000000   Number         0  stubs.o ABSOLUTE
    _printf_l                                0x00000000   Number         0  stubs.o ABSOLUTE
    _printf_lc                               0x00000000   Number         0  stubs.o ABSOLUTE
    _printf_ll                               0x00000000   Number         0  stubs.o ABSOLUTE
    _printf_lld                              0x00000000   Number         0  stubs.o ABSOLUTE
    _printf_lli                              0x00000000   Number         0  stubs.o ABSOLUTE
    _printf_llo                              0x00000000   Number         0  stubs.o ABSOLUTE
    _printf_llu                              0x00000000   Number         0  stubs.o ABSOLUTE
    _printf_llx                              0x00000000   Number         0  stubs.o ABSOLUTE
    _printf_longlong_dec                     0x00000000   Number         0  stubs.o ABSOLUTE
    _printf_longlong_hex                     0x00000000   Number         0  stubs.o ABSOLUTE
    _printf_longlong_oct                     0x00000000   Number         0  stubs.o ABSOLUTE
    _printf_ls                               0x00000000   Number         0  stubs.o ABSOLUTE
    _printf_mbtowc                           0x00000000   Number         0  stubs.o ABSOLUTE
    _printf_n                                0x00000000   Number         0  stubs.o ABSOLUTE
    _printf_o                                0x00000000   Number         0  stubs.o ABSOLUTE
    _printf_p                                0x00000000   Number         0  stubs.o ABSOLUTE
    _printf_percent                          0x00000000   Number         0  stubs.o ABSOLUTE
    _printf_pre_padding                      0x00000000   Number         0  stubs.o ABSOLUTE
    _printf_return_value                     0x00000000   Number         0  stubs.o ABSOLUTE
    _printf_s                                0x00000000   Number         0  stubs.o ABSOLUTE
    _printf_sizespec                         0x00000000   Number         0  stubs.o ABSOLUTE
    _printf_str                              0x00000000   Number         0  stubs.o ABSOLUTE
    _printf_truncate_signed                  0x00000000   Number         0  stubs.o ABSOLUTE
    _printf_truncate_unsigned                0x00000000   Number         0  stubs.o ABSOLUTE
    _printf_u                                0x00000000   Number         0  stubs.o ABSOLUTE
    _printf_wc                               0x00000000   Number         0  stubs.o ABSOLUTE
    _printf_wctomb                           0x00000000   Number         0  stubs.o ABSOLUTE
    _printf_widthprec                        0x00000000   Number         0  stubs.o ABSOLUTE
    _printf_x                                0x00000000   Number         0  stubs.o ABSOLUTE
    __cpp_initialize__aeabi_                  - Undefined Weak Reference
    __cxa_finalize                            - Undefined Weak Reference
    __decompress                              - Undefined Weak Reference
    _clock_init                               - Undefined Weak Reference
    _microlib_exit                            - Undefined Weak Reference
    __Vectors_Size                           0x00000130   Number         0  startup_stm32f10x_hd.o ABSOLUTE
    __Vectors                                0x08000000   Data           4  startup_stm32f10x_hd.o(RESET)
    __Vectors_End                            0x08000130   Data           0  startup_stm32f10x_hd.o(RESET)
    __main                                   0x08000131   Thumb Code     0  entry.o(.ARM.Collect$$$$00000000)
    _main_stk                                0x08000131   Thumb Code     0  entry2.o(.ARM.Collect$$$$00000001)
    _main_scatterload                        0x08000135   Thumb Code     0  entry5.o(.ARM.Collect$$$$00000004)
    __main_after_scatterload                 0x08000139   Thumb Code     0  entry5.o(.ARM.Collect$$$$00000004)
    _main_clock                              0x08000139   Thumb Code     0  entry7b.o(.ARM.Collect$$$$00000008)
    _main_cpp_init                           0x08000139   Thumb Code     0  entry8b.o(.ARM.Collect$$$$0000000A)
    _main_init                               0x08000139   Thumb Code     0  entry9a.o(.ARM.Collect$$$$0000000B)
    __rt_final_cpp                           0x08000141   Thumb Code     0  entry10a.o(.ARM.Collect$$$$0000000D)
    __rt_final_exit                          0x08000141   Thumb Code     0  entry11a.o(.ARM.Collect$$$$0000000F)
    Reset_Handler                            0x08000145   Thumb Code     8  startup_stm32f10x_hd.o(.text)
    ADC1_2_IRQHandler                        0x0800015f   Thumb Code     0  startup_stm32f10x_hd.o(.text)
    ADC3_IRQHandler                          0x0800015f   Thumb Code     0  startup_stm32f10x_hd.o(.text)
    CAN1_RX1_IRQHandler                      0x0800015f   Thumb Code     0  startup_stm32f10x_hd.o(.text)
    CAN1_SCE_IRQHandler                      0x0800015f   Thumb Code     0  startup_stm32f10x_hd.o(.text)
    DMA1_Channel1_IRQHandler                 0x0800015f   Thumb Code     0  startup_stm32f10x_hd.o(.text)
    DMA1_Channel2_IRQHandler                 0x0800015f   Thumb Code     0  startup_stm32f10x_hd.o(.text)
    DMA1_Channel3_IRQHandler                 0x0800015f   Thumb Code     0  startup_stm32f10x_hd.o(.text)
    DMA1_Channel4_IRQHandler                 0x0800015f   Thumb Code     0  startup_stm32f10x_hd.o(.text)
    DMA1_Channel5_IRQHandler                 0x0800015f   Thumb Code     0  startup_stm32f10x_hd.o(.text)
    DMA1_Channel6_IRQHandler                 0x0800015f   Thumb Code     0  startup_stm32f10x_hd.o(.text)
    DMA1_Channel7_IRQHandler                 0x0800015f   Thumb Code     0  startup_stm32f10x_hd.o(.text)
    DMA2_Channel1_IRQHandler                 0x0800015f   Thumb Code     0  startup_stm32f10x_hd.o(.text)
    DMA2_Channel2_IRQHandler                 0x0800015f   Thumb Code     0  startup_stm32f10x_hd.o(.text)
    DMA2_Channel3_IRQHandler                 0x0800015f   Thumb Code     0  startup_stm32f10x_hd.o(.text)
    DMA2_Channel4_5_IRQHandler               0x0800015f   Thumb Code     0  startup_stm32f10x_hd.o(.text)
    EXTI0_IRQHandler                         0x0800015f   Thumb Code     0  startup_stm32f10x_hd.o(.text)
    EXTI15_10_IRQHandler                     0x0800015f   Thumb Code     0  startup_stm32f10x_hd.o(.text)
    EXTI1_IRQHandler                         0x0800015f   Thumb Code     0  startup_stm32f10x_hd.o(.text)
    EXTI2_IRQHandler                         0x0800015f   Thumb Code     0  startup_stm32f10x_hd.o(.text)
    EXTI3_IRQHandler                         0x0800015f   Thumb Code     0  startup_stm32f10x_hd.o(.text)
    EXTI4_IRQHandler                         0x0800015f   Thumb Code     0  startup_stm32f10x_hd.o(.text)
    EXTI9_5_IRQHandler                       0x0800015f   Thumb Code     0  startup_stm32f10x_hd.o(.text)
    FLASH_IRQHandler                         0x0800015f   Thumb Code     0  startup_stm32f10x_hd.o(.text)
    FSMC_IRQHandler                          0x0800015f   Thumb Code     0  startup_stm32f10x_hd.o(.text)
    I2C1_ER_IRQHandler                       0x0800015f   Thumb Code     0  startup_stm32f10x_hd.o(.text)
    I2C1_EV_IRQHandler                       0x0800015f   Thumb Code     0  startup_stm32f10x_hd.o(.text)
    I2C2_ER_IRQHandler                       0x0800015f   Thumb Code     0  startup_stm32f10x_hd.o(.text)
    I2C2_EV_IRQHandler                       0x0800015f   Thumb Code     0  startup_stm32f10x_hd.o(.text)
    PVD_IRQHandler                           0x0800015f   Thumb Code     0  startup_stm32f10x_hd.o(.text)
    RCC_IRQHandler                           0x0800015f   Thumb Code     0  startup_stm32f10x_hd.o(.text)
    RTCAlarm_IRQHandler                      0x0800015f   Thumb Code     0  startup_stm32f10x_hd.o(.text)
    RTC_IRQHandler                           0x0800015f   Thumb Code     0  startup_stm32f10x_hd.o(.text)
    SDIO_IRQHandler                          0x0800015f   Thumb Code     0  startup_stm32f10x_hd.o(.text)
    SPI1_IRQHandler                          0x0800015f   Thumb Code     0  startup_stm32f10x_hd.o(.text)
    SPI2_IRQHandler                          0x0800015f   Thumb Code     0  startup_stm32f10x_hd.o(.text)
    SPI3_IRQHandler                          0x0800015f   Thumb Code     0  startup_stm32f10x_hd.o(.text)
    TAMPER_IRQHandler                        0x0800015f   Thumb Code     0  startup_stm32f10x_hd.o(.text)
    TIM1_BRK_IRQHandler                      0x0800015f   Thumb Code     0  startup_stm32f10x_hd.o(.text)
    TIM1_CC_IRQHandler                       0x0800015f   Thumb Code     0  startup_stm32f10x_hd.o(.text)
    TIM1_TRG_COM_IRQHandler                  0x0800015f   Thumb Code     0  startup_stm32f10x_hd.o(.text)
    TIM1_UP_IRQHandler                       0x0800015f   Thumb Code     0  startup_stm32f10x_hd.o(.text)
    TIM2_IRQHandler                          0x0800015f   Thumb Code     0  startup_stm32f10x_hd.o(.text)
    TIM3_IRQHandler                          0x0800015f   Thumb Code     0  startup_stm32f10x_hd.o(.text)
    TIM4_IRQHandler                          0x0800015f   Thumb Code     0  startup_stm32f10x_hd.o(.text)
    TIM5_IRQHandler                          0x0800015f   Thumb Code     0  startup_stm32f10x_hd.o(.text)
    TIM6_IRQHandler                          0x0800015f   Thumb Code     0  startup_stm32f10x_hd.o(.text)
    TIM7_IRQHandler                          0x0800015f   Thumb Code     0  startup_stm32f10x_hd.o(.text)
    TIM8_BRK_IRQHandler                      0x0800015f   Thumb Code     0  startup_stm32f10x_hd.o(.text)
    TIM8_CC_IRQHandler                       0x0800015f   Thumb Code     0  startup_stm32f10x_hd.o(.text)
    TIM8_TRG_COM_IRQHandler                  0x0800015f   Thumb Code     0  startup_stm32f10x_hd.o(.text)
    TIM8_UP_IRQHandler                       0x0800015f   Thumb Code     0  startup_stm32f10x_hd.o(.text)
    UART4_IRQHandler                         0x0800015f   Thumb Code     0  startup_stm32f10x_hd.o(.text)
    UART5_IRQHandler                         0x0800015f   Thumb Code     0  startup_stm32f10x_hd.o(.text)
    USART1_IRQHandler                        0x0800015f   Thumb Code     0  startup_stm32f10x_hd.o(.text)
    USART2_IRQHandler                        0x0800015f   Thumb Code     0  startup_stm32f10x_hd.o(.text)
    USART3_IRQHandler                        0x0800015f   Thumb Code     0  startup_stm32f10x_hd.o(.text)
    USBWakeUp_IRQHandler                     0x0800015f   Thumb Code     0  startup_stm32f10x_hd.o(.text)
    USB_HP_CAN1_TX_IRQHandler                0x0800015f   Thumb Code     0  startup_stm32f10x_hd.o(.text)
    USB_LP_CAN1_RX0_IRQHandler               0x0800015f   Thumb Code     0  startup_stm32f10x_hd.o(.text)
    WWDG_IRQHandler                          0x0800015f   Thumb Code     0  startup_stm32f10x_hd.o(.text)
    __aeabi_memcpy                           0x08000169   Thumb Code    36  memcpya.o(.text)
    __aeabi_memcpy4                          0x08000169   Thumb Code     0  memcpya.o(.text)
    __aeabi_memcpy8                          0x08000169   Thumb Code     0  memcpya.o(.text)
    __aeabi_memset                           0x0800018d   Thumb Code    14  memseta.o(.text)
    __aeabi_memset4                          0x0800018d   Thumb Code     0  memseta.o(.text)
    __aeabi_memset8                          0x0800018d   Thumb Code     0  memseta.o(.text)
    __aeabi_memclr                           0x0800019b   Thumb Code     4  memseta.o(.text)
    __aeabi_memclr4                          0x0800019b   Thumb Code     0  memseta.o(.text)
    __aeabi_memclr8                          0x0800019b   Thumb Code     0  memseta.o(.text)
    _memset$wrapper                          0x0800019f   Thumb Code    18  memseta.o(.text)
    strcat                                   0x080001b1   Thumb Code    24  strcat.o(.text)
    strncpy                                  0x080001c9   Thumb Code    24  strncpy.o(.text)
    strlen                                   0x080001e1   Thumb Code    14  strlen.o(.text)
    __aeabi_dadd                             0x080001ef   Thumb Code   322  dadd.o(.text)
    __aeabi_dsub                             0x08000331   Thumb Code     6  dadd.o(.text)
    __aeabi_drsub                            0x08000337   Thumb Code     6  dadd.o(.text)
    __aeabi_dmul                             0x0800033d   Thumb Code   228  dmul.o(.text)
    __aeabi_ddiv                             0x08000421   Thumb Code   222  ddiv.o(.text)
    __aeabi_i2d                              0x080004ff   Thumb Code    34  dflti.o(.text)
    __aeabi_ui2d                             0x08000521   Thumb Code    26  dfltui.o(.text)
    __aeabi_d2uiz                            0x0800053b   Thumb Code    50  dfixui.o(.text)
    __aeabi_cdcmpeq                          0x0800056d   Thumb Code     0  cdcmple.o(.text)
    __aeabi_cdcmple                          0x0800056d   Thumb Code    38  cdcmple.o(.text)
    __aeabi_cdrcmple                         0x08000595   Thumb Code    38  cdrcmple.o(.text)
    __aeabi_uidiv                            0x080005bd   Thumb Code     0  uidiv.o(.text)
    __aeabi_uidivmod                         0x080005bd   Thumb Code    44  uidiv.o(.text)
    __aeabi_uldivmod                         0x080005e9   Thumb Code    98  uldiv.o(.text)
    __aeabi_llsl                             0x0800064b   Thumb Code    30  llshl.o(.text)
    _ll_shift_l                              0x0800064b   Thumb Code     0  llshl.o(.text)
    __aeabi_llsr                             0x08000669   Thumb Code    32  llushr.o(.text)
    _ll_ushift_r                             0x08000669   Thumb Code     0  llushr.o(.text)
    __aeabi_lasr                             0x08000689   Thumb Code    36  llsshr.o(.text)
    _ll_sshift_r                             0x08000689   Thumb Code     0  llsshr.o(.text)
    __I$use$fp                               0x080006ad   Thumb Code     0  iusefp.o(.text)
    _double_round                            0x080006ad   Thumb Code    26  depilogue.o(.text)
    _double_epilogue                         0x080006c7   Thumb Code   156  depilogue.o(.text)
    __aeabi_d2ulz                            0x08000763   Thumb Code    48  dfixul.o(.text)
    __scatterload                            0x08000795   Thumb Code    28  init.o(.text)
    __scatterload_rt2                        0x08000795   Thumb Code     0  init.o(.text)
    AddComboOption                           0x080007b9   Thumb Code    96  graphicobject.o(i.AddComboOption)
    AddPageControlObj                        0x08000819   Thumb Code   422  graphicobject.o(i.AddPageControlObj)
    AddRadioOption                           0x080009f9   Thumb Code   126  graphicobject.o(i.AddRadioOption)
    BusFault_Handler                         0x08000b83   Thumb Code     2  stm32f10x_it.o(i.BusFault_Handler)
    CompareCoordinates                       0x080012cd   Thumb Code    48  graphicobject.o(i.CompareCoordinates)
    CompareJoyCoordinates                    0x08001309   Thumb Code    46  graphicobject.o(i.CompareJoyCoordinates)
    Create_PageObj                           0x08001345   Thumb Code    82  graphicobject.o(i.Create_PageObj)
    CursorDraw                               0x080013b1   Thumb Code   322  cursor.o(i.CursorDraw)
    CursorInit                               0x080014f9   Thumb Code    62  cursor.o(i.CursorInit)
    CursorPosition                           0x0800153d   Thumb Code    26  cursor.o(i.CursorPosition)
    CursorReadJoystick                       0x08001559   Thumb Code   120  cursor.o(i.CursorReadJoystick)
    CursorShow                               0x080015dd   Thumb Code     6  cursor.o(i.CursorShow)
    CursorStepMove                           0x080015e5   Thumb Code   118  cursor.o(i.CursorStepMove)
    DebugMon_Handler                         0x08001669   Thumb Code     2  stm32f10x_it.o(i.DebugMon_Handler)
    DestroyPage                              0x08002d25   Thumb Code   100  graphicobject.o(i.DestroyPage)
    DestroyPageControl                       0x08002d89   Thumb Code   318  graphicobject.o(i.DestroyPageControl)
    FSMC_NORSRAMCmd                          0x08003051   Thumb Code    26  stm32f10x_fsmc.o(i.FSMC_NORSRAMCmd)
    FSMC_NORSRAMInit                         0x08003071   Thumb Code   200  stm32f10x_fsmc.o(i.FSMC_NORSRAMInit)
    GL_BackLightSwitch                       0x080031e9   Thumb Code    16  lcdhal.o(i.GL_BackLightSwitch)
    GL_ButtonInit                            0x080031f9   Thumb Code    40  joyhal.o(i.GL_ButtonInit)
    GL_Clear                                 0x08003225   Thumb Code     4  lcdhal.o(i.GL_Clear)
    GL_Delay                                 0x08003229   Thumb Code    12  graphicobject.o(i.GL_Delay)
    GL_DisplayAdjStringLine                  0x08003239   Thumb Code   106  lcdhal.o(i.GL_DisplayAdjStringLine)
    GL_DrawBMP                               0x080032a9   Thumb Code    86  lcdhal.o(i.GL_DrawBMP)
    GL_DrawButtonBMP                         0x08003301   Thumb Code    54  graphicobject.o(i.GL_DrawButtonBMP)
    GL_DrawLine                              0x080033c7   Thumb Code     6  lcdhal.o(i.GL_DrawLine)
    GL_GPIO_ReadInputDataBit                 0x0800354f   Thumb Code     4  joyhal.o(i.GL_GPIO_ReadInputDataBit)
    GL_JoyStickConfig_GPIO                   0x08003555   Thumb Code   112  joyhal.o(i.GL_JoyStickConfig_GPIO)
    GL_JoyStickState                         0x080035c9   Thumb Code    14  joyhal.o(i.GL_JoyStickState)
    GL_JoyStickStatePolling                  0x080035d9   Thumb Code    86  joyhal.o(i.GL_JoyStickStatePolling)
    GL_LCD_DisplayChar                       0x08003635   Thumb Code    56  lcdhal.o(i.GL_LCD_DisplayChar)
    GL_LCD_DrawChar                          0x08003679   Thumb Code   250  lcdhal.o(i.GL_LCD_DrawChar)
    GL_LCD_DrawCharTransparent               0x08003779   Thumb Code   114  lcdhal.o(i.GL_LCD_DrawCharTransparent)
    GL_LCD_Init                              0x080037f1   Thumb Code     4  lcdhal.o(i.GL_LCD_Init)
    GL_LCD_ReadRAM                           0x080037f5   Thumb Code    34  lcdhal.o(i.GL_LCD_ReadRAM)
    GL_SetBackColor                          0x08003819   Thumb Code    18  lcdhal.o(i.GL_SetBackColor)
    GL_SetDisplayWindow                      0x08003831   Thumb Code     8  lcdhal.o(i.GL_SetDisplayWindow)
    GL_SetFont                               0x08003839   Thumb Code    28  lcdhal.o(i.GL_SetFont)
    GL_SetTextColor                          0x08003895   Thumb Code    18  lcdhal.o(i.GL_SetTextColor)
    GPIO_Init                                0x080038ad   Thumb Code   162  stm32f10x_gpio.o(i.GPIO_Init)
    GPIO_ReadInputDataBit                    0x0800394f   Thumb Code    14  stm32f10x_gpio.o(i.GPIO_ReadInputDataBit)
    GPIO_StructInit                          0x0800395d   Thumb Code    16  stm32f10x_gpio.o(i.GPIO_StructInit)
    GetComboOptionActive                     0x08003a55   Thumb Code    70  graphicobject.o(i.GetComboOptionActive)
    GetObjStatus                             0x08003c1f   Thumb Code    98  graphicobject.o(i.GetObjStatus)
    Get_SlidebarValue                        0x08003c81   Thumb Code    46  graphicobject.o(i.Get_SlidebarValue)
    HWConfig_SetHardwareParams               0x08003cb1   Thumb Code    84  hw_config.o(i.HWConfig_SetHardwareParams)
    HardFault_Handler                        0x08003d0d   Thumb Code     2  stm32f10x_it.o(i.HardFault_Handler)
    InputInterface_Init                      0x08003ed3   Thumb Code    14  main.o(i.InputInterface_Init)
    LCD_Change_Direction                     0x08003ee1   Thumb Code    48  lcdhal.o(i.LCD_Change_Direction)
    LCD_Clear                                0x08003f15   Thumb Code    38  stm3210e_eval_lcd.o(i.LCD_Clear)
    LCD_CtrlLinesConfig                      0x08003f3d   Thumb Code    96  stm3210e_eval_lcd.o(i.LCD_CtrlLinesConfig)
    LCD_DisplayOff                           0x08003fad   Thumb Code     8  stm3210e_eval_lcd.o(i.LCD_DisplayOff)
    LCD_DisplayOn                            0x08003fb5   Thumb Code    10  stm3210e_eval_lcd.o(i.LCD_DisplayOn)
    LCD_DrawColorBMP                         0x08003fc1   Thumb Code   260  lcdhal.o(i.LCD_DrawColorBMP)
    LCD_DrawLine                             0x080040c9   Thumb Code    86  stm3210e_eval_lcd.o(i.LCD_DrawLine)
    LCD_FSMCConfig                           0x08004125   Thumb Code    80  stm3210e_eval_lcd.o(i.LCD_FSMCConfig)
    LCD_GetPixel                             0x08004175   Thumb Code    44  lcdhal.o(i.LCD_GetPixel)
    LCD_PrintChar                            0x080041a5   Thumb Code    42  lcdhal.o(i.LCD_PrintChar)
    LCD_PrintStringLine                      0x080041dd   Thumb Code   210  lcdhal.o(i.LCD_PrintStringLine)
    LCD_PutPixel                             0x080042b5   Thumb Code    28  lcdhal.o(i.LCD_PutPixel)
    LCD_ReadReg                              0x080042d1   Thumb Code    10  stm3210e_eval_lcd.o(i.LCD_ReadReg)
    LCD_SetBackColor                         0x080042dd   Thumb Code    12  stm3210e_eval_lcd.o(i.LCD_SetBackColor)
    LCD_SetCursor                            0x080042ed   Thumb Code    24  stm3210e_eval_lcd.o(i.LCD_SetCursor)
    LCD_SetDisplayWindow                     0x08004305   Thumb Code    74  stm3210e_eval_lcd.o(i.LCD_SetDisplayWindow)
    LCD_SetTextColor                         0x08004351   Thumb Code    12  stm3210e_eval_lcd.o(i.LCD_SetTextColor)
    LCD_WriteChar                            0x08004361   Thumb Code   226  lcdhal.o(i.LCD_WriteChar)
    LCD_WriteRAM                             0x08004449   Thumb Code     8  stm3210e_eval_lcd.o(i.LCD_WriteRAM)
    LCD_WriteRAM_Prepare                     0x08004451   Thumb Code    10  stm3210e_eval_lcd.o(i.LCD_WriteRAM_Prepare)
    LCD_WriteReg                             0x0800445b   Thumb Code    10  stm3210e_eval_lcd.o(i.LCD_WriteReg)
    MENU_Demo_Init                           0x080062d5   Thumb Code    56  menu.o(i.MENU_Demo_Init)
    MENU_LibPresentation_Init                0x0800631d   Thumb Code   118  menu.o(i.MENU_LibPresentation_Init)
    MemManage_Handler                        0x08006401   Thumb Code     2  stm32f10x_it.o(i.MemManage_Handler)
    NMI_Handler                              0x08006403   Thumb Code     2  stm32f10x_it.o(i.NMI_Handler)
    NVIC_PriorityGroupConfig                 0x08006405   Thumb Code    10  misc.o(i.NVIC_PriorityGroupConfig)
    NVIC_SetVectorTable                      0x08006439   Thumb Code    12  misc.o(i.NVIC_SetVectorTable)
    NewBtnHwParamObj                         0x0800644d   Thumb Code     4  joyhal.o(i.NewBtnHwParamObj)
    NewButton                                0x08006455   Thumb Code    82  graphicobject.o(i.NewButton)
    NewCheckbox                              0x080064b1   Thumb Code    88  graphicobject.o(i.NewCheckbox)
    NewComboBoxGrp                           0x08006511   Thumb Code    68  graphicobject.o(i.NewComboBoxGrp)
    NewGraphChart                            0x08006561   Thumb Code   138  graphicobject.o(i.NewGraphChart)
    NewHistogram                             0x080065eb   Thumb Code   132  graphicobject.o(i.NewHistogram)
    NewIcon                                  0x0800666f   Thumb Code    82  graphicobject.o(i.NewIcon)
    NewJoyHwParamObj                         0x080066c1   Thumb Code     4  joyhal.o(i.NewJoyHwParamObj)
    NewLabel                                 0x080066c9   Thumb Code    90  graphicobject.o(i.NewLabel)
    NewLcdHwParamObj                         0x08006725   Thumb Code     4  lcdhal.o(i.NewLcdHwParamObj)
    NewRadioButtonGrp                        0x0800672d   Thumb Code    26  graphicobject.o(i.NewRadioButtonGrp)
    NewSlidebar                              0x0800674d   Thumb Code   120  graphicobject.o(i.NewSlidebar)
    NewSwitch                                0x080067d1   Thumb Code   102  graphicobject.o(i.NewSwitch)
    NullFunc                                 0x08006921   Thumb Code     2  graphicobject.o(i.NullFunc)
    PendSV_Handler                           0x08006923   Thumb Code     2  stm32f10x_it.o(i.PendSV_Handler)
    ProcessInputData                         0x08006925   Thumb Code   354  graphicobject.o(i.ProcessInputData)
    RCC_AHBPeriphClockCmd                    0x08006d69   Thumb Code    18  stm32f10x_rcc.o(i.RCC_AHBPeriphClockCmd)
    RCC_APB2PeriphClockCmd                   0x08006d81   Thumb Code    18  stm32f10x_rcc.o(i.RCC_APB2PeriphClockCmd)
    RCC_GetClocksFreq                        0x08006d99   Thumb Code   128  stm32f10x_rcc.o(i.RCC_GetClocksFreq)
    STM3210E_LCD_Init                        0x08006e29   Thumb Code  1094  stm3210e_eval_lcd.o(i.STM3210E_LCD_Init)
    SVC_Handler                              0x0800726f   Thumb Code     2  stm32f10x_it.o(i.SVC_Handler)
    SetIconImage                             0x08008009   Thumb Code    60  graphicobject.o(i.SetIconImage)
    ShowLoadingLogo                          0x080087bd   Thumb Code   296  main.o(i.ShowLoadingLogo)
    ShowPage                                 0x08008921   Thumb Code    96  graphicobject.o(i.ShowPage)
    Show_HomeScreen                          0x08008985   Thumb Code   408  menu.o(i.Show_HomeScreen)
    SysTick_Handler                          0x08008f8d   Thumb Code     4  stm32f10x_it.o(i.SysTick_Handler)
    SystemInit                               0x08008f91   Thumb Code    64  system_stm32f10x.o(i.SystemInit)
    TimeOutCalculate                         0x08008fe1   Thumb Code    46  graphicobject.o(i.TimeOutCalculate)
    TimingDelay_Decrement                    0x08009019   Thumb Code    16  graphicobject.o(i.TimingDelay_Decrement)
    UsageFault_Handler                       0x0800902d   Thumb Code     2  stm32f10x_it.o(i.UsageFault_Handler)
    __0sprintf                               0x08009031   Thumb Code    34  printfa.o(i.__0sprintf)
    __1sprintf                               0x08009031   Thumb Code     0  printfa.o(i.__0sprintf)
    __2sprintf                               0x08009031   Thumb Code     0  printfa.o(i.__0sprintf)
    __c89sprintf                             0x08009031   Thumb Code     0  printfa.o(i.__0sprintf)
    sprintf                                  0x08009031   Thumb Code     0  printfa.o(i.__0sprintf)
    __scatterload_copy                       0x08009059   Thumb Code    14  handlers.o(i.__scatterload_copy)
    __scatterload_null                       0x08009067   Thumb Code     2  handlers.o(i.__scatterload_null)
    __scatterload_zeroinit                   0x08009069   Thumb Code    14  handlers.o(i.__scatterload_zeroinit)
    free                                     0x08009931   Thumb Code    76  malloc.o(i.free)
    main                                     0x08009981   Thumb Code   146  main.o(i.main)
    malloc                                   0x08009a15   Thumb Code    92  malloc.o(i.malloc)
    TopBanner                                0x08009a80   Data       24386  pictures.o(.constdata)
    STM32Logo                                0x0800f9c2   Data       20066  pictures.o(.constdata)
    Motorbike                                0x08014824   Data       16266  pictures.o(.constdata)
    Car                                      0x080187ae   Data       16266  pictures.o(.constdata)
    Bus                                      0x0801c738   Data       16266  pictures.o(.constdata)
    Airplane                                 0x080206c2   Data       16266  pictures.o(.constdata)
    ASCII16x24_Table                         0x080246b8   Data        4560  stm3210e_eval_lcd.o(.constdata)
    RButtonA                                 0x08025888   Data         866  images.o(.constdata)
    RButtonB                                 0x08025bea   Data         866  images.o(.constdata)
    CheckBox1                                0x08025f4c   Data         866  images.o(.constdata)
    CheckBox2                                0x080262ae   Data         866  images.o(.constdata)
    ArrowUpUntouched                         0x08026610   Data        1034  images.o(.constdata)
    ArrowUpTouched                           0x08026a1a   Data        1034  images.o(.constdata)
    ArrowDownUntouched                       0x08026e24   Data        1034  images.o(.constdata)
    ArrowDownTouched                         0x0802722e   Data        1034  images.o(.constdata)
    BtnNormalLeft                            0x08027638   Data         482  images.o(.constdata)
    BtnNormalRight                           0x0802781a   Data         482  images.o(.constdata)
    BtnNormal                                0x080279fc   Data         482  images.o(.constdata)
    BtnPressedLeft                           0x08027bde   Data         482  images.o(.constdata)
    BtnPressedRight                          0x08027dc0   Data         482  images.o(.constdata)
    BtnPressed                               0x08027fa2   Data         482  images.o(.constdata)
    SwitchNormalLeft                         0x08028184   Data         482  images.o(.constdata)
    SwitchNormalRight                        0x08028366   Data         482  images.o(.constdata)
    SwitchNormal                             0x08028548   Data         482  images.o(.constdata)
    SwitchPressedLeft                        0x0802872a   Data         482  images.o(.constdata)
    SwitchPressedRight                       0x0802890c   Data         482  images.o(.constdata)
    SwitchPressed                            0x08028aee   Data         482  images.o(.constdata)
    SlidebarLeft                             0x08028cd0   Data         210  images.o(.constdata)
    SlidebarRight                            0x08028da2   Data         210  images.o(.constdata)
    SlidebarCentral                          0x08028e74   Data         210  images.o(.constdata)
    SlidebarCursor                           0x08028f46   Data         306  images.o(.constdata)
    GL_ASCII16x24_Table                      0x08029078   Data        4560  gl_fonts.o(.constdata)
    GL_ASCII8x12_bold_Table                  0x0802a248   Data        5376  gl_fonts.o(.constdata)
    Region$$Table$$Base                      0x0802b748   Number         0  anon$$obj.o(Region$$Table)
    Region$$Table$$Limit                     0x0802b768   Number         0  anon$$obj.o(Region$$Table)
    vu8_gPageCurrent                         0x20000000   Data           1  menu.o(.data)
    stEmployee                               0x20000001   Data           1  menu.o(.data)
    drivingLicense                           0x20000002   Data           1  menu.o(.data)
    user_gender                              0x20000003   Data           1  menu.o(.data)
    travellers                               0x20000004   Data           1  menu.o(.data)
    favourite_speed                          0x20000006   Data           2  menu.o(.data)
    pageStart                                0x20000008   Data           4  menu.o(.data)
    page0                                    0x2000000c   Data           4  menu.o(.data)
    page1                                    0x20000010   Data           4  menu.o(.data)
    page2                                    0x20000014   Data           4  menu.o(.data)
    page3                                    0x20000018   Data           4  menu.o(.data)
    page4                                    0x2000001c   Data           4  menu.o(.data)
    page5                                    0x20000020   Data           4  menu.o(.data)
    page6                                    0x20000024   Data           4  menu.o(.data)
    page7                                    0x20000028   Data           4  menu.o(.data)
    page8                                    0x2000002c   Data           4  menu.o(.data)
    page9                                    0x20000030   Data           4  menu.o(.data)
    pageD0                                   0x20000034   Data           4  menu.o(.data)
    pageD1                                   0x20000038   Data           4  menu.o(.data)
    pageD2                                   0x2000003c   Data           4  menu.o(.data)
    pageD3                                   0x20000040   Data           4  menu.o(.data)
    pageD4                                   0x20000044   Data           4  menu.o(.data)
    pageD5                                   0x20000048   Data           4  menu.o(.data)
    pageD6                                   0x2000004c   Data           4  menu.o(.data)
    pageD7                                   0x20000050   Data           4  menu.o(.data)
    Font16x24                                0x20000070   Data           8  stm3210e_eval_lcd.o(.data)
    GL_Font                                  0x20000078   Data           1  lcdhal.o(.data)
    GL_FontWidth                             0x20000079   Data           1  lcdhal.o(.data)
    GL_FontHeight                            0x2000007a   Data           1  lcdhal.o(.data)
    LCD_Direction                            0x2000007b   Data           1  lcdhal.o(.data)
    LCD_Height                               0x2000007c   Data           2  lcdhal.o(.data)
    LCD_Width                                0x2000007e   Data           2  lcdhal.o(.data)
    GL_TextColor                             0x20000082   Data           2  lcdhal.o(.data)
    GL_BackColor                             0x20000084   Data           2  lcdhal.o(.data)
    LCDType                                  0x20000088   Data           4  lcdhal.o(.data)
    Cursor                                   0x2000008c   Data           4  cursor.o(.data)
    u32_TSXCoordinate                        0x20000090   Data           4  cursor.o(.data)
    u32_TSYCoordinate                        0x20000094   Data           4  cursor.o(.data)
    GL_Font16x24                             0x200000a8   Data           8  gl_fonts.o(.data)
    GL_Font8x12_bold                         0x200000b0   Data           8  gl_fonts.o(.data)
    vu8_gTouchEnable                         0x200000b8   Data           1  graphicobject.o(.data)
    vu8_gSleepState                          0x200000b9   Data           1  graphicobject.o(.data)
    ValidTouchDetected                       0x200000ba   Data           1  graphicobject.o(.data)
    vu8_gPowerSaveOption                     0x200000bb   Data           1  graphicobject.o(.data)
    touch_done                               0x200000bc   Data           1  graphicobject.o(.data)
    joy_done                                 0x200000bd   Data           1  graphicobject.o(.data)
    vu32_gTimeOutCount                       0x200000c0   Data           4  graphicobject.o(.data)
    __microlib_freelist                      0x200000f0   Data           4  mvars.o(.data)
    __microlib_freelist_initialised          0x200000f4   Data           4  mvars.o(.data)
    pLcdHwParam                              0x200000f8   Data          40  lcdhal.o(.bss)
    pJoyHwParam                              0x20000120   Data          72  joyhal.o(.bss)
    pBtnHwParam                              0x20000168   Data          24  joyhal.o(.bss)
    PagesList                                0x20000180   Data         200  graphicobject.o(.bss)
    __heap_base                              0x20000248   Data           0  startup_stm32f10x_hd.o(HEAP)
    __heap_limit                             0x20000a48   Data           0  startup_stm32f10x_hd.o(HEAP)
    __initial_sp                             0x20000e48   Data           0  startup_stm32f10x_hd.o(STACK)



==============================================================================

Memory Map of the image

  Image Entry point : 0x08000131

  Load Region LR_IROM1 (Base: 0x08000000, Size: 0x0002b860, Max: 0x00080000, ABSOLUTE)

    Execution Region ER_IROM1 (Base: 0x08000000, Size: 0x0002b768, Max: 0x00080000, ABSOLUTE)

    Base Addr    Size         Type   Attr      Idx    E Section Name        Object

    0x08000000   0x00000130   Data   RO         2582    RESET               startup_stm32f10x_hd.o
    0x08000130   0x00000000   Code   RO         3538  * .ARM.Collect$$$$00000000  mc_w.l(entry.o)
    0x08000130   0x00000004   Code   RO         3866    .ARM.Collect$$$$00000001  mc_w.l(entry2.o)
    0x08000134   0x00000004   Code   RO         3869    .ARM.Collect$$$$00000004  mc_w.l(entry5.o)
    0x08000138   0x00000000   Code   RO         3871    .ARM.Collect$$$$00000008  mc_w.l(entry7b.o)
    0x08000138   0x00000000   Code   RO         3873    .ARM.Collect$$$$0000000A  mc_w.l(entry8b.o)
    0x08000138   0x00000008   Code   RO         3874    .ARM.Collect$$$$0000000B  mc_w.l(entry9a.o)
    0x08000140   0x00000000   Code   RO         3876    .ARM.Collect$$$$0000000D  mc_w.l(entry10a.o)
    0x08000140   0x00000000   Code   RO         3878    .ARM.Collect$$$$0000000F  mc_w.l(entry11a.o)
    0x08000140   0x00000004   Code   RO         3867    .ARM.Collect$$$$00002712  mc_w.l(entry2.o)
    0x08000144   0x00000024   Code   RO         2583    .text               startup_stm32f10x_hd.o
    0x08000168   0x00000024   Code   RO         3541    .text               mc_w.l(memcpya.o)
    0x0800018c   0x00000024   Code   RO         3543    .text               mc_w.l(memseta.o)
    0x080001b0   0x00000018   Code   RO         3545    .text               mc_w.l(strcat.o)
    0x080001c8   0x00000018   Code   RO         3547    .text               mc_w.l(strncpy.o)
    0x080001e0   0x0000000e   Code   RO         3549    .text               mc_w.l(strlen.o)
    0x080001ee   0x0000014e   Code   RO         3842    .text               mf_w.l(dadd.o)
    0x0800033c   0x000000e4   Code   RO         3844    .text               mf_w.l(dmul.o)
    0x08000420   0x000000de   Code   RO         3846    .text               mf_w.l(ddiv.o)
    0x080004fe   0x00000022   Code   RO         3852    .text               mf_w.l(dflti.o)
    0x08000520   0x0000001a   Code   RO         3854    .text               mf_w.l(dfltui.o)
    0x0800053a   0x00000032   Code   RO         3860    .text               mf_w.l(dfixui.o)
    0x0800056c   0x00000028   Code   RO         3862    .text               mf_w.l(cdcmple.o)
    0x08000594   0x00000028   Code   RO         3864    .text               mf_w.l(cdrcmple.o)
    0x080005bc   0x0000002c   Code   RO         3883    .text               mc_w.l(uidiv.o)
    0x080005e8   0x00000062   Code   RO         3885    .text               mc_w.l(uldiv.o)
    0x0800064a   0x0000001e   Code   RO         3887    .text               mc_w.l(llshl.o)
    0x08000668   0x00000020   Code   RO         3889    .text               mc_w.l(llushr.o)
    0x08000688   0x00000024   Code   RO         3891    .text               mc_w.l(llsshr.o)
    0x080006ac   0x00000000   Code   RO         3895    .text               mc_w.l(iusefp.o)
    0x080006ac   0x000000b6   Code   RO         3898    .text               mf_w.l(depilogue.o)
    0x08000762   0x00000030   Code   RO         3900    .text               mf_w.l(dfixul.o)
    0x08000792   0x00000002   PAD
    0x08000794   0x00000024   Code   RO         3902    .text               mc_w.l(init.o)
    0x080007b8   0x00000060   Code   RO         3167    i.AddComboOption    graphicobject.o
    0x08000818   0x000001e0   Code   RO         3168    i.AddPageControlObj  graphicobject.o
    0x080009f8   0x00000088   Code   RO         3169    i.AddRadioOption    graphicobject.o
    0x08000a80   0x00000010   Code   RO          315    i.BackFunc          menu.o
    0x08000a90   0x00000010   Code   RO          316    i.BackFunc1         menu.o
    0x08000aa0   0x00000010   Code   RO          317    i.BackFunc2         menu.o
    0x08000ab0   0x00000010   Code   RO          318    i.BackFunc3         menu.o
    0x08000ac0   0x00000010   Code   RO          319    i.BackFunc4         menu.o
    0x08000ad0   0x00000010   Code   RO          320    i.BackFunc5         menu.o
    0x08000ae0   0x00000010   Code   RO          321    i.BackFunc6         menu.o
    0x08000af0   0x00000010   Code   RO          322    i.BackFunc7         menu.o
    0x08000b00   0x00000010   Code   RO          323    i.BackFunc8         menu.o
    0x08000b10   0x00000010   Code   RO          324    i.BackFuncD1        menu.o
    0x08000b20   0x00000010   Code   RO          325    i.BackFuncD2        menu.o
    0x08000b30   0x00000010   Code   RO          326    i.BackFuncD3        menu.o
    0x08000b40   0x00000010   Code   RO          327    i.BackFuncD4        menu.o
    0x08000b50   0x00000010   Code   RO          328    i.BackFuncD5        menu.o
    0x08000b60   0x00000022   Code   RO         2587    i.BmpBuffer32BitRead  lcdhal.o
    0x08000b82   0x00000002   Code   RO          244    i.BusFault_Handler  stm32f10x_it.o
    0x08000b84   0x00000084   Code   RO         3170    i.CallEvent         graphicobject.o
    0x08000c08   0x0000020c   Code   RO         3171    i.CallPreEvents     graphicobject.o
    0x08000e14   0x00000018   Code   RO          329    i.CheckboxDemoFunc  menu.o
    0x08000e2c   0x00000188   Code   RO          330    i.CheckboxFunc      menu.o
    0x08000fb4   0x00000044   Code   RO          331    i.ComboboxDemoFunc  menu.o
    0x08000ff8   0x000002d4   Code   RO          332    i.ComboboxFunc      menu.o
    0x080012cc   0x0000003c   Code   RO         3173    i.CompareCoordinates  graphicobject.o
    0x08001308   0x0000003c   Code   RO         3174    i.CompareJoyCoordinates  graphicobject.o
    0x08001344   0x0000006c   Code   RO         3175    i.Create_PageObj    graphicobject.o
    0x080013b0   0x00000148   Code   RO         3098    i.CursorDraw        cursor.o
    0x080014f8   0x00000044   Code   RO         3099    i.CursorInit        cursor.o
    0x0800153c   0x0000001a   Code   RO         3100    i.CursorPosition    cursor.o
    0x08001556   0x00000002   PAD
    0x08001558   0x00000084   Code   RO         3101    i.CursorReadJoystick  cursor.o
    0x080015dc   0x00000006   Code   RO         3102    i.CursorShow        cursor.o
    0x080015e2   0x00000002   PAD
    0x080015e4   0x00000084   Code   RO         3103    i.CursorStepMove    cursor.o
    0x08001668   0x00000002   Code   RO          245    i.DebugMon_Handler  stm32f10x_it.o
    0x0800166a   0x00000002   PAD
    0x0800166c   0x000003c8   Code   RO          333    i.Demo_InitPage0    menu.o
    0x08001a34   0x00000230   Code   RO          334    i.Demo_InitPage1    menu.o
    0x08001c64   0x00000320   Code   RO          335    i.Demo_InitPage2    menu.o
    0x08001f84   0x00000318   Code   RO          336    i.Demo_InitPage3    menu.o
    0x0800229c   0x00000348   Code   RO          337    i.Demo_InitPage4    menu.o
    0x080025e4   0x00000310   Code   RO          338    i.Demo_InitPage5    menu.o
    0x080028f4   0x00000270   Code   RO          339    i.Demo_InitPage6    menu.o
    0x08002b64   0x000001c0   Code   RO          340    i.Demo_InitPage7    menu.o
    0x08002d24   0x00000064   Code   RO         3176    i.DestroyPage       graphicobject.o
    0x08002d88   0x0000013e   Code   RO         3177    i.DestroyPageControl  graphicobject.o
    0x08002ec6   0x00000002   PAD
    0x08002ec8   0x00000188   Code   RO          341    i.EnDisBtnFunc      menu.o
    0x08003050   0x00000020   Code   RO         1093    i.FSMC_NORSRAMCmd   stm32f10x_fsmc.o
    0x08003070   0x000000c8   Code   RO         1095    i.FSMC_NORSRAMInit  stm32f10x_fsmc.o
    0x08003138   0x000000b0   Code   RO          342    i.FinishBtnFunc     menu.o
    0x080031e8   0x00000010   Code   RO         2588    i.GL_BackLightSwitch  lcdhal.o
    0x080031f8   0x0000002c   Code   RO         2991    i.GL_ButtonInit     joyhal.o
    0x08003224   0x00000004   Code   RO         2589    i.GL_Clear          lcdhal.o
    0x08003228   0x00000010   Code   RO         3179    i.GL_Delay          graphicobject.o
    0x08003238   0x00000070   Code   RO         2590    i.GL_DisplayAdjStringLine  lcdhal.o
    0x080032a8   0x00000056   Code   RO         2591    i.GL_DrawBMP        lcdhal.o
    0x080032fe   0x00000002   PAD
    0x08003300   0x00000040   Code   RO         3180    i.GL_DrawButtonBMP  graphicobject.o
    0x08003340   0x00000086   Code   RO         3182    i.GL_DrawFilledRectangle  graphicobject.o
    0x080033c6   0x00000006   Code   RO         2592    i.GL_DrawLine       lcdhal.o
    0x080033cc   0x00000138   Code   RO         3183    i.GL_DrawObliqueLine  graphicobject.o
    0x08003504   0x0000004a   Code   RO         3184    i.GL_DrawRectangle  graphicobject.o
    0x0800354e   0x00000004   Code   RO         2992    i.GL_GPIO_ReadInputDataBit  joyhal.o
    0x08003552   0x00000002   PAD
    0x08003554   0x00000074   Code   RO         2994    i.GL_JoyStickConfig_GPIO  joyhal.o
    0x080035c8   0x0000000e   Code   RO         2996    i.GL_JoyStickState  joyhal.o
    0x080035d6   0x00000002   PAD
    0x080035d8   0x0000005c   Code   RO         2998    i.GL_JoyStickStatePolling  joyhal.o
    0x08003634   0x00000044   Code   RO         2594    i.GL_LCD_DisplayChar  lcdhal.o
    0x08003678   0x00000100   Code   RO         2595    i.GL_LCD_DrawChar   lcdhal.o
    0x08003778   0x00000078   Code   RO         2596    i.GL_LCD_DrawCharTransparent  lcdhal.o
    0x080037f0   0x00000004   Code   RO         2599    i.GL_LCD_Init       lcdhal.o
    0x080037f4   0x00000022   Code   RO         2600    i.GL_LCD_ReadRAM    lcdhal.o
    0x08003816   0x00000002   PAD
    0x08003818   0x00000018   Code   RO         2602    i.GL_SetBackColor   lcdhal.o
    0x08003830   0x00000008   Code   RO         2603    i.GL_SetDisplayWindow  lcdhal.o
    0x08003838   0x00000020   Code   RO         2604    i.GL_SetFont        lcdhal.o
    0x08003858   0x0000003c   Code   RO         3185    i.GL_SetStringFieldValue  graphicobject.o
    0x08003894   0x00000018   Code   RO         2605    i.GL_SetTextColor   lcdhal.o
    0x080038ac   0x000000a2   Code   RO         1208    i.GPIO_Init         stm32f10x_gpio.o
    0x0800394e   0x0000000e   Code   RO         1212    i.GPIO_ReadInputDataBit  stm32f10x_gpio.o
    0x0800395c   0x00000010   Code   RO         1217    i.GPIO_StructInit   stm32f10x_gpio.o
    0x0800396c   0x000000e8   Code   RO          343    i.GeneralBtnFunc    menu.o
    0x08003a54   0x00000046   Code   RO         3186    i.GetComboOptionActive  graphicobject.o
    0x08003a9a   0x000000e6   Code   RO         3188    i.GetObjCoordinates  graphicobject.o
    0x08003b80   0x0000009e   Code   RO         3189    i.GetObjSize        graphicobject.o
    0x08003c1e   0x00000062   Code   RO         3190    i.GetObjStatus      graphicobject.o
    0x08003c80   0x0000002e   Code   RO         3192    i.Get_SlidebarValue  graphicobject.o
    0x08003cae   0x00000002   PAD
    0x08003cb0   0x0000005c   Code   RO          114    i.HWConfig_SetHardwareParams  hw_config.o
    0x08003d0c   0x00000002   Code   RO          246    i.HardFault_Handler  stm32f10x_it.o
    0x08003d0e   0x00000002   PAD
    0x08003d10   0x000000b8   Code   RO          344    i.HomeFuncDemo      menu.o
    0x08003dc8   0x00000108   Code   RO          345    i.HomeFuncLibrary   menu.o
    0x08003ed0   0x00000002   Code   RO          346    i.IconFunc          menu.o
    0x08003ed2   0x0000000e   Code   RO          169    i.InputInterface_Init  main.o
    0x08003ee0   0x00000034   Code   RO         2606    i.LCD_Change_Direction  lcdhal.o
    0x08003f14   0x00000026   Code   RO         2314    i.LCD_Clear         stm3210e_eval_lcd.o
    0x08003f3a   0x00000002   PAD
    0x08003f3c   0x00000070   Code   RO         2318    i.LCD_CtrlLinesConfig  stm3210e_eval_lcd.o
    0x08003fac   0x00000008   Code   RO         2321    i.LCD_DisplayOff    stm3210e_eval_lcd.o
    0x08003fb4   0x0000000a   Code   RO         2322    i.LCD_DisplayOn     stm3210e_eval_lcd.o
    0x08003fbe   0x00000002   PAD
    0x08003fc0   0x00000108   Code   RO         2607    i.LCD_DrawColorBMP  lcdhal.o
    0x080040c8   0x0000005c   Code   RO         2328    i.LCD_DrawLine      stm3210e_eval_lcd.o
    0x08004124   0x00000050   Code   RO         2332    i.LCD_FSMCConfig    stm3210e_eval_lcd.o
    0x08004174   0x00000030   Code   RO         2610    i.LCD_GetPixel      lcdhal.o
    0x080041a4   0x00000038   Code   RO         2611    i.LCD_PrintChar     lcdhal.o
    0x080041dc   0x000000d8   Code   RO         2612    i.LCD_PrintStringLine  lcdhal.o
    0x080042b4   0x0000001c   Code   RO         2613    i.LCD_PutPixel      lcdhal.o
    0x080042d0   0x0000000a   Code   RO         2341    i.LCD_ReadReg       stm3210e_eval_lcd.o
    0x080042da   0x00000002   PAD
    0x080042dc   0x00000010   Code   RO         2342    i.LCD_SetBackColor  stm3210e_eval_lcd.o
    0x080042ec   0x00000018   Code   RO         2344    i.LCD_SetCursor     stm3210e_eval_lcd.o
    0x08004304   0x0000004a   Code   RO         2345    i.LCD_SetDisplayWindow  stm3210e_eval_lcd.o
    0x0800434e   0x00000002   PAD
    0x08004350   0x00000010   Code   RO         2347    i.LCD_SetTextColor  stm3210e_eval_lcd.o
    0x08004360   0x000000e8   Code   RO         2614    i.LCD_WriteChar     lcdhal.o
    0x08004448   0x00000008   Code   RO         2350    i.LCD_WriteRAM      stm3210e_eval_lcd.o
    0x08004450   0x0000000a   Code   RO         2351    i.LCD_WriteRAM_Prepare  stm3210e_eval_lcd.o
    0x0800445a   0x0000000a   Code   RO         2352    i.LCD_WriteReg      stm3210e_eval_lcd.o
    0x08004464   0x00000360   Code   RO          347    i.LibPresentation_InitPage0  menu.o
    0x080047c4   0x00000334   Code   RO          348    i.LibPresentation_InitPage1  menu.o
    0x08004af8   0x00000360   Code   RO          349    i.LibPresentation_InitPage2  menu.o
    0x08004e58   0x0000034c   Code   RO          350    i.LibPresentation_InitPage3  menu.o
    0x080051a4   0x0000041c   Code   RO          351    i.LibPresentation_InitPage4  menu.o
    0x080055c0   0x000003a0   Code   RO          352    i.LibPresentation_InitPage5  menu.o
    0x08005960   0x0000038c   Code   RO          353    i.LibPresentation_InitPage6  menu.o
    0x08005cec   0x0000017c   Code   RO          354    i.LibPresentation_InitPage7  menu.o
    0x08005e68   0x00000180   Code   RO          355    i.LibPresentation_InitPage8  menu.o
    0x08005fe8   0x000002ac   Code   RO          356    i.LibPresentation_InitPage9  menu.o
    0x08006294   0x00000030   Code   RO          357    i.MENU_DemoPresentation_SwitchPage  menu.o
    0x080062c4   0x00000010   Code   RO          358    i.MENU_Demo_Dummy   menu.o
    0x080062d4   0x00000038   Code   RO          359    i.MENU_Demo_Init    menu.o
    0x0800630c   0x00000010   Code   RO          360    i.MENU_LibPresentation_Dummy  menu.o
    0x0800631c   0x00000076   Code   RO          361    i.MENU_LibPresentation_Init  menu.o
    0x08006392   0x00000002   PAD
    0x08006394   0x0000006c   Code   RO          362    i.MENU_LibPresentation_SwitchPage  menu.o
    0x08006400   0x00000002   Code   RO          247    i.MemManage_Handler  stm32f10x_it.o
    0x08006402   0x00000002   Code   RO          248    i.NMI_Handler       stm32f10x_it.o
    0x08006404   0x00000014   Code   RO         2159    i.NVIC_PriorityGroupConfig  misc.o
    0x08006418   0x00000020   Code   RO          170    i.NVIC_SetPriority  main.o
    0x08006438   0x00000014   Code   RO         2160    i.NVIC_SetVectorTable  misc.o
    0x0800644c   0x00000008   Code   RO         2999    i.NewBtnHwParamObj  joyhal.o
    0x08006454   0x0000005c   Code   RO         3193    i.NewButton         graphicobject.o
    0x080064b0   0x00000060   Code   RO         3194    i.NewCheckbox       graphicobject.o
    0x08006510   0x00000050   Code   RO         3195    i.NewComboBoxGrp    graphicobject.o
    0x08006560   0x0000008a   Code   RO         3196    i.NewGraphChart     graphicobject.o
    0x080065ea   0x00000084   Code   RO         3197    i.NewHistogram      graphicobject.o
    0x0800666e   0x00000052   Code   RO         3198    i.NewIcon           graphicobject.o
    0x080066c0   0x00000008   Code   RO         3000    i.NewJoyHwParamObj  joyhal.o
    0x080066c8   0x0000005a   Code   RO         3199    i.NewLabel          graphicobject.o
    0x08006722   0x00000002   PAD
    0x08006724   0x00000008   Code   RO         2616    i.NewLcdHwParamObj  lcdhal.o
    0x0800672c   0x00000020   Code   RO         3200    i.NewRadioButtonGrp  graphicobject.o
    0x0800674c   0x00000084   Code   RO         3201    i.NewSlidebar       graphicobject.o
    0x080067d0   0x00000070   Code   RO         3202    i.NewSwitch         graphicobject.o
    0x08006840   0x00000010   Code   RO          363    i.NextFunc          menu.o
    0x08006850   0x00000010   Code   RO          364    i.NextFunc1         menu.o
    0x08006860   0x00000010   Code   RO          365    i.NextFunc2         menu.o
    0x08006870   0x00000010   Code   RO          366    i.NextFunc3         menu.o
    0x08006880   0x00000010   Code   RO          367    i.NextFunc4         menu.o
    0x08006890   0x00000010   Code   RO          368    i.NextFunc5         menu.o
    0x080068a0   0x00000010   Code   RO          369    i.NextFunc6         menu.o
    0x080068b0   0x00000010   Code   RO          370    i.NextFunc7         menu.o
    0x080068c0   0x00000010   Code   RO          371    i.NextFunc8         menu.o
    0x080068d0   0x00000010   Code   RO          372    i.NextFuncD1        menu.o
    0x080068e0   0x00000010   Code   RO          373    i.NextFuncD2        menu.o
    0x080068f0   0x00000010   Code   RO          374    i.NextFuncD3        menu.o
    0x08006900   0x00000010   Code   RO          375    i.NextFuncD4        menu.o
    0x08006910   0x00000010   Code   RO          376    i.NextFuncD5        menu.o
    0x08006920   0x00000002   Code   RO         3203    i.NullFunc          graphicobject.o
    0x08006922   0x00000002   Code   RO          249    i.PendSV_Handler    stm32f10x_it.o
    0x08006924   0x00000174   Code   RO         3204    i.ProcessInputData  graphicobject.o
    0x08006a98   0x000000e8   Code   RO          377    i.RButtonFunc1      menu.o
    0x08006b80   0x000000e8   Code   RO          378    i.RButtonFunc2      menu.o
    0x08006c68   0x000000e8   Code   RO          379    i.RButtonFunc3      menu.o
    0x08006d50   0x0000000c   Code   RO          380    i.RButtonFuncD1     menu.o
    0x08006d5c   0x0000000c   Code   RO          381    i.RButtonFuncD2     menu.o
    0x08006d68   0x00000018   Code   RO         1521    i.RCC_AHBPeriphClockCmd  stm32f10x_rcc.o
    0x08006d80   0x00000018   Code   RO         1524    i.RCC_APB2PeriphClockCmd  stm32f10x_rcc.o
    0x08006d98   0x00000090   Code   RO         1532    i.RCC_GetClocksFreq  stm32f10x_rcc.o
    0x08006e28   0x00000446   Code   RO         2354    i.STM3210E_LCD_Init  stm3210e_eval_lcd.o
    0x0800726e   0x00000002   Code   RO          250    i.SVC_Handler       stm32f10x_it.o
    0x08007270   0x0000017c   Code   RO         3208    i.SetButtonVisible  graphicobject.o
    0x080073ec   0x00000090   Code   RO         3209    i.SetCheckboxVisible  graphicobject.o
    0x0800747c   0x0000010c   Code   RO         3210    i.SetComboBoxVisible  graphicobject.o
    0x08007588   0x0000073c   Code   RO         3213    i.SetGraphChartVisible  graphicobject.o
    0x08007cc4   0x00000344   Code   RO         3215    i.SetHistogramVisible  graphicobject.o
    0x08008008   0x0000003c   Code   RO         3216    i.SetIconImage      graphicobject.o
    0x08008044   0x00000024   Code   RO         3217    i.SetIconVisible    graphicobject.o
    0x08008068   0x000000f0   Code   RO         3218    i.SetLabelVisible   graphicobject.o
    0x08008158   0x0000000a   Code   RO         3219    i.SetPage           graphicobject.o
    0x08008162   0x00000002   PAD
    0x08008164   0x0000008e   Code   RO         3220    i.SetRadioButtonVisible  graphicobject.o
    0x080081f2   0x00000002   PAD
    0x080081f4   0x00000394   Code   RO         3221    i.SetSlidebarVisible  graphicobject.o
    0x08008588   0x0000018c   Code   RO         3222    i.SetSwitchVisible  graphicobject.o
    0x08008714   0x000000a8   Code   RO            1    i.SetSysClockTo72   system_stm32f10x.o
    0x080087bc   0x00000164   Code   RO          171    i.ShowLoadingLogo   main.o
    0x08008920   0x00000064   Code   RO         3225    i.ShowPage          graphicobject.o
    0x08008984   0x00000210   Code   RO          382    i.Show_HomeScreen   menu.o
    0x08008b94   0x00000108   Code   RO         3226    i.SlidebarCursorPreDraw  graphicobject.o
    0x08008c9c   0x00000104   Code   RO          383    i.SlidebarDemoFunc  menu.o
    0x08008da0   0x000000f0   Code   RO          384    i.SlidebarFunc      menu.o
    0x08008e90   0x00000006   Code   RO          385    i.SlidebarLeftFunc  menu.o
    0x08008e96   0x00000002   PAD
    0x08008e98   0x000000c4   Code   RO          386    i.SlidebarLeftRightFunc  menu.o
    0x08008f5c   0x00000006   Code   RO          387    i.SlidebarRightFunc  menu.o
    0x08008f62   0x00000002   PAD
    0x08008f64   0x00000010   Code   RO          388    i.StartDemoFunc     menu.o
    0x08008f74   0x00000018   Code   RO          389    i.SwitchDemoBtnFunc  menu.o
    0x08008f8c   0x00000004   Code   RO          251    i.SysTick_Handler   stm32f10x_it.o
    0x08008f90   0x00000050   Code   RO            3    i.SystemInit        system_stm32f10x.o
    0x08008fe0   0x00000038   Code   RO         3227    i.TimeOutCalculate  graphicobject.o
    0x08009018   0x00000014   Code   RO         3228    i.TimingDelay_Decrement  graphicobject.o
    0x0800902c   0x00000002   Code   RO          252    i.UsageFault_Handler  stm32f10x_it.o
    0x0800902e   0x00000002   PAD
    0x08009030   0x00000028   Code   RO         3788    i.__0sprintf        mc_w.l(printfa.o)
    0x08009058   0x0000000e   Code   RO         3908    i.__scatterload_copy  mc_w.l(handlers.o)
    0x08009066   0x00000002   Code   RO         3909    i.__scatterload_null  mc_w.l(handlers.o)
    0x08009068   0x0000000e   Code   RO         3910    i.__scatterload_zeroinit  mc_w.l(handlers.o)
    0x08009076   0x00000002   PAD
    0x08009078   0x00000164   Code   RO         3793    i._fp_digits        mc_w.l(printfa.o)
    0x080091dc   0x000006dc   Code   RO         3794    i._printf_core      mc_w.l(printfa.o)
    0x080098b8   0x00000024   Code   RO         3795    i._printf_post_padding  mc_w.l(printfa.o)
    0x080098dc   0x0000002e   Code   RO         3796    i._printf_pre_padding  mc_w.l(printfa.o)
    0x0800990a   0x0000000a   Code   RO         3798    i._sputc            mc_w.l(printfa.o)
    0x08009914   0x0000001c   Code   RO         2355    i.delay             stm3210e_eval_lcd.o
    0x08009930   0x00000050   Code   RO         3814    i.free              mc_w.l(malloc.o)
    0x08009980   0x00000092   Code   RO          172    i.main              main.o
    0x08009a12   0x00000002   PAD
    0x08009a14   0x0000006c   Code   RO         3815    i.malloc            mc_w.l(malloc.o)
    0x08009a80   0x00005f42   Data   RO          227    .constdata          pictures.o
    0x0800f9c2   0x00004e62   Data   RO          228    .constdata          pictures.o
    0x08014824   0x00003f8a   Data   RO          229    .constdata          pictures.o
    0x080187ae   0x00003f8a   Data   RO          230    .constdata          pictures.o
    0x0801c738   0x00003f8a   Data   RO          231    .constdata          pictures.o
    0x080206c2   0x00003f8a   Data   RO          232    .constdata          pictures.o
    0x0802464c   0x0000006c   Data   RO          390    .constdata          menu.o
    0x080246b8   0x000011d0   Data   RO         2356    .constdata          stm3210e_eval_lcd.o
    0x08025888   0x00000362   Data   RO         3063    .constdata          images.o
    0x08025bea   0x00000362   Data   RO         3064    .constdata          images.o
    0x08025f4c   0x00000362   Data   RO         3065    .constdata          images.o
    0x080262ae   0x00000362   Data   RO         3066    .constdata          images.o
    0x08026610   0x0000040a   Data   RO         3067    .constdata          images.o
    0x08026a1a   0x0000040a   Data   RO         3068    .constdata          images.o
    0x08026e24   0x0000040a   Data   RO         3069    .constdata          images.o
    0x0802722e   0x0000040a   Data   RO         3070    .constdata          images.o
    0x08027638   0x000001e2   Data   RO         3071    .constdata          images.o
    0x0802781a   0x000001e2   Data   RO         3072    .constdata          images.o
    0x080279fc   0x000001e2   Data   RO         3073    .constdata          images.o
    0x08027bde   0x000001e2   Data   RO         3074    .constdata          images.o
    0x08027dc0   0x000001e2   Data   RO         3075    .constdata          images.o
    0x08027fa2   0x000001e2   Data   RO         3076    .constdata          images.o
    0x08028184   0x000001e2   Data   RO         3077    .constdata          images.o
    0x08028366   0x000001e2   Data   RO         3078    .constdata          images.o
    0x08028548   0x000001e2   Data   RO         3079    .constdata          images.o
    0x0802872a   0x000001e2   Data   RO         3080    .constdata          images.o
    0x0802890c   0x000001e2   Data   RO         3081    .constdata          images.o
    0x08028aee   0x000001e2   Data   RO         3082    .constdata          images.o
    0x08028cd0   0x000000d2   Data   RO         3083    .constdata          images.o
    0x08028da2   0x000000d2   Data   RO         3084    .constdata          images.o
    0x08028e74   0x000000d2   Data   RO         3085    .constdata          images.o
    0x08028f46   0x00000132   Data   RO         3086    .constdata          images.o
    0x08029078   0x000011d0   Data   RO         3146    .constdata          gl_fonts.o
    0x0802a248   0x00001500   Data   RO         3150    .constdata          gl_fonts.o
    0x0802b748   0x00000020   Data   RO         3906    Region$$Table       anon$$obj.o


    Execution Region RW_IRAM1 (Base: 0x20000000, Size: 0x00000e48, Max: 0x00010000, ABSOLUTE)

    Base Addr    Size         Type   Attr      Idx    E Section Name        Object

    0x20000000   0x00000054   Data   RW          391    .data               menu.o
    0x20000054   0x00000014   Data   RW         1552    .data               stm32f10x_rcc.o
    0x20000068   0x00000010   Data   RW         2360    .data               stm3210e_eval_lcd.o
    0x20000078   0x00000014   Data   RW         2618    .data               lcdhal.o
    0x2000008c   0x0000001a   Data   RW         3104    .data               cursor.o
    0x200000a6   0x00000002   PAD
    0x200000a8   0x00000008   Data   RW         3151    .data               gl_fonts.o
    0x200000b0   0x00000008   Data   RW         3154    .data               gl_fonts.o
    0x200000b8   0x00000038   Data   RW         3230    .data               graphicobject.o
    0x200000f0   0x00000004   Data   RW         3893    .data               mc_w.l(mvars.o)
    0x200000f4   0x00000004   Data   RW         3894    .data               mc_w.l(mvars.o)
    0x200000f8   0x00000028   Zero   RW         2617    .bss                lcdhal.o
    0x20000120   0x00000060   Zero   RW         3001    .bss                joyhal.o
    0x20000180   0x000000c8   Zero   RW         3229    .bss                graphicobject.o
    0x20000248   0x00000800   Zero   RW         2581    HEAP                startup_stm32f10x_hd.o
    0x20000a48   0x00000400   Zero   RW         2580    STACK               startup_stm32f10x_hd.o


==============================================================================

Image component sizes


      Code (inc. data)   RO Data    RW Data    ZI Data      Debug   Object Name

         0          0          0          0          0         32   core_cm3.o
       692         44          0         26          0       5967   cursor.o
         0          0       9936         16          0       1693   gl_fonts.o
     10356        500          0         56        200      42740   graphicobject.o
        92          8          0          0          0      10259   hw_config.o
         0          0      14320          0          0       1934   images.o
       286         22          0          0         96       7441   joyhal.o
      1732         88          0         20         40      17529   lcdhal.o
       548         60          0          0          0      18483   main.o
     18808       4648        108         84          0      38809   menu.o
        40         18          0          0          0       1085   misc.o
         0          0     109516          0          0        713   pictures.o
        36          8        304          0       3072        776   startup_stm32f10x_hd.o
      1630         42       4560         16          0      12571   stm3210e_eval_lcd.o
       232          6          0          0          0       1985   stm32f10x_fsmc.o
       192          0          0          0          0       3058   stm32f10x_gpio.o
        20          0          0          0          0       3794   stm32f10x_it.o
       192         28          0         20          0       4609   stm32f10x_rcc.o
       248         24          0          0          0     234409   system_stm32f10x.o

    ----------------------------------------------------------------------
     35148       5496     138776        240       3408     407887   Object Totals
         0          0         32          0          0          0   (incl. Generated)
        44          0          0          2          0          0   (incl. Padding)

    ----------------------------------------------------------------------

      Code (inc. data)   RO Data    RW Data    ZI Data      Debug   Library Member Name

         0          0          0          0          0          0   entry.o
         0          0          0          0          0          0   entry10a.o
         0          0          0          0          0          0   entry11a.o
         8          4          0          0          0          0   entry2.o
         4          0          0          0          0          0   entry5.o
         0          0          0          0          0          0   entry7b.o
         0          0          0          0          0          0   entry8b.o
         8          4          0          0          0          0   entry9a.o
        30          0          0          0          0          0   handlers.o
        36          8          0          0          0         68   init.o
         0          0          0          0          0          0   iusefp.o
        30          0          0          0          0         68   llshl.o
        36          0          0          0          0         68   llsshr.o
        32          0          0          0          0         68   llushr.o
       188         20          0          0          0        160   malloc.o
        36          0          0          0          0         68   memcpya.o
        36          0          0          0          0        108   memseta.o
         0          0          0          8          0          0   mvars.o
      2244         86          0          0          0        512   printfa.o
        24          0          0          0          0         68   strcat.o
        14          0          0          0          0         68   strlen.o
        24          0          0          0          0         76   strncpy.o
        44          0          0          0          0         80   uidiv.o
        98          0          0          0          0         92   uldiv.o
        40          2          0          0          0         68   cdcmple.o
        40          2          0          0          0         68   cdrcmple.o
       334          0          0          0          0        148   dadd.o
       222          0          0          0          0        100   ddiv.o
       182          0          0          0          0        176   depilogue.o
        50          0          0          0          0         76   dfixui.o
        48          0          0          0          0         68   dfixul.o
        34          0          0          0          0         76   dflti.o
        26          0          0          0          0         76   dfltui.o
       228          0          0          0          0         96   dmul.o

    ----------------------------------------------------------------------
      4100        126          0          8          0       2456   Library Totals
         4          0          0          0          0          0   (incl. Padding)

    ----------------------------------------------------------------------

      Code (inc. data)   RO Data    RW Data    ZI Data      Debug   Library Name

      2892        122          0          8          0       1504   mc_w.l
      1204          4          0          0          0        952   mf_w.l

    ----------------------------------------------------------------------
      4100        126          0          8          0       2456   Library Totals

    ----------------------------------------------------------------------

==============================================================================


      Code (inc. data)   RO Data    RW Data    ZI Data      Debug   

     39248       5622     138776        248       3408     398899   Grand Totals
     39248       5622     138776        248       3408     398899   ELF Image Totals
     39248       5622     138776        248          0          0   ROM Totals

==============================================================================

    Total RO  Size (Code + RO Data)               178024 ( 173.85kB)
    Total RW  Size (RW Data + ZI Data)              3656 (   3.57kB)
    Total ROM Size (Code + RO Data + RW Data)     178272 ( 174.09kB)

==============================================================================

