<html>
<body>
<pre>
<h1>µVision Build Log</h1>
<h2>Project:</h2>
E:\Project\Study&Search\Redbull\Project\STM32F10x_Redbull_Template\MDK-ARM\Project.uvproj
Project File Date:  12/11/2014

<h2>Output:</h2>
Build target 'STM3210E-RedBull'
compiling main.c...
compiling stm32_redbull_lcd.c...
linking...
Program Size: Code=2988 RO-data=2684 RW-data=64 ZI-data=1040  
FromELF: creating hex file...
".\STM3210E-RedBull\STM3210E-RedBull.axf" - 0 Error(s), 0 Warning(s).
Load "E:\\Project\\Study&Search\\Redbull\\Project\\STM32F10x_Redbull_Template\\MDK-ARM\\STM3210E-RedBull\\STM3210E-RedBull.axf" 
Set JLink Project File to "E:\Project\Study&Search\Redbull\Project\STM32F10x_Redbull_Template\MDK-ARM\JLinkSettings.ini"
* JLink Info: Device "STM32F103ZE" selected (512 KB flash, 64 KB RAM).
 
JLink info:
------------
DLL: V4.80g, compiled Feb 13 2014 20:50:02
Firmware: J-Link ARM V8 compiled Nov 25 2013 19:20:08
Hardware: V8.00
Feature(s) : RDI,FlashDL,FlashBP,JFlash,GDBFull 
 
* JLink Info: TotalIRLen = 9, IRPrint = 0x0011
* JLink Info: TotalIRLen = 9, IRPrint = 0x0011
* JLink Info: Found Cortex-M3 r1p1, Little endian.
* JLink Info: FPUnit: 6 code (BP) slots and 2 literal slots
* JLink Info: TPIU fitted.
* JLink Info: ETM fitted.
ROMTableAddr = 0xE00FF003
 
Target info:
------------
Device: STM32F103ZE
VTarget = 3.358V
State of Pins: 
TCK: 1, TDI: 0, TDO: 1, TMS: 0, TRES: 1, TRST: 1
Hardware-Breakpoints: 6
Software-Breakpoints: 8192
Watchpoints:          4
JTAG speed: 2000 kHz
 
Erase Done.
Programming Done.
Verify OK.
Application running ...
</pre>
</body>
</html>
