<html>
<body>
<pre>
<h1>µVision Build Log</h1>
<h2>Project:</h2>
E:\Downloads\BaiduYun\Study&Search\CMOS\Project\STM32F10x_Redbull_Debug\MDK-ARM\Project.uvproj
Project File Date:  08/29/2014

<h2>Output:</h2>
Build target 'STM3210E-RedBull'
compiling stm32f10x_it.c...
compiling main.c...
compiling stm32f10x_rcc.c...
compiling stm32f10x_gpio.c...
compiling misc.c...
compiling stm32f10x_exti.c...
compiling stm32f10x_spi.c...
compiling stm32f10x_fsmc.c...
compiling stm32f10x_usart.c...
compiling stm32f10x_sdio.c...
compiling stm32f10x_dma.c...
compiling stm32f10x_i2c.c...
compiling stm32f10x_adc.c...
compiling stm32f10x_bkp.c...
compiling stm32f10x_can.c...
compiling stm32f10x_cec.c...
compiling stm32f10x_crc.c...
compiling stm32f10x_dac.c...
compiling stm32f10x_dbgmcu.c...
compiling stm32f10x_flash.c...
compiling stm32f10x_iwdg.c...
compiling stm32f10x_pwr.c...
compiling stm32f10x_rtc.c...
compiling stm32f10x_tim.c...
compiling stm32f10x_wwdg.c...
compiling core_cm3.c...
compiling system_stm32f10x.c...
compiling stm32_redbull.c...
compiling stm32_redbull_lcd.c...
assembling startup_stm32f10x_hd.s...
linking...
Program Size: Code=1088 RO-data=380 RW-data=4 ZI-data=1028  
".\STM3210E-RedBull\STM3210E-RedBull.axf" - 0 Error(s), 0 Warning(s).
</pre>
</body>
</html>
