<html>
<body>
<pre>
<h1>µVision Build Log</h1>
<h2>Project:</h2>
F:\Study&Search\CMOS\Project\STM32F10x_Redbull_Template\MDK-ARM\Project.uvproj
Project File Date:  07/18/2014

<h2>Output:</h2>
Build target 'STM3210E-RedBull'
compiling main.c...
compiling stm32_redbull.c...
linking...
Program Size: Code=1684 RO-data=380 RW-data=48 ZI-data=1040  
".\STM3210E-RedBull\STM3210E-RedBull.axf" - 0 Error(s), 0 Warning(s).
Load "F:\\Study&Search\\CMOS\\Project\\STM32F10x_Redbull_Template\\MDK-ARM\\STM3210E-RedBull\\STM3210E-RedBull.axf" 
Set JLink Project File to "F:\Study&Search\CMOS\Project\STM32F10x_Redbull_Template\MDK-ARM\JLinkSettings.ini"
* JLink Info: Device "STM32F103ZE" selected (512 KB flash, 64 KB RAM).
 
JLink info:
------------
DLL: V4.76d, compiled Sep 13 2013 16:35:06
Firmware: J-Link ARM V8 compiled Nov 25 2013 19:20:08
Hardware: V8.00
S/N : 68000019 
Feature(s) : RDI, FlashDL, FlashBP, JFlash, GDBFull 
 
* JLink Info: TotalIRLen = 9, IRPrint = 0x0011
* JLink Info: TotalIRLen = 9, IRPrint = 0x0011
* JLink Info: Found Cortex-M3 r1p1, Little endian.
* JLink Info: FPUnit: 6 code (BP) slots and 2 literal slots
* JLink Info: TPIU fitted.
* JLink Info: ETM fitted.
ROMTableAddr = 0xE00FF003
* JLink Info: Found Cortex-M3 r1p1, Little endian.
 
Target info:
------------
Device: STM32F103ZE
VTarget = 3.358V
State of Pins: 
TCK: 1, TDI: 0, TDO: 1, TMS: 0, TRES: 1, TRST: 1
Hardware-Breakpoints: 0
Software-Breakpoints: 8192
Watchpoints:          0
JTAG speed: 2000 kHz
 
Erase Done.
Programming Done.
Verify OK.
* JLink Info: Found Cortex-M3 r1p1, Little endian.
Application running ...
</pre>
</body>
</html>
 Little endian.
 
Target info:
------------
Device: STM32F103ZE
VTarget = 3.371V
State of Pins: 
TCK: 1, TDI: 0, TDO: 1, TMS: 0, TRES: 1, TRST: 1
Hardware-Breakpoints: 0
Software-Breakpoints: 8192
Watchpoints:          0
JTAG speed: 2000 kHz
 
Erase Done.
Programming Done.
Verify OK.
* JLink Info: Found Cortex-M3 r1p1, Little endian.
Application running ...
OM1_RX_GPIO_PORT" is undefined
  GPIO_TypeDef* COM_RX_PORT[COMn] = {EVAL_COM1_RX_GPIO_PORT, EVAL_COM2_RX_GPIO_PORT};
..\..\..\Utilities\STM32_RedBull\stm32_redbull.c(87): error:  #20: identifier "EVAL_COM2_RX_GPIO_PORT" is undefined
  GPIO_TypeDef* COM_RX_PORT[COMn] = {EVAL_COM1_RX_GPIO_PORT, EVAL_COM2_RX_GPIO_PORT};
..\..\..\Utilities\STM32_RedBull\stm32_redbull.c(89): error:  #20: identifier "EVAL_COM1_CLK" is undefined
  const uint32_t COM_USART_CLK[COMn] = {EVAL_COM1_CLK, EVAL_COM2_CLK};
..\..\..\Utilities\STM32_RedBull\stm32_redbull.c(89): error:  #20: identifier "EVAL_COM2_CLK" is undefined
  const uint32_t COM_USART_CLK[COMn] = {EVAL_COM1_CLK, EVAL_COM2_CLK};
..\..\..\Utilities\STM32_RedBull\stm32_redbull.c(91): error:  #20: identifier "EVAL_COM1_TX_GPIO_CLK" is undefined
  const uint32_t COM_TX_PORT_CLK[COMn] = {EVAL_COM1_TX_GPIO_CLK, EVAL_COM2_TX_GPIO_CLK};
..\..\..\Utilities\STM32_RedBull\stm32_redbull.c(91): error:  #20: identifier "EVAL_COM2_TX_GPIO_CLK" is undefined
  const uint32_t COM_TX_PORT_CLK[COMn] = {EVAL_COM1_TX_GPIO_CLK, EVAL_COM2_TX_GPIO_CLK};
..\..\..\Utilities\STM32_RedBull\stm32_redbull.c(93): error:  #20: identifier "EVAL_COM1_RX_GPIO_CLK" is undefined
  const uint32_t COM_RX_PORT_CLK[COMn] = {EVAL_COM1_RX_GPIO_CLK, EVAL_COM2_RX_GPIO_CLK};
..\..\..\Utilities\STM32_RedBull\stm32_redbull.c(93): error:  #20: identifier "EVAL_COM2_RX_GPIO_CLK" is undefined
  const uint32_t COM_RX_PORT_CLK[COMn] = {EVAL_COM1_RX_GPIO_CLK, EVAL_COM2_RX_GPIO_CLK};
..\..\..\Utilities\STM32_RedBull\stm32_redbull.c(95): error:  #20: identifier "EVAL_COM1_TX_PIN" is undefined
  const uint16_t COM_TX_PIN[COMn] = {EVAL_COM1_TX_PIN, EVAL_COM2_TX_PIN};
..\..\..\Utilities\STM32_RedBull\stm32_redbull.c(95): error:  #20: identifier "EVAL_COM2_TX_PIN" is undefined
  const uint16_t COM_TX_PIN[COMn] = {EVAL_COM1_TX_PIN, EVAL_COM2_TX_PIN};
..\..\..\Utilities\STM32_RedBull\stm32_redbull.c(97): error:  #20: identifier "EVAL_COM1_RX_PIN" is undefined
  const uint16_t COM_RX_PIN[COMn] = {EVAL_COM1_RX_PIN, EVAL_COM2_RX_PIN};
..\..\..\Utilities\STM32_RedBull\stm32_redbull.c(97): error:  #20: identifier "EVAL_COM2_RX_PIN" is undefined
  const uint16_t COM_RX_PIN[COMn] = {EVAL_COM1_RX_PIN, EVAL_COM2_RX_PIN};
..\..\..\Utilities\STM32_RedBull\stm32_redbull.c: 0 warnings, 16 errors
assembling startup_stm32f10x_hd.s...
".\STM3210E-RedBull\STM3210E-RedBull.axf" - 16 Error(s), 1 Warning(s).
Target not created
